Archive member included to satisfy reference by file (symbol)

../Middlewares/ST/AI/Lib\NetworkRuntime910_CM7_GCC.a(ai_platform.o)
                              ./X-CUBE-AI/App/network.o (ai_buffer_array_item_set_address)
../Middlewares/ST/AI/Lib\NetworkRuntime910_CM7_GCC.a(ai_platform_interface.o)
                              ./X-CUBE-AI/App/network.o (ai_platform_get_weights_map)
../Middlewares/ST/AI/Lib\NetworkRuntime910_CM7_GCC.a(core_common.o)
                              ../Middlewares/ST/AI/Lib\NetworkRuntime910_CM7_GCC.a(ai_platform_interface.o) (core_init)
../Middlewares/ST/AI/Lib\NetworkRuntime910_CM7_GCC.a(core_mem_manager.o)
                              ../Middlewares/ST/AI/Lib\NetworkRuntime910_CM7_GCC.a(ai_platform_interface.o) (core_mem_alloc)
../Middlewares/ST/AI/Lib\NetworkRuntime910_CM7_GCC.a(layers.o)
                              ../Middlewares/ST/AI/Lib\NetworkRuntime910_CM7_GCC.a(ai_platform_interface.o) (ai_check_custom_types)
../Middlewares/ST/AI/Lib\NetworkRuntime910_CM7_GCC.a(layers_conv2d_sssa8_ch.o)
                              ./X-CUBE-AI/App/network.o (forward_conv2d_sssa8_ch_nl_pool)
../Middlewares/ST/AI/Lib\NetworkRuntime910_CM7_GCC.a(layers_conv2d_stm32_integer.o)
                              ./X-CUBE-AI/App/network.o (forward_dense_integer_SSSA_ch)
../Middlewares/ST/AI/Lib\NetworkRuntime910_CM7_GCC.a(layers_nl_stm32_integer.o)
                              ./X-CUBE-AI/App/network.o (forward_sm_integer)
../Middlewares/ST/AI/Lib\NetworkRuntime910_CM7_GCC.a(layers_pool_stm32_integer.o)
                              ./X-CUBE-AI/App/network.o (pool_func_mp_array_integer_INT8)
../Middlewares/ST/AI/Lib\NetworkRuntime910_CM7_GCC.a(layers_conv2d_integer_scratch.o)
                              ../Middlewares/ST/AI/Lib\NetworkRuntime910_CM7_GCC.a(layers.o) (get_conv2d_scratch_size)
../Middlewares/ST/AI/Lib\NetworkRuntime910_CM7_GCC.a(forward_lite_dense_is8os8ws8.o)
                              ../Middlewares/ST/AI/Lib\NetworkRuntime910_CM7_GCC.a(layers_conv2d_stm32_integer.o) (forward_lite_dense_is8os8ws8)
../Middlewares/ST/AI/Lib\NetworkRuntime910_CM7_GCC.a(forward_lite_maxpool_is8os8_scalepos.o)
                              ../Middlewares/ST/AI/Lib\NetworkRuntime910_CM7_GCC.a(layers_pool_stm32_integer.o) (forward_lite_maxpool_is8os8_scalepos)
../Middlewares/ST/AI/Lib\NetworkRuntime910_CM7_GCC.a(forward_lite_avepool_is8os8.o)
                              ../Middlewares/ST/AI/Lib\NetworkRuntime910_CM7_GCC.a(layers_pool_stm32_integer.o) (forward_lite_avepool_is8os8)
../Middlewares/ST/AI/Lib\NetworkRuntime910_CM7_GCC.a(forward_lite_conv2d_sssa8_ch.o)
                              ../Middlewares/ST/AI/Lib\NetworkRuntime910_CM7_GCC.a(layers_conv2d_sssa8_ch.o) (forward_lite_conv2d_dilated_sssa8_ch)
../Middlewares/ST/AI/Lib\NetworkRuntime910_CM7_GCC.a(forward_lite_maxpool_is16os16.o)
                              ../Middlewares/ST/AI/Lib\NetworkRuntime910_CM7_GCC.a(layers_pool_stm32_integer.o) (forward_lite_maxpool_is16os16_scalepos)
../Middlewares/ST/AI/Lib\NetworkRuntime910_CM7_GCC.a(forward_lite_maxpool_is8os8.o)
                              ../Middlewares/ST/AI/Lib\NetworkRuntime910_CM7_GCC.a(layers_pool_stm32_integer.o) (forward_lite_maxpool_is8os8_scaleneg)
../Middlewares/ST/AI/Lib\NetworkRuntime910_CM7_GCC.a(forward_lite_maxpool_iu16ou16.o)
                              ../Middlewares/ST/AI/Lib\NetworkRuntime910_CM7_GCC.a(layers_pool_stm32_integer.o) (forward_lite_maxpool_iu16ou16_scalepos)
../Middlewares/ST/AI/Lib\NetworkRuntime910_CM7_GCC.a(forward_lite_maxpool_iu8ou8.o)
                              ../Middlewares/ST/AI/Lib\NetworkRuntime910_CM7_GCC.a(layers_pool_stm32_integer.o) (forward_lite_maxpool_iu8ou8_scalepos)
../Middlewares/ST/AI/Lib\NetworkRuntime910_CM7_GCC.a(lite_nl_generic_integer.o)
                              ../Middlewares/ST/AI/Lib\NetworkRuntime910_CM7_GCC.a(layers_nl_stm32_integer.o) (forward_lite_nl_softmax_is8os8)
../Middlewares/ST/AI/Lib\NetworkRuntime910_CM7_GCC.a(st_align_factor.o)
                              ../Middlewares/ST/AI/Lib\NetworkRuntime910_CM7_GCC.a(layers_conv2d_stm32_integer.o) (align_factor)
../Middlewares/ST/AI/Lib\NetworkRuntime910_CM7_GCC.a(st_int8_to16_no_shift.o)
                              ../Middlewares/ST/AI/Lib\NetworkRuntime910_CM7_GCC.a(forward_lite_conv2d_sssa8_ch.o) (st_int8_to16_no_shift)
../Middlewares/ST/AI/Lib\NetworkRuntime910_CM7_GCC.a(st_padding_opt.o)
                              ../Middlewares/ST/AI/Lib\NetworkRuntime910_CM7_GCC.a(forward_lite_conv2d_sssa8_ch.o) (ai_padding_opt_init)
../Middlewares/ST/AI/Lib\NetworkRuntime910_CM7_GCC.a(st_int8_pool.o)
                              ../Middlewares/ST/AI/Lib\NetworkRuntime910_CM7_GCC.a(forward_lite_avepool_is8os8.o) (st_int8_avepool)
../Middlewares/ST/AI/Lib\NetworkRuntime910_CM7_GCC.a(st_uint8_pool.o)
                              ../Middlewares/ST/AI/Lib\NetworkRuntime910_CM7_GCC.a(layers_pool_stm32_integer.o) (st_uint8_avepool)
[...]
Memory Configuration

Name             Origin             Length             Attributes
RAM              0x20000000         0x00080000         xrw
FLASH            0x08000000         0x00200000         xr
*default*        0x00000000         0xffffffff

Linker script and memory map

LOAD C:/ST/STM32CubeIDE_1.13.0/STM32CubeIDE/plugins/com.st.stm32cube.ide.mcu.externaltools.gnu-tools-for-stm32.12.3.rel1.win32_1.1.0.202410251130/tools/bin/../lib/gcc/arm-none-eabi/12.3.1/thumb/v7e-m+dp/hard/crti.o
LOAD C:/ST/STM32CubeIDE_1.13.0/STM32CubeIDE/plugins/com.st.stm32cube.ide.mcu.externaltools.gnu-tools-for-stm32.12.3.rel1.win32_1.1.0.202410251130/tools/bin/../lib/gcc/arm-none-eabi/12.3.1/thumb/v7e-m+dp/hard/crtbegin.o
LOAD C:/ST/STM32CubeIDE_1.13.0/STM32CubeIDE/plugins/com.st.stm32cube.ide.mcu.externaltools.gnu-tools-for-stm32.12.3.rel1.win32_1.1.0.202410251130/tools/bin/../lib/gcc/arm-none-eabi/12.3.1/../../../../arm-none-eabi/lib/thumb/v7e-m+dp/hard/crt0.o
LOAD ./Core/Src/main.o
LOAD ./Core/Src/stm32f7xx_hal_msp.o
LOAD ./Core/Src/stm32f7xx_it.o
LOAD ./Core/Src/sysmem.o
LOAD ./Core/Src/system_stm32f7xx.o
LOAD ./Core/Startup/startup_stm32f767zitx.o
LOAD ./Drivers/STM32F7xx_HAL_Driver/Src/stm32f7xx_hal.o
LOAD ./Drivers/STM32F7xx_HAL_Driver/Src/stm32f7xx_hal_cortex.o
LOAD ./Drivers/STM32F7xx_HAL_Driver/Src/stm32f7xx_hal_dma.o
LOAD ./Drivers/STM32F7xx_HAL_Driver/Src/stm32f7xx_hal_dma_ex.o
LOAD ./Drivers/STM32F7xx_HAL_Driver/Src/stm32f7xx_hal_exti.o
LOAD ./Drivers/STM32F7xx_HAL_Driver/Src/stm32f7xx_hal_flash.o
LOAD ./Drivers/STM32F7xx_HAL_Driver/Src/stm32f7xx_hal_flash_ex.o
LOAD ./Drivers/STM32F7xx_HAL_Driver/Src/stm32f7xx_hal_gpio.o
LOAD ./Drivers/STM32F7xx_HAL_Driver/Src/stm32f7xx_hal_i2c.o
LOAD ./Drivers/STM32F7xx_HAL_Driver/Src/stm32f7xx_hal_i2c_ex.o
LOAD ./Drivers/STM32F7xx_HAL_Driver/Src/stm32f7xx_hal_pwr.o
LOAD ./Drivers/STM32F7xx_HAL_Driver/Src/stm32f7xx_hal_pwr_ex.o
LOAD ./Drivers/STM32F7xx_HAL_Driver/Src/stm32f7xx_hal_rcc.o
LOAD ./Drivers/STM32F7xx_HAL_Driver/Src/stm32f7xx_hal_rcc_ex.o
LOAD ./Drivers/STM32F7xx_HAL_Driver/Src/stm32f7xx_hal_uart.o
LOAD ./Drivers/STM32F7xx_HAL_Driver/Src/stm32f7xx_hal_uart_ex.o
LOAD ./X-CUBE-AI/App/app_x-cube-ai.o
LOAD ./X-CUBE-AI/App/network.o
LOAD ./X-CUBE-AI/App/network_data.o
LOAD ./X-CUBE-AI/App/network_data_params.o
LOAD ../Middlewares/ST/AI/Lib\NetworkRuntime910_CM7_GCC.a
START GROUP
LOAD C:/ST/STM32CubeIDE_1.13.0/STM32CubeIDE/plugins/com.st.stm32cube.ide.mcu.externaltools.gnu-tools-for-stm32.12.3.rel1.win32_1.1.0.202410251130/tools/bin/../lib/gcc/arm-none-eabi/12.3.1/../../../../arm-none-eabi/lib/thumb/v7e-m+dp/hard\libc_nano.a
LOAD C:/ST/STM32CubeIDE_1.13.0/STM32CubeIDE/plugins/com.st.stm32cube.ide.mcu.externaltools.gnu-tools-for-stm32.12.3.rel1.win32_1.1.0.202410251130/tools/bin/../lib/gcc/arm-none-eabi/12.3.1/../../../../arm-none-eabi/lib/thumb/v7e-m+dp/hard\libm.a
END GROUP
START GROUP
LOAD C:/ST/STM32CubeIDE_1.13.0/STM32CubeIDE/plugins/com.st.stm32cube.ide.mcu.externaltools.gnu-tools-for-stm32.12.3.rel1.win32_1.1.0.202410251130/tools/bin/../lib/gcc/arm-none-eabi/12.3.1/thumb/v7e-m+dp/hard\libgcc.a
LOAD C:/ST/STM32CubeIDE_1.13.0/STM32CubeIDE/plugins/com.st.stm32cube.ide.mcu.externaltools.gnu-tools-for-stm32.12.3.rel1.win32_1.1.0.202410251130/tools/bin/../lib/gcc/arm-none-eabi/12.3.1/../../../../arm-none-eabi/lib/thumb/v7e-m+dp/hard\libc_nano.a
END GROUP
START GROUP
LOAD C:/ST/STM32CubeIDE_1.13.0/STM32CubeIDE/plugins/com.st.stm32cube.ide.mcu.externaltools.gnu-tools-for-stm32.12.3.rel1.win32_1.1.0.202410251130/tools/bin/../lib/gcc/arm-none-eabi/12.3.1/thumb/v7e-m+dp/hard\libgcc.a
LOAD C:/ST/STM32CubeIDE_1.13.0/STM32CubeIDE/plugins/com.st.stm32cube.ide.mcu.externaltools.gnu-tools-for-stm32.12.3.rel1.win32_1.1.0.202410251130/tools/bin/../lib/gcc/arm-none-eabi/12.3.1/../../../../arm-none-eabi/lib/thumb/v7e-m+dp/hard\libc_nano.a
LOAD C:/ST/STM32CubeIDE_1.13.0/STM32CubeIDE/plugins/com.st.stm32cube.ide.mcu.externaltools.gnu-tools-for-stm32.12.3.rel1.win32_1.1.0.202410251130/tools/bin/../lib/gcc/arm-none-eabi/12.3.1/../../../../arm-none-eabi/lib/thumb/v7e-m+dp/hard\libnosys.a
END GROUP
START GROUP
LOAD C:/ST/STM32CubeIDE_1.13.0/STM32CubeIDE/plugins/com.st.stm32cube.ide.mcu.externaltools.gnu-tools-for-stm32.12.3.rel1.win32_1.1.0.202410251130/tools/bin/../lib/gcc/arm-none-eabi/12.3.1/thumb/v7e-m+dp/hard\libgcc.a
LOAD C:/ST/STM32CubeIDE_1.13.0/STM32CubeIDE/plugins/com.st.stm32cube.ide.mcu.externaltools.gnu-tools-for-stm32.12.3.rel1.win32_1.1.0.202410251130/tools/bin/../lib/gcc/arm-none-eabi/12.3.1/../../../../arm-none-eabi/lib/thumb/v7e-m+dp/hard\libc_nano.a
LOAD C:/ST/STM32CubeIDE_1.13.0/STM32CubeIDE/plugins/com.st.stm32cube.ide.mcu.externaltools.gnu-tools-for-stm32.12.3.rel1.win32_1.1.0.202410251130/tools/bin/../lib/gcc/arm-none-eabi/12.3.1/../../../../arm-none-eabi/lib/thumb/v7e-m+dp/hard\libnosys.a
END GROUP
LOAD C:/ST/STM32CubeIDE_1.13.0/STM32CubeIDE/plugins/com.st.stm32cube.ide.mcu.externaltools.gnu-tools-for-stm32.12.3.rel1.win32_1.1.0.202410251130/tools/bin/../lib/gcc/arm-none-eabi/12.3.1/thumb/v7e-m+dp/hard/crtend.o
LOAD C:/ST/STM32CubeIDE_1.13.0/STM32CubeIDE/plugins/com.st.stm32cube.ide.mcu.externaltools.gnu-tools-for-stm32.12.3.rel1.win32_1.1.0.202410251130/tools/bin/../lib/gcc/arm-none-eabi/12.3.1/thumb/v7e-m+dp/hard/crtn.o
                0x20080000                        _estack = (ORIGIN (RAM) + LENGTH (RAM))
                0x00000800                        _Min_Heap_Size = 0x800
                0x00000800                        _Min_Stack_Size = 0x800

.isr_vector     0x08000000      0x1f8
                0x08000000                        . = ALIGN (0x4)
 *(.isr_vector)
 .isr_vector    0x08000000      0x1f8 ./Core/Startup/startup_stm32f767zitx.o
                0x08000000                g_pfnVectors
                0x080001f8                        . = ALIGN (0x4)

.text           0x08000200     0x9c60
                0x08000200                        . = ALIGN (0x4)
 *(.text)
 .text          0x08000200       0x40 C:/ST/STM32CubeIDE_1.13.0/STM32CubeIDE/plugins/com.st.stm32cube.ide.mcu.externaltools.gnu-tools-for-stm32.12.3.rel1.win32_1.1.0.202410251130/tools/bin/../lib/gcc/arm-none-eabi/12.3.1/thumb/v7e-m+dp/hard/crtbegin.o
 .text          0x08000240       0xa0 C:/ST/STM32CubeIDE_1.13.0/STM32CubeIDE/plugins/com.st.stm32cube.ide.mcu.externaltools.gnu-tools-for-stm32.12.3.rel1.win32_1.1.0.202410251130/tools/bin/../lib/gcc/arm-none-eabi/12.3.1/../../../../arm-none-eabi/lib/thumb/v7e-m+dp/hard\libc_nano.a(libc_a-memchr.o)
                0x08000240                memchr
 .text          0x080002e0       0x30 C:/ST/STM32CubeIDE_1.13.0/STM32CubeIDE/plugins/com.st.stm32cube.ide.mcu.externaltools.gnu-tools-for-stm32.12.3.rel1.win32_1.1.0.202410251130/tools/bin/../lib/gcc/arm-none-eabi/12.3.1/thumb/v7e-m+dp/hard\libgcc.a(_aeabi_uldivmod.o)
                0x080002e0                __aeabi_uldivmod
 .text          0x08000310      0x2bc C:/ST/STM32CubeIDE_1.13.0/STM32CubeIDE/plugins/com.st.stm32cube.ide.mcu.externaltools.gnu-tools-for-stm32.12.3.rel1.win32_1.1.0.202410251130/tools/bin/../lib/gcc/arm-none-eabi/12.3.1/thumb/v7e-m+dp/hard\libgcc.a(_udivmoddi4.o)
                0x08000310                __udivmoddi4
 .text          0x080005cc        0x4 C:/ST/STM32CubeIDE_1.13.0/STM32CubeIDE/plugins/com.st.stm32cube.ide.mcu.externaltools.gnu-tools-for-stm32.12.3.rel1.win32_1.1.0.202410251130/tools/bin/../lib/gcc/arm-none-eabi/12.3.1/thumb/v7e-m+dp/hard\libgcc.a(_dvmd_tls.o)
                0x080005cc                __aeabi_idiv0
                0x080005cc                __aeabi_ldiv0
 *(.text*)
 .text.SCB_EnableICache
                0x080005d0       0x4c ./Core/Src/main.o
 .text.SCB_EnableDCache
                0x0800061c       0x88 ./Core/Src/main.o
 .text.main     0x080006a4       0x78 ./Core/Src/main.o
                0x080006a4                main
 .text.SystemClock_Config
                0x0800071c       0xdc ./Core/Src/main.o
                0x0800071c                SystemClock_Config
 .text.MX_USART3_UART_Init
                0x080007f8       0x60 ./Core/Src/main.o
                0x080007f8                MX_USART3_UART_Init
 .text.MX_GPIO_Init
                0x08000858      0x208 ./Core/Src/main.o
 .text.Error_Handler
                0x08000a60        0xc ./Core/Src/main.o
                0x08000a60                Error_Handler
 .text.HAL_MspInit
                0x08000a6c       0x48 ./Core/Src/stm32f7xx_hal_msp.o
                0x08000a6c                HAL_MspInit
 .text.HAL_UART_MspInit
                0x08000ab4       0xec ./Core/Src/stm32f7xx_hal_msp.o
                0x08000ab4                HAL_UART_MspInit
 .text.NMI_Handler
                0x08000ba0        0x8 ./Core/Src/stm32f7xx_it.o
                0x08000ba0                NMI_Handler
 .text.HardFault_Handler
                0x08000ba8        0x8 ./Core/Src/stm32f7xx_it.o
                0x08000ba8                HardFault_Handler
 .text.MemManage_Handler
                0x08000bb0        0x8 ./Core/Src/stm32f7xx_it.o
                0x08000bb0                MemManage_Handler
 .text.BusFault_Handler
                0x08000bb8        0x8 ./Core/Src/stm32f7xx_it.o
                0x08000bb8                BusFault_Handler
 .text.UsageFault_Handler
                0x08000bc0        0x8 ./Core/Src/stm32f7xx_it.o
                0x08000bc0                UsageFault_Handler
 .text.SVC_Handler
                0x08000bc8        0xe ./Core/Src/stm32f7xx_it.o
                0x08000bc8                SVC_Handler
 .text.DebugMon_Handler
                0x08000bd6        0xe ./Core/Src/stm32f7xx_it.o
                0x08000bd6                DebugMon_Handler
 .text.PendSV_Handler
                0x08000be4        0xe ./Core/Src/stm32f7xx_it.o
                0x08000be4                PendSV_Handler
 .text.SysTick_Handler
                0x08000bf2        0xc ./Core/Src/stm32f7xx_it.o
                0x08000bf2                SysTick_Handler
 *fill*         0x08000bfe        0x2 
 .text._sbrk    0x08000c00       0x6c ./Core/Src/sysmem.o
                0x08000c00                _sbrk
 .text.SystemInit
                0x08000c6c       0x24 ./Core/Src/system_stm32f7xx.o
                0x08000c6c                SystemInit
 .text.Reset_Handler
                0x08000c90       0x50 ./Core/Startup/startup_stm32f767zitx.o
                0x08000c90                Reset_Handler
 .text.Default_Handler
                0x08000ce0        0x2 ./Core/Startup/startup_stm32f767zitx.o
                0x08000ce0                RTC_Alarm_IRQHandler
                0x08000ce0                EXTI2_IRQHandler
                0x08000ce0                TIM8_CC_IRQHandler
                0x08000ce0                UART8_IRQHandler
                0x08000ce0                SPI4_IRQHandler
                0x08000ce0                TIM1_CC_IRQHandler
                0x08000ce0                DMA2_Stream5_IRQHandler
                0x08000ce0                JPEG_IRQHandler
                0x08000ce0                DMA1_Stream5_IRQHandler
                0x08000ce0                CAN3_RX1_IRQHandler
                0x08000ce0                PVD_IRQHandler
                0x08000ce0                TAMP_STAMP_IRQHandler
                0x08000ce0                CAN2_RX1_IRQHandler
                0x08000ce0                EXTI3_IRQHandler
                0x08000ce0                TIM8_TRG_COM_TIM14_IRQHandler
                0x08000ce0                DFSDM1_FLT1_IRQHandler
                0x08000ce0                TIM1_UP_TIM10_IRQHandler
                0x08000ce0                TIM8_UP_TIM13_IRQHandler
                0x08000ce0                I2C3_ER_IRQHandler
                0x08000ce0                DFSDM1_FLT2_IRQHandler
                0x08000ce0                EXTI0_IRQHandler
                0x08000ce0                I2C2_EV_IRQHandler
                0x08000ce0                DMA1_Stream2_IRQHandler
                0x08000ce0                CAN1_RX0_IRQHandler
                0x08000ce0                FPU_IRQHandler
                0x08000ce0                OTG_HS_WKUP_IRQHandler
                0x08000ce0                CAN3_SCE_IRQHandler
                0x08000ce0                LTDC_ER_IRQHandler
                0x08000ce0                CAN2_SCE_IRQHandler
                0x08000ce0                DMA2_Stream2_IRQHandler
                0x08000ce0                SPI1_IRQHandler
                0x08000ce0                TIM6_DAC_IRQHandler
                0x08000ce0                TIM1_BRK_TIM9_IRQHandler
                0x08000ce0                DCMI_IRQHandler
                0x08000ce0                CAN2_RX0_IRQHandler
                0x08000ce0                DMA2_Stream3_IRQHandler
                0x08000ce0                SAI2_IRQHandler
                0x08000ce0                DFSDM1_FLT3_IRQHandler
                0x08000ce0                USART6_IRQHandler
                0x08000ce0                CAN3_RX0_IRQHandler
                0x08000ce0                USART3_IRQHandler
                0x08000ce0                CAN1_RX1_IRQHandler
                0x08000ce0                UART5_IRQHandler
                0x08000ce0                DMA2_Stream0_IRQHandler
                0x08000ce0                TIM4_IRQHandler
                0x08000ce0                QUADSPI_IRQHandler
                0x08000ce0                I2C1_EV_IRQHandler
                0x08000ce0                DMA1_Stream6_IRQHandler
                0x08000ce0                DMA1_Stream1_IRQHandler
                0x08000ce0                UART4_IRQHandler
                0x08000ce0                TIM3_IRQHandler
                0x08000ce0                RCC_IRQHandler
                0x08000ce0                TIM8_BRK_TIM12_IRQHandler
                0x08000ce0                Default_Handler
                0x08000ce0                CEC_IRQHandler
                0x08000ce0                EXTI15_10_IRQHandler
                0x08000ce0                ADC_IRQHandler
                0x08000ce0                DMA1_Stream7_IRQHandler
                0x08000ce0                SPI5_IRQHandler
                0x08000ce0                TIM7_IRQHandler
                0x08000ce0                SDMMC1_IRQHandler
                0x08000ce0                CAN2_TX_IRQHandler
                0x08000ce0                TIM5_IRQHandler
                0x08000ce0                DMA2_Stream7_IRQHandler
                0x08000ce0                I2C3_EV_IRQHandler
                0x08000ce0                EXTI9_5_IRQHandler
                0x08000ce0                RTC_WKUP_IRQHandler
                0x08000ce0                LTDC_IRQHandler
                0x08000ce0                ETH_WKUP_IRQHandler
                0x08000ce0                SPDIF_RX_IRQHandler
                0x08000ce0                SPI2_IRQHandler
                0x08000ce0                OTG_HS_EP1_IN_IRQHandler
                0x08000ce0                DMA1_Stream0_IRQHandler
                0x08000ce0                CAN1_TX_IRQHandler
                0x08000ce0                EXTI4_IRQHandler
                0x08000ce0                RNG_IRQHandler
                0x08000ce0                ETH_IRQHandler
                0x08000ce0                OTG_HS_EP1_OUT_IRQHandler
                0x08000ce0                WWDG_IRQHandler
                0x08000ce0                SPI6_IRQHandler
                0x08000ce0                MDIOS_IRQHandler
                0x08000ce0                I2C4_EV_IRQHandler
                0x08000ce0                CAN3_TX_IRQHandler
                0x08000ce0                TIM2_IRQHandler
                0x08000ce0                OTG_FS_WKUP_IRQHandler
                0x08000ce0                TIM1_TRG_COM_TIM11_IRQHandler
                0x08000ce0                OTG_HS_IRQHandler
                0x08000ce0                DMA2D_IRQHandler
                0x08000ce0                EXTI1_IRQHandler
                0x08000ce0                SDMMC2_IRQHandler
                0x08000ce0                UART7_IRQHandler
                0x08000ce0                USART2_IRQHandler
                0x08000ce0                DFSDM1_FLT0_IRQHandler
                0x08000ce0                I2C2_ER_IRQHandler
                0x08000ce0                DMA2_Stream1_IRQHandler
                0x08000ce0                CAN1_SCE_IRQHandler
                0x08000ce0                FLASH_IRQHandler
                0x08000ce0                DMA2_Stream4_IRQHandler
                0x08000ce0                USART1_IRQHandler
                0x08000ce0                OTG_FS_IRQHandler
                0x08000ce0                SPI3_IRQHandler
                0x08000ce0                DMA1_Stream4_IRQHandler
                0x08000ce0                I2C1_ER_IRQHandler
                0x08000ce0                FMC_IRQHandler
                0x08000ce0                LPTIM1_IRQHandler
                0x08000ce0                I2C4_ER_IRQHandler
                0x08000ce0                DMA2_Stream6_IRQHandler
                0x08000ce0                SAI1_IRQHandler
                0x08000ce0                DMA1_Stream3_IRQHandler
 .text.HAL_Init
                0x08000ce2       0x1a ./Drivers/STM32F7xx_HAL_Driver/Src/stm32f7xx_hal.o
                0x08000ce2                HAL_Init
 .text.HAL_InitTick
                0x08000cfc       0x60 ./Drivers/STM32F7xx_HAL_Driver/Src/stm32f7xx_hal.o
                0x08000cfc                HAL_InitTick
 .text.HAL_IncTick
                0x08000d5c       0x28 ./Drivers/STM32F7xx_HAL_Driver/Src/stm32f7xx_hal.o
                0x08000d5c                HAL_IncTick
 .text.HAL_GetTick
                0x08000d84       0x18 ./Drivers/STM32F7xx_HAL_Driver/Src/stm32f7xx_hal.o
                0x08000d84                HAL_GetTick
 .text.__NVIC_SetPriorityGrouping
                0x08000d9c       0x48 ./Drivers/STM32F7xx_HAL_Driver/Src/stm32f7xx_hal_cortex.o
 .text.__NVIC_GetPriorityGrouping
                0x08000de4       0x1c ./Drivers/STM32F7xx_HAL_Driver/Src/stm32f7xx_hal_cortex.o
 .text.__NVIC_SetPriority
                0x08000e00       0x54 ./Drivers/STM32F7xx_HAL_Driver/Src/stm32f7xx_hal_cortex.o
 .text.NVIC_EncodePriority
                0x08000e54       0x66 ./Drivers/STM32F7xx_HAL_Driver/Src/stm32f7xx_hal_cortex.o
 *fill*         0x08000eba        0x2 
 .text.SysTick_Config
                0x08000ebc       0x44 ./Drivers/STM32F7xx_HAL_Driver/Src/stm32f7xx_hal_cortex.o
 .text.HAL_NVIC_SetPriorityGrouping
                0x08000f00       0x16 ./Drivers/STM32F7xx_HAL_Driver/Src/stm32f7xx_hal_cortex.o
                0x08000f00                HAL_NVIC_SetPriorityGrouping
 .text.HAL_NVIC_SetPriority
                0x08000f16       0x38 ./Drivers/STM32F7xx_HAL_Driver/Src/stm32f7xx_hal_cortex.o
                0x08000f16                HAL_NVIC_SetPriority
 .text.HAL_SYSTICK_Config
                0x08000f4e       0x18 ./Drivers/STM32F7xx_HAL_Driver/Src/stm32f7xx_hal_cortex.o
                0x08000f4e                HAL_SYSTICK_Config
 *fill*         0x08000f66        0x2 
 .text.HAL_GPIO_Init
                0x08000f68      0x358 ./Drivers/STM32F7xx_HAL_Driver/Src/stm32f7xx_hal_gpio.o
                0x08000f68                HAL_GPIO_Init
 .text.HAL_GPIO_WritePin
                0x080012c0       0x32 ./Drivers/STM32F7xx_HAL_Driver/Src/stm32f7xx_hal_gpio.o
                0x080012c0                HAL_GPIO_WritePin
 *fill*         0x080012f2        0x2 
 .text.HAL_PWREx_EnableOverDrive
                0x080012f4       0xa0 ./Drivers/STM32F7xx_HAL_Driver/Src/stm32f7xx_hal_pwr_ex.o
                0x080012f4                HAL_PWREx_EnableOverDrive
 .text.HAL_RCC_OscConfig
                0x08001394      0x55c ./Drivers/STM32F7xx_HAL_Driver/Src/stm32f7xx_hal_rcc.o
                0x08001394                HAL_RCC_OscConfig
 .text.HAL_RCC_ClockConfig
                0x080018f0      0x1d8 ./Drivers/STM32F7xx_HAL_Driver/Src/stm32f7xx_hal_rcc.o
                0x080018f0                HAL_RCC_ClockConfig
 .text.HAL_RCC_GetSysClockFreq
                0x08001ac8      0x20c ./Drivers/STM32F7xx_HAL_Driver/Src/stm32f7xx_hal_rcc.o
                0x08001ac8                HAL_RCC_GetSysClockFreq
 .text.HAL_RCC_GetHCLKFreq
                0x08001cd4       0x18 ./Drivers/STM32F7xx_HAL_Driver/Src/stm32f7xx_hal_rcc.o
                0x08001cd4                HAL_RCC_GetHCLKFreq
 .text.HAL_RCC_GetPCLK1Freq
                0x08001cec       0x28 ./Drivers/STM32F7xx_HAL_Driver/Src/stm32f7xx_hal_rcc.o
                0x08001cec                HAL_RCC_GetPCLK1Freq
 .text.HAL_RCC_GetPCLK2Freq
                0x08001d14       0x28 ./Drivers/STM32F7xx_HAL_Driver/Src/stm32f7xx_hal_rcc.o
                0x08001d14                HAL_RCC_GetPCLK2Freq
 .text.HAL_RCCEx_PeriphCLKConfig
                0x08001d3c      0x850 ./Drivers/STM32F7xx_HAL_Driver/Src/stm32f7xx_hal_rcc_ex.o
                0x08001d3c                HAL_RCCEx_PeriphCLKConfig
 .text.HAL_UART_Init
                0x0800258c       0x9c ./Drivers/STM32F7xx_HAL_Driver/Src/stm32f7xx_hal_uart.o
                0x0800258c                HAL_UART_Init
 .text.HAL_UART_Transmit
                0x08002628      0x112 ./Drivers/STM32F7xx_HAL_Driver/Src/stm32f7xx_hal_uart.o
                0x08002628                HAL_UART_Transmit
 .text.HAL_UART_Receive
                0x0800273a      0x190 ./Drivers/STM32F7xx_HAL_Driver/Src/stm32f7xx_hal_uart.o
                0x0800273a                HAL_UART_Receive
 *fill*         0x080028ca        0x2 
 .text.UART_SetConfig
                0x080028cc      0x4c8 ./Drivers/STM32F7xx_HAL_Driver/Src/stm32f7xx_hal_uart.o
                0x080028cc                UART_SetConfig
 .text.UART_AdvFeatureConfig
                0x08002d94      0x144 ./Drivers/STM32F7xx_HAL_Driver/Src/stm32f7xx_hal_uart.o
                0x08002d94                UART_AdvFeatureConfig
 .text.UART_CheckIdleState
                0x08002ed8      0x150 ./Drivers/STM32F7xx_HAL_Driver/Src/stm32f7xx_hal_uart.o
                0x08002ed8                UART_CheckIdleState
 .text.UART_WaitOnFlagUntilTimeout
                0x08003028       0xda ./Drivers/STM32F7xx_HAL_Driver/Src/stm32f7xx_hal_uart.o
                0x08003028                UART_WaitOnFlagUntilTimeout
 .text.UART_EndRxTransfer
                0x08003102       0xc8 ./Drivers/STM32F7xx_HAL_Driver/Src/stm32f7xx_hal_uart.o
 *fill*         0x080031ca        0x2 
 .text.ai_log_err
                0x080031cc       0x44 ./X-CUBE-AI/App/app_x-cube-ai.o
 .text.ai_boostrap
                0x08003210       0xc8 ./X-CUBE-AI/App/app_x-cube-ai.o
 .text.ai_run   0x080032d8       0x54 ./X-CUBE-AI/App/app_x-cube-ai.o
 .text.acquire_and_process_data
                0x0800332c       0x60 ./X-CUBE-AI/App/app_x-cube-ai.o
                0x0800332c                acquire_and_process_data
 .text.post_process
                0x0800338c       0xf4 ./X-CUBE-AI/App/app_x-cube-ai.o
                0x0800338c                post_process
 .text.MX_X_CUBE_AI_Init
                0x08003480       0x1c ./X-CUBE-AI/App/app_x-cube-ai.o
                0x08003480                MX_X_CUBE_AI_Init
 .text.MX_X_CUBE_AI_Process
                0x0800349c       0x74 ./X-CUBE-AI/App/app_x-cube-ai.o
                0x0800349c                MX_X_CUBE_AI_Process
 .text.network_configure_activations
                0x08003510      0x188 ./X-CUBE-AI/App/network.o
 .text.network_configure_weights
                0x08003698      0x174 ./X-CUBE-AI/App/network.o
 .text.ai_network_get_error
                0x0800380c       0x18 ./X-CUBE-AI/App/network.o
                0x0800380c                ai_network_get_error
 .text.ai_network_create
                0x08003824       0x2c ./X-CUBE-AI/App/network.o
                0x08003824                ai_network_create
 .text.ai_network_create_and_init
                0x08003850       0xfc ./X-CUBE-AI/App/network.o
                0x08003850                ai_network_create_and_init
 .text.ai_network_inputs_get
                0x0800394c       0x34 ./X-CUBE-AI/App/network.o
                0x0800394c                ai_network_inputs_get
 .text.ai_network_outputs_get
                0x08003980       0x34 ./X-CUBE-AI/App/network.o
                0x08003980                ai_network_outputs_get
 .text.ai_network_init
                0x080039b4       0x78 ./X-CUBE-AI/App/network.o
                0x080039b4                ai_network_init
 .text.ai_network_run
                0x08003a2c       0x20 ./X-CUBE-AI/App/network.o
                0x08003a2c                ai_network_run
 .text.ai_network_data_params_get
                0x08003a4c       0x50 ./X-CUBE-AI/App/network_data.o
                0x08003a4c                ai_network_data_params_get
 .text.ai_buffer_get_size
                0x08003a9c       0x68 ../Middlewares/ST/AI/Lib\NetworkRuntime910_CM7_GCC.a(ai_platform.o)
                0x08003a9c                ai_buffer_get_size
 .text.ai_buffer_array_sane
                0x08003b04       0x14 ../Middlewares/ST/AI/Lib\NetworkRuntime910_CM7_GCC.a(ai_platform.o)
                0x08003b04                ai_buffer_array_sane
 .text.ai_buffer_array_item_set_address
                0x08003b18       0x20 ../Middlewares/ST/AI/Lib\NetworkRuntime910_CM7_GCC.a(ai_platform.o)
                0x08003b18                ai_buffer_array_item_set_address
 .text.ai_platform_get_weights_map
                0x08003b38       0xb0 ../Middlewares/ST/AI/Lib\NetworkRuntime910_CM7_GCC.a(ai_platform_interface.o)
                0x08003b38                ai_platform_get_weights_map
 .text.ai_platform_get_activations_map
                0x08003be8       0xb0 ../Middlewares/ST/AI/Lib\NetworkRuntime910_CM7_GCC.a(ai_platform_interface.o)
                0x08003be8                ai_platform_get_activations_map
 .text.ai_platform_bind_network_params
                0x08003c98       0x34 ../Middlewares/ST/AI/Lib\NetworkRuntime910_CM7_GCC.a(ai_platform_interface.o)
                0x08003c98                ai_platform_bind_network_params
 .text.ai_platform_network_get_error
                0x08003ccc       0x18 ../Middlewares/ST/AI/Lib\NetworkRuntime910_CM7_GCC.a(ai_platform_interface.o)
                0x08003ccc                ai_platform_network_get_error
 .text.ai_platform_network_set_error
                0x08003ce4        0xc ../Middlewares/ST/AI/Lib\NetworkRuntime910_CM7_GCC.a(ai_platform_interface.o)
                0x08003ce4                ai_platform_network_set_error
 .text.ai_platform_inputs_get
                0x08003cf0       0xf0 ../Middlewares/ST/AI/Lib\NetworkRuntime910_CM7_GCC.a(ai_platform_interface.o)
                0x08003cf0                ai_platform_inputs_get
 .text.ai_platform_outputs_get
                0x08003de0       0xec ../Middlewares/ST/AI/Lib\NetworkRuntime910_CM7_GCC.a(ai_platform_interface.o)
                0x08003de0                ai_platform_outputs_get
 .text.ai_platform_network_create
                0x08003ecc       0x84 ../Middlewares/ST/AI/Lib\NetworkRuntime910_CM7_GCC.a(ai_platform_interface.o)
                0x08003ecc                ai_platform_network_create
 .text.ai_platform_network_init
                0x08003f50      0x180 ../Middlewares/ST/AI/Lib\NetworkRuntime910_CM7_GCC.a(ai_platform_interface.o)
                0x08003f50                ai_platform_network_init
 .text.ai_platform_network_post_init
                0x080040d0       0x60 ../Middlewares/ST/AI/Lib\NetworkRuntime910_CM7_GCC.a(ai_platform_interface.o)
                0x080040d0                ai_platform_network_post_init
 .text.ai_platform_network_process
                0x08004130      0x48c ../Middlewares/ST/AI/Lib\NetworkRuntime910_CM7_GCC.a(ai_platform_interface.o)
                0x08004130                ai_platform_network_process
 .text.core_init
                0x080045bc        0x4 ../Middlewares/ST/AI/Lib\NetworkRuntime910_CM7_GCC.a(core_common.o)
                0x080045bc                core_init
 .text.core_get_error
                0x080045c0        0xc ../Middlewares/ST/AI/Lib\NetworkRuntime910_CM7_GCC.a(core_common.o)
                0x080045c0                core_get_error
 .text.core_set_error
                0x080045cc       0x18 ../Middlewares/ST/AI/Lib\NetworkRuntime910_CM7_GCC.a(core_common.o)
                0x080045cc                core_set_error
 .text.ai_check_custom_types
                0x080045e4       0x50 ../Middlewares/ST/AI/Lib\NetworkRuntime910_CM7_GCC.a(layers.o)
                0x080045e4                ai_check_custom_types
 .text.ai_layers_init_all
                0x08004634       0x1c ../Middlewares/ST/AI/Lib\NetworkRuntime910_CM7_GCC.a(layers.o)
                0x08004634                ai_layers_init_all
 .text.ai_layers_post_init_all
                0x08004650       0x28 ../Middlewares/ST/AI/Lib\NetworkRuntime910_CM7_GCC.a(layers.o)
                0x08004650                ai_layers_post_init_all
 .text.ai_layers_forward_all
                0x08004678       0x90 ../Middlewares/ST/AI/Lib\NetworkRuntime910_CM7_GCC.a(layers.o)
                0x08004678                ai_layers_forward_all
 .text.func_dummy
                0x08004708        0x4 ../Middlewares/ST/AI/Lib\NetworkRuntime910_CM7_GCC.a(layers_conv2d_sssa8_ch.o)
 .text.forward_conv2d_sssa8_ch_nl_pool
                0x0800470c      0x52c ../Middlewares/ST/AI/Lib\NetworkRuntime910_CM7_GCC.a(layers_conv2d_sssa8_ch.o)
                0x0800470c                forward_conv2d_sssa8_ch_nl_pool
 .text.forward_dense_integer_SSSA_ch
                0x08004c38      0x2b4 ../Middlewares/ST/AI/Lib\NetworkRuntime910_CM7_GCC.a(layers_conv2d_stm32_integer.o)
                0x08004c38                forward_dense_integer_SSSA_ch
 .text.forward_sm_integer
                0x08004eec       0xb8 ../Middlewares/ST/AI/Lib\NetworkRuntime910_CM7_GCC.a(layers_nl_stm32_integer.o)
                0x08004eec                forward_sm_integer
 .text.pool_func_mp_array_integer_INT8
                0x08004fa4      0x1d8 ../Middlewares/ST/AI/Lib\NetworkRuntime910_CM7_GCC.a(layers_pool_stm32_integer.o)
                0x08004fa4                pool_func_mp_array_integer_INT8
 .text.forward_lite_maxpool_is8os8_scalepos
                0x0800517c      0x1c4 ../Middlewares/ST/AI/Lib\NetworkRuntime910_CM7_GCC.a(forward_lite_maxpool_is8os8_scalepos.o)
                0x0800517c                forward_lite_maxpool_is8os8_scalepos
 .text.forward_lite_conv2d_sssa8_ch
                0x08005340      0xab0 ../Middlewares/ST/AI/Lib\NetworkRuntime910_CM7_GCC.a(forward_lite_conv2d_sssa8_ch.o)
                0x08005340                forward_lite_conv2d_sssa8_ch
 .text.forward_lite_maxpool_is8os8_scaleneg
                0x08005df0      0x1c0 ../Middlewares/ST/AI/Lib\NetworkRuntime910_CM7_GCC.a(forward_lite_maxpool_is8os8.o)
                0x08005df0                forward_lite_maxpool_is8os8_scaleneg
 .text.forward_lite_nl_softmax_is8os8
                0x08005fb0        0x4 ../Middlewares/ST/AI/Lib\NetworkRuntime910_CM7_GCC.a(lite_nl_generic_integer.o)
                0x08005fb0                forward_lite_nl_softmax_is8os8
 .text.forward_lite_nl_softmax_iu8ou8
                0x08005fb4        0x4 ../Middlewares/ST/AI/Lib\NetworkRuntime910_CM7_GCC.a(lite_nl_generic_integer.o)
                0x08005fb4                forward_lite_nl_softmax_iu8ou8
 .text.align_factor_ch
                0x08005fb8       0x60 ../Middlewares/ST/AI/Lib\NetworkRuntime910_CM7_GCC.a(st_align_factor.o)
                0x08005fb8                align_factor_ch
 .text.st_int8_to16_no_shift
                0x08006018       0xc4 ../Middlewares/ST/AI/Lib\NetworkRuntime910_CM7_GCC.a(st_int8_to16_no_shift.o)
                0x08006018                st_int8_to16_no_shift
 .text.st_int8_to16_no_shift_interleaved
                0x080060dc       0x88 ../Middlewares/ST/AI/Lib\NetworkRuntime910_CM7_GCC.a(st_int8_to16_no_shift.o)
                0x080060dc                st_int8_to16_no_shift_interleaved
 .text.st_int8_to16_dual
                0x08006164      0x1d4 ../Middlewares/ST/AI/Lib\NetworkRuntime910_CM7_GCC.a(st_int8_to16_no_shift.o)
                0x08006164                st_int8_to16_dual
 .text.st_int8_to16_dual_interleaved
                0x08006338      0x174 ../Middlewares/ST/AI/Lib\NetworkRuntime910_CM7_GCC.a(st_int8_to16_no_shift.o)
                0x08006338                st_int8_to16_dual_interleaved
 .text.ai_padding_opt_init
                0x080064ac       0xb4 ../Middlewares/ST/AI/Lib\NetworkRuntime910_CM7_GCC.a(st_padding_opt.o)
                0x080064ac                ai_padding_opt_init
 .text.ai_padding_opt_phase1
                0x08006560       0x34 ../Middlewares/ST/AI/Lib\NetworkRuntime910_CM7_GCC.a(st_padding_opt.o)
                0x08006560                ai_padding_opt_phase1
 .text.st_int16_fill
                0x08006594       0x5c ../Middlewares/ST/AI/Lib\NetworkRuntime910_CM7_GCC.a(st_int16_fill.o)
                0x08006594                st_int16_fill
 .text.st_sssa8_ch_convolve_rank1upd
                0x080065f0      0x114 ../Middlewares/ST/AI/Lib\NetworkRuntime910_CM7_GCC.a(st_sssa8_ch_convolve.o)
                0x080065f0                st_sssa8_ch_convolve_rank1upd
 .text.st_sssa8_ch_fully_connected
                0x08006704      0x530 ../Middlewares/ST/AI/Lib\NetworkRuntime910_CM7_GCC.a(st_sssa8_ch_dense.o)
                0x08006704                st_sssa8_ch_fully_connected
 .text.st_int8_copy
                0x08006c34      0x110 ../Middlewares/ST/AI/Lib\NetworkRuntime910_CM7_GCC.a(st_int8_fill.o)
                0x08006c34                st_int8_copy
 .text.st_int8_reordered_no_shift_zero
                0x08006d44       0x6c ../Middlewares/ST/AI/Lib\NetworkRuntime910_CM7_GCC.a(st_int8_reordered_no_shift.o)
                0x08006d44                st_int8_reordered_no_shift_zero
 .text.st_sssa8_ch_nn_mat_mult_kernel_single_opt
                0x08006db0      0x394 ../Middlewares/ST/AI/Lib\NetworkRuntime910_CM7_GCC.a(st_sssa8_ch_nn_mat_mult_kernel_single_opt.o)
                0x08006db0                st_sssa8_ch_nn_mat_mult_kernel_single_opt
 .text.st_sssa8_ch_nn_mat_mult_kernel_opt
                0x08007144      0x33c ../Middlewares/ST/AI/Lib\NetworkRuntime910_CM7_GCC.a(st_sssa8_ch_nn_mat_mult_kernel_opt.o)
                0x08007144                st_sssa8_ch_nn_mat_mult_kernel_opt
 .text.ai_array_to_buffer_fmt
                0x08007480       0xe0 ../Middlewares/ST/AI/Lib\NetworkRuntime910_CM7_GCC.a(ai_datatypes_format.o)
                0x08007480                ai_array_to_buffer_fmt
 .text.ai_array_get_byte_size
                0x08007560       0x50 ../Middlewares/ST/AI/Lib\NetworkRuntime910_CM7_GCC.a(ai_datatypes_format.o)
                0x08007560                ai_array_get_byte_size
 .text.ai_array_get_data_byte_size
                0x080075b0       0x24 ../Middlewares/ST/AI/Lib\NetworkRuntime910_CM7_GCC.a(ai_datatypes_format.o)
                0x080075b0                ai_array_get_data_byte_size
 .text.ai_version_get
                0x080075d4        0xc ../Middlewares/ST/AI/Lib\NetworkRuntime910_CM7_GCC.a(ai_datatypes_internal.o)
                0x080075d4                ai_version_get
 .text.get_tensor_byte_size
                0x080075e0       0x2c ../Middlewares/ST/AI/Lib\NetworkRuntime910_CM7_GCC.a(ai_datatypes_internal.o)
                0x080075e0                get_tensor_byte_size
 .text.core_tensor_clone
                0x0800760c       0x64 ../Middlewares/ST/AI/Lib\NetworkRuntime910_CM7_GCC.a(core_utils.o)
                0x0800760c                core_tensor_clone
 .text.core_array_clone
                0x08007670        0xc ../Middlewares/ST/AI/Lib\NetworkRuntime910_CM7_GCC.a(core_utils.o)
                0x08007670                core_array_clone
 .text._lite_kernel_nl_softmax_is8os8
                0x0800767c     0x100c ../Middlewares/ST/AI/Lib\NetworkRuntime910_CM7_GCC.a(lite_nl_softmax_is8os8.o)
                0x0800767c                _lite_kernel_nl_softmax_is8os8
 .text._lite_kernel_nl_softmax_iu8ou8
                0x08008688      0x844 ../Middlewares/ST/AI/Lib\NetworkRuntime910_CM7_GCC.a(lite_nl_softmax_iu8ou8.o)
                0x08008688                _lite_kernel_nl_softmax_iu8ou8
 .text.sbrk_aligned
                0x08008ecc       0x44 C:/ST/STM32CubeIDE_1.13.0/STM32CubeIDE/plugins/com.st.stm32cube.ide.mcu.externaltools.gnu-tools-for-stm32.12.3.rel1.win32_1.1.0.202410251130/tools/bin/../lib/gcc/arm-none-eabi/12.3.1/../../../../arm-none-eabi/lib/thumb/v7e-m+dp/hard\libc_nano.a(libc_a-mallocr.o)
 .text._malloc_r
                0x08008f10      0x100 C:/ST/STM32CubeIDE_1.13.0/STM32CubeIDE/plugins/com.st.stm32cube.ide.mcu.externaltools.gnu-tools-for-stm32.12.3.rel1.win32_1.1.0.202410251130/tools/bin/../lib/gcc/arm-none-eabi/12.3.1/../../../../arm-none-eabi/lib/thumb/v7e-m+dp/hard\libc_nano.a(libc_a-mallocr.o)
                0x08008f10                _malloc_r
 .text.__malloc_lock
                0x08009010        0xc C:/ST/STM32CubeIDE_1.13.0/STM32CubeIDE/plugins/com.st.stm32cube.ide.mcu.externaltools.gnu-tools-for-stm32.12.3.rel1.win32_1.1.0.202410251130/tools/bin/../lib/gcc/arm-none-eabi/12.3.1/../../../../arm-none-eabi/lib/thumb/v7e-m+dp/hard\libc_nano.a(libc_a-mlock.o)
                0x08009010                __malloc_lock
 .text.__malloc_unlock
                0x0800901c        0xc C:/ST/STM32CubeIDE_1.13.0/STM32CubeIDE/plugins/com.st.stm32cube.ide.mcu.externaltools.gnu-tools-for-stm32.12.3.rel1.win32_1.1.0.202410251130/tools/bin/../lib/gcc/arm-none-eabi/12.3.1/../../../../arm-none-eabi/lib/thumb/v7e-m+dp/hard\libc_nano.a(libc_a-mlock.o)
                0x0800901c                __malloc_unlock
 .text.std      0x08009028       0x6c C:/ST/STM32CubeIDE_1.13.0/STM32CubeIDE/plugins/com.st.stm32cube.ide.mcu.externaltools.gnu-tools-for-stm32.12.3.rel1.win32_1.1.0.202410251130/tools/bin/../lib/gcc/arm-none-eabi/12.3.1/../../../../arm-none-eabi/lib/thumb/v7e-m+dp/hard\libc_nano.a(libc_a-findfp.o)
 .text.stdio_exit_handler
                0x08009094       0x18 C:/ST/STM32CubeIDE_1.13.0/STM32CubeIDE/plugins/com.st.stm32cube.ide.mcu.externaltools.gnu-tools-for-stm32.12.3.rel1.win32_1.1.0.202410251130/tools/bin/../lib/gcc/arm-none-eabi/12.3.1/../../../../arm-none-eabi/lib/thumb/v7e-m+dp/hard\libc_nano.a(libc_a-findfp.o)
 .text.cleanup_stdio
                0x080090ac       0x40 C:/ST/STM32CubeIDE_1.13.0/STM32CubeIDE/plugins/com.st.stm32cube.ide.mcu.externaltools.gnu-tools-for-stm32.12.3.rel1.win32_1.1.0.202410251130/tools/bin/../lib/gcc/arm-none-eabi/12.3.1/../../../../arm-none-eabi/lib/thumb/v7e-m+dp/hard\libc_nano.a(libc_a-findfp.o)
 .text.global_stdio_init.part.0
                0x080090ec       0x3c C:/ST/STM32CubeIDE_1.13.0/STM32CubeIDE/plugins/com.st.stm32cube.ide.mcu.externaltools.gnu-tools-for-stm32.12.3.rel1.win32_1.1.0.202410251130/tools/bin/../lib/gcc/arm-none-eabi/12.3.1/../../../../arm-none-eabi/lib/thumb/v7e-m+dp/hard\libc_nano.a(libc_a-findfp.o)
 .text.__sfp_lock_acquire
                0x08009128        0xc C:/ST/STM32CubeIDE_1.13.0/STM32CubeIDE/plugins/com.st.stm32cube.ide.mcu.externaltools.gnu-tools-for-stm32.12.3.rel1.win32_1.1.0.202410251130/tools/bin/../lib/gcc/arm-none-eabi/12.3.1/../../../../arm-none-eabi/lib/thumb/v7e-m+dp/hard\libc_nano.a(libc_a-findfp.o)
                0x08009128                __sfp_lock_acquire
 .text.__sfp_lock_release
                0x08009134        0xc C:/ST/STM32CubeIDE_1.13.0/STM32CubeIDE/plugins/com.st.stm32cube.ide.mcu.externaltools.gnu-tools-for-stm32.12.3.rel1.win32_1.1.0.202410251130/tools/bin/../lib/gcc/arm-none-eabi/12.3.1/../../../../arm-none-eabi/lib/thumb/v7e-m+dp/hard\libc_nano.a(libc_a-findfp.o)
                0x08009134                __sfp_lock_release
 .text.__sinit  0x08009140       0x30 C:/ST/STM32CubeIDE_1.13.0/STM32CubeIDE/plugins/com.st.stm32cube.ide.mcu.externaltools.gnu-tools-for-stm32.12.3.rel1.win32_1.1.0.202410251130/tools/bin/../lib/gcc/arm-none-eabi/12.3.1/../../../../arm-none-eabi/lib/thumb/v7e-m+dp/hard\libc_nano.a(libc_a-findfp.o)
                0x08009140                __sinit
 .text._fwalk_sglue
                0x08009170       0x3c C:/ST/STM32CubeIDE_1.13.0/STM32CubeIDE/plugins/com.st.stm32cube.ide.mcu.externaltools.gnu-tools-for-stm32.12.3.rel1.win32_1.1.0.202410251130/tools/bin/../lib/gcc/arm-none-eabi/12.3.1/../../../../arm-none-eabi/lib/thumb/v7e-m+dp/hard\libc_nano.a(libc_a-fwalk.o)
                0x08009170                _fwalk_sglue
 .text.printf   0x080091ac       0x24 C:/ST/STM32CubeIDE_1.13.0/STM32CubeIDE/plugins/com.st.stm32cube.ide.mcu.externaltools.gnu-tools-for-stm32.12.3.rel1.win32_1.1.0.202410251130/tools/bin/../lib/gcc/arm-none-eabi/12.3.1/../../../../arm-none-eabi/lib/thumb/v7e-m+dp/hard\libc_nano.a(libc_a-printf.o)
                0x080091ac                iprintf
                0x080091ac                printf
 .text._puts_r  0x080091d0       0xaa C:/ST/STM32CubeIDE_1.13.0/STM32CubeIDE/plugins/com.st.stm32cube.ide.mcu.externaltools.gnu-tools-for-stm32.12.3.rel1.win32_1.1.0.202410251130/tools/bin/../lib/gcc/arm-none-eabi/12.3.1/../../../../arm-none-eabi/lib/thumb/v7e-m+dp/hard\libc_nano.a(libc_a-puts.o)
                0x080091d0                _puts_r
 *fill*         0x0800927a        0x2 
 .text.puts     0x0800927c       0x10 C:/ST/STM32CubeIDE_1.13.0/STM32CubeIDE/plugins/com.st.stm32cube.ide.mcu.externaltools.gnu-tools-for-stm32.12.3.rel1.win32_1.1.0.202410251130/tools/bin/../lib/gcc/arm-none-eabi/12.3.1/../../../../arm-none-eabi/lib/thumb/v7e-m+dp/hard\libc_nano.a(libc_a-puts.o)
                0x0800927c                puts
 .text.__sread  0x0800928c       0x22 C:/ST/STM32CubeIDE_1.13.0/STM32CubeIDE/plugins/com.st.stm32cube.ide.mcu.externaltools.gnu-tools-for-stm32.12.3.rel1.win32_1.1.0.202410251130/tools/bin/../lib/gcc/arm-none-eabi/12.3.1/../../../../arm-none-eabi/lib/thumb/v7e-m+dp/hard\libc_nano.a(libc_a-stdio.o)
                0x0800928c                __sread
 .text.__swrite
                0x080092ae       0x38 C:/ST/STM32CubeIDE_1.13.0/STM32CubeIDE/plugins/com.st.stm32cube.ide.mcu.externaltools.gnu-tools-for-stm32.12.3.rel1.win32_1.1.0.202410251130/tools/bin/../lib/gcc/arm-none-eabi/12.3.1/../../../../arm-none-eabi/lib/thumb/v7e-m+dp/hard\libc_nano.a(libc_a-stdio.o)
                0x080092ae                __swrite
 .text.__sseek  0x080092e6       0x24 C:/ST/STM32CubeIDE_1.13.0/STM32CubeIDE/plugins/com.st.stm32cube.ide.mcu.externaltools.gnu-tools-for-stm32.12.3.rel1.win32_1.1.0.202410251130/tools/bin/../lib/gcc/arm-none-eabi/12.3.1/../../../../arm-none-eabi/lib/thumb/v7e-m+dp/hard\libc_nano.a(libc_a-stdio.o)
                0x080092e6                __sseek
 .text.__sclose
                0x0800930a        0x8 C:/ST/STM32CubeIDE_1.13.0/STM32CubeIDE/plugins/com.st.stm32cube.ide.mcu.externaltools.gnu-tools-for-stm32.12.3.rel1.win32_1.1.0.202410251130/tools/bin/../lib/gcc/arm-none-eabi/12.3.1/../../../../arm-none-eabi/lib/thumb/v7e-m+dp/hard\libc_nano.a(libc_a-stdio.o)
                0x0800930a                __sclose
 .text.__swbuf_r
                0x08009312       0x7c C:/ST/STM32CubeIDE_1.13.0/STM32CubeIDE/plugins/com.st.stm32cube.ide.mcu.externaltools.gnu-tools-for-stm32.12.3.rel1.win32_1.1.0.202410251130/tools/bin/../lib/gcc/arm-none-eabi/12.3.1/../../../../arm-none-eabi/lib/thumb/v7e-m+dp/hard\libc_nano.a(libc_a-wbuf.o)
                0x08009312                __swbuf_r
 *fill*         0x0800938e        0x2 
 .text.__swsetup_r
                0x08009390       0xac C:/ST/STM32CubeIDE_1.13.0/STM32CubeIDE/plugins/com.st.stm32cube.ide.mcu.externaltools.gnu-tools-for-stm32.12.3.rel1.win32_1.1.0.202410251130/tools/bin/../lib/gcc/arm-none-eabi/12.3.1/../../../../arm-none-eabi/lib/thumb/v7e-m+dp/hard\libc_nano.a(libc_a-wsetup.o)
                0x08009390                __swsetup_r
 .text.memset   0x0800943c       0x10 C:/ST/STM32CubeIDE_1.13.0/STM32CubeIDE/plugins/com.st.stm32cube.ide.mcu.externaltools.gnu-tools-for-stm32.12.3.rel1.win32_1.1.0.202410251130/tools/bin/../lib/gcc/arm-none-eabi/12.3.1/../../../../arm-none-eabi/lib/thumb/v7e-m+dp/hard\libc_nano.a(libc_a-memset.o)
                0x0800943c                memset
 .text._close_r
                0x0800944c       0x20 C:/ST/STM32CubeIDE_1.13.0/STM32CubeIDE/plugins/com.st.stm32cube.ide.mcu.externaltools.gnu-tools-for-stm32.12.3.rel1.win32_1.1.0.202410251130/tools/bin/../lib/gcc/arm-none-eabi/12.3.1/../../../../arm-none-eabi/lib/thumb/v7e-m+dp/hard\libc_nano.a(libc_a-closer.o)
                0x0800944c                _close_r
 .text._lseek_r
                0x0800946c       0x24 C:/ST/STM32CubeIDE_1.13.0/STM32CubeIDE/plugins/com.st.stm32cube.ide.mcu.externaltools.gnu-tools-for-stm32.12.3.rel1.win32_1.1.0.202410251130/tools/bin/../lib/gcc/arm-none-eabi/12.3.1/../../../../arm-none-eabi/lib/thumb/v7e-m+dp/hard\libc_nano.a(libc_a-lseekr.o)
                0x0800946c                _lseek_r
 .text._read_r  0x08009490       0x24 C:/ST/STM32CubeIDE_1.13.0/STM32CubeIDE/plugins/com.st.stm32cube.ide.mcu.externaltools.gnu-tools-for-stm32.12.3.rel1.win32_1.1.0.202410251130/tools/bin/../lib/gcc/arm-none-eabi/12.3.1/../../../../arm-none-eabi/lib/thumb/v7e-m+dp/hard\libc_nano.a(libc_a-readr.o)
                0x08009490                _read_r
 .text._sbrk_r  0x080094b4       0x20 C:/ST/STM32CubeIDE_1.13.0/STM32CubeIDE/plugins/com.st.stm32cube.ide.mcu.externaltools.gnu-tools-for-stm32.12.3.rel1.win32_1.1.0.202410251130/tools/bin/../lib/gcc/arm-none-eabi/12.3.1/../../../../arm-none-eabi/lib/thumb/v7e-m+dp/hard\libc_nano.a(libc_a-sbrkr.o)
                0x080094b4                _sbrk_r
 .text._write_r
                0x080094d4       0x24 C:/ST/STM32CubeIDE_1.13.0/STM32CubeIDE/plugins/com.st.stm32cube.ide.mcu.externaltools.gnu-tools-for-stm32.12.3.rel1.win32_1.1.0.202410251130/tools/bin/../lib/gcc/arm-none-eabi/12.3.1/../../../../arm-none-eabi/lib/thumb/v7e-m+dp/hard\libc_nano.a(libc_a-writer.o)
                0x080094d4                _write_r
 .text.__errno  0x080094f8        0xc C:/ST/STM32CubeIDE_1.13.0/STM32CubeIDE/plugins/com.st.stm32cube.ide.mcu.externaltools.gnu-tools-for-stm32.12.3.rel1.win32_1.1.0.202410251130/tools/bin/../lib/gcc/arm-none-eabi/12.3.1/../../../../arm-none-eabi/lib/thumb/v7e-m+dp/hard\libc_nano.a(libc_a-errno.o)
                0x080094f8                __errno
 .text.__libc_init_array
                0x08009504       0x48 C:/ST/STM32CubeIDE_1.13.0/STM32CubeIDE/plugins/com.st.stm32cube.ide.mcu.externaltools.gnu-tools-for-stm32.12.3.rel1.win32_1.1.0.202410251130/tools/bin/../lib/gcc/arm-none-eabi/12.3.1/../../../../arm-none-eabi/lib/thumb/v7e-m+dp/hard\libc_nano.a(libc_a-init.o)
                0x08009504                __libc_init_array
 .text.__retarget_lock_init_recursive
                0x0800954c        0x2 C:/ST/STM32CubeIDE_1.13.0/STM32CubeIDE/plugins/com.st.stm32cube.ide.mcu.externaltools.gnu-tools-for-stm32.12.3.rel1.win32_1.1.0.202410251130/tools/bin/../lib/gcc/arm-none-eabi/12.3.1/../../../../arm-none-eabi/lib/thumb/v7e-m+dp/hard\libc_nano.a(libc_a-lock.o)
                0x0800954c                __retarget_lock_init_recursive
 .text.__retarget_lock_acquire_recursive
                0x0800954e        0x2 C:/ST/STM32CubeIDE_1.13.0/STM32CubeIDE/plugins/com.st.stm32cube.ide.mcu.externaltools.gnu-tools-for-stm32.12.3.rel1.win32_1.1.0.202410251130/tools/bin/../lib/gcc/arm-none-eabi/12.3.1/../../../../arm-none-eabi/lib/thumb/v7e-m+dp/hard\libc_nano.a(libc_a-lock.o)
                0x0800954e                __retarget_lock_acquire_recursive
 .text.__retarget_lock_release_recursive
                0x08009550        0x2 C:/ST/STM32CubeIDE_1.13.0/STM32CubeIDE/plugins/com.st.stm32cube.ide.mcu.externaltools.gnu-tools-for-stm32.12.3.rel1.win32_1.1.0.202410251130/tools/bin/../lib/gcc/arm-none-eabi/12.3.1/../../../../arm-none-eabi/lib/thumb/v7e-m+dp/hard\libc_nano.a(libc_a-lock.o)
                0x08009550                __retarget_lock_release_recursive
 *fill*         0x08009552        0x2 
 .text._free_r  0x08009554       0x94 C:/ST/STM32CubeIDE_1.13.0/STM32CubeIDE/plugins/com.st.stm32cube.ide.mcu.externaltools.gnu-tools-for-stm32.12.3.rel1.win32_1.1.0.202410251130/tools/bin/../lib/gcc/arm-none-eabi/12.3.1/../../../../arm-none-eabi/lib/thumb/v7e-m+dp/hard\libc_nano.a(libc_a-freer.o)
                0x08009554                _free_r
 .text.__sfputc_r
                0x080095e8       0x2e C:/ST/STM32CubeIDE_1.13.0/STM32CubeIDE/plugins/com.st.stm32cube.ide.mcu.externaltools.gnu-tools-for-stm32.12.3.rel1.win32_1.1.0.202410251130/tools/bin/../lib/gcc/arm-none-eabi/12.3.1/../../../../arm-none-eabi/lib/thumb/v7e-m+dp/hard\libc_nano.a(libc_a-nano-vfprintf.o)
 .text.__sfputs_r
                0x08009616       0x24 C:/ST/STM32CubeIDE_1.13.0/STM32CubeIDE/plugins/com.st.stm32cube.ide.mcu.externaltools.gnu-tools-for-stm32.12.3.rel1.win32_1.1.0.202410251130/tools/bin/../lib/gcc/arm-none-eabi/12.3.1/../../../../arm-none-eabi/lib/thumb/v7e-m+dp/hard\libc_nano.a(libc_a-nano-vfprintf.o)
                0x08009616                __sfputs_r
 *fill*         0x0800963a        0x2 
 .text._vfprintf_r
                0x0800963c      0x230 C:/ST/STM32CubeIDE_1.13.0/STM32CubeIDE/plugins/com.st.stm32cube.ide.mcu.externaltools.gnu-tools-for-stm32.12.3.rel1.win32_1.1.0.202410251130/tools/bin/../lib/gcc/arm-none-eabi/12.3.1/../../../../arm-none-eabi/lib/thumb/v7e-m+dp/hard\libc_nano.a(libc_a-nano-vfprintf.o)
                0x0800963c                _vfprintf_r
                0x0800963c                _vfiprintf_r
 .text._printf_common
                0x0800986c       0xda C:/ST/STM32CubeIDE_1.13.0/STM32CubeIDE/plugins/com.st.stm32cube.ide.mcu.externaltools.gnu-tools-for-stm32.12.3.rel1.win32_1.1.0.202410251130/tools/bin/../lib/gcc/arm-none-eabi/12.3.1/../../../../arm-none-eabi/lib/thumb/v7e-m+dp/hard\libc_nano.a(libc_a-nano-vfprintf_i.o)
                0x0800986c                _printf_common
 *fill*         0x08009946        0x2 
 .text._printf_i
                0x08009948      0x240 C:/ST/STM32CubeIDE_1.13.0/STM32CubeIDE/plugins/com.st.stm32cube.ide.mcu.externaltools.gnu-tools-for-stm32.12.3.rel1.win32_1.1.0.202410251130/tools/bin/../lib/gcc/arm-none-eabi/12.3.1/../../../../arm-none-eabi/lib/thumb/v7e-m+dp/hard\libc_nano.a(libc_a-nano-vfprintf_i.o)
                0x08009948                _printf_i
 .text.__sflush_r
                0x08009b88      0x108 C:/ST/STM32CubeIDE_1.13.0/STM32CubeIDE/plugins/com.st.stm32cube.ide.mcu.externaltools.gnu-tools-for-stm32.12.3.rel1.win32_1.1.0.202410251130/tools/bin/../lib/gcc/arm-none-eabi/12.3.1/../../../../arm-none-eabi/lib/thumb/v7e-m+dp/hard\libc_nano.a(libc_a-fflush.o)
                0x08009b88                __sflush_r
 .text._fflush_r
                0x08009c90       0x50 C:/ST/STM32CubeIDE_1.13.0/STM32CubeIDE/plugins/com.st.stm32cube.ide.mcu.externaltools.gnu-tools-for-stm32.12.3.rel1.win32_1.1.0.202410251130/tools/bin/../lib/gcc/arm-none-eabi/12.3.1/../../../../arm-none-eabi/lib/thumb/v7e-m+dp/hard\libc_nano.a(libc_a-fflush.o)
                0x08009c90                _fflush_r
 .text.__swhatbuf_r
                0x08009ce0       0x4c C:/ST/STM32CubeIDE_1.13.0/STM32CubeIDE/plugins/com.st.stm32cube.ide.mcu.externaltools.gnu-tools-for-stm32.12.3.rel1.win32_1.1.0.202410251130/tools/bin/../lib/gcc/arm-none-eabi/12.3.1/../../../../arm-none-eabi/lib/thumb/v7e-m+dp/hard\libc_nano.a(libc_a-makebuf.o)
                0x08009ce0                __swhatbuf_r
 .text.__smakebuf_r
                0x08009d2c       0x78 C:/ST/STM32CubeIDE_1.13.0/STM32CubeIDE/plugins/com.st.stm32cube.ide.mcu.externaltools.gnu-tools-for-stm32.12.3.rel1.win32_1.1.0.202410251130/tools/bin/../lib/gcc/arm-none-eabi/12.3.1/../../../../arm-none-eabi/lib/thumb/v7e-m+dp/hard\libc_nano.a(libc_a-makebuf.o)
                0x08009d2c                __smakebuf_r
 .text._fstat_r
                0x08009da4       0x24 C:/ST/STM32CubeIDE_1.13.0/STM32CubeIDE/plugins/com.st.stm32cube.ide.mcu.externaltools.gnu-tools-for-stm32.12.3.rel1.win32_1.1.0.202410251130/tools/bin/../lib/gcc/arm-none-eabi/12.3.1/../../../../arm-none-eabi/lib/thumb/v7e-m+dp/hard\libc_nano.a(libc_a-fstatr.o)
                0x08009da4                _fstat_r
 .text._isatty_r
                0x08009dc8       0x20 C:/ST/STM32CubeIDE_1.13.0/STM32CubeIDE/plugins/com.st.stm32cube.ide.mcu.externaltools.gnu-tools-for-stm32.12.3.rel1.win32_1.1.0.202410251130/tools/bin/../lib/gcc/arm-none-eabi/12.3.1/../../../../arm-none-eabi/lib/thumb/v7e-m+dp/hard\libc_nano.a(libc_a-isattyr.o)
                0x08009dc8                _isatty_r
 .text._close   0x08009de8       0x10 C:/ST/STM32CubeIDE_1.13.0/STM32CubeIDE/plugins/com.st.stm32cube.ide.mcu.externaltools.gnu-tools-for-stm32.12.3.rel1.win32_1.1.0.202410251130/tools/bin/../lib/gcc/arm-none-eabi/12.3.1/../../../../arm-none-eabi/lib/thumb/v7e-m+dp/hard\libnosys.a(close.o)
                0x08009de8                _close
 .text._fstat   0x08009df8       0x10 C:/ST/STM32CubeIDE_1.13.0/STM32CubeIDE/plugins/com.st.stm32cube.ide.mcu.externaltools.gnu-tools-for-stm32.12.3.rel1.win32_1.1.0.202410251130/tools/bin/../lib/gcc/arm-none-eabi/12.3.1/../../../../arm-none-eabi/lib/thumb/v7e-m+dp/hard\libnosys.a(fstat.o)
                0x08009df8                _fstat
 .text._isatty  0x08009e08       0x10 C:/ST/STM32CubeIDE_1.13.0/STM32CubeIDE/plugins/com.st.stm32cube.ide.mcu.externaltools.gnu-tools-for-stm32.12.3.rel1.win32_1.1.0.202410251130/tools/bin/../lib/gcc/arm-none-eabi/12.3.1/../../../../arm-none-eabi/lib/thumb/v7e-m+dp/hard\libnosys.a(isatty.o)
                0x08009e08                _isatty
 .text._lseek   0x08009e18       0x10 C:/ST/STM32CubeIDE_1.13.0/STM32CubeIDE/plugins/com.st.stm32cube.ide.mcu.externaltools.gnu-tools-for-stm32.12.3.rel1.win32_1.1.0.202410251130/tools/bin/../lib/gcc/arm-none-eabi/12.3.1/../../../../arm-none-eabi/lib/thumb/v7e-m+dp/hard\libnosys.a(lseek.o)
                0x08009e18                _lseek
 .text._read    0x08009e28       0x10 C:/ST/STM32CubeIDE_1.13.0/STM32CubeIDE/plugins/com.st.stm32cube.ide.mcu.externaltools.gnu-tools-for-stm32.12.3.rel1.win32_1.1.0.202410251130/tools/bin/../lib/gcc/arm-none-eabi/12.3.1/../../../../arm-none-eabi/lib/thumb/v7e-m+dp/hard\libnosys.a(read.o)
                0x08009e28                _read
 .text._write   0x08009e38       0x10 C:/ST/STM32CubeIDE_1.13.0/STM32CubeIDE/plugins/com.st.stm32cube.ide.mcu.externaltools.gnu-tools-for-stm32.12.3.rel1.win32_1.1.0.202410251130/tools/bin/../lib/gcc/arm-none-eabi/12.3.1/../../../../arm-none-eabi/lib/thumb/v7e-m+dp/hard\libnosys.a(write.o)
                0x08009e38                _write
 *(.glue_7)
 .glue_7        0x08009e48        0x0 linker stubs
 *(.glue_7t)
 .glue_7t       0x08009e48        0x0 linker stubs
 *(.eh_frame)
 .eh_frame      0x08009e48        0x0 C:/ST/STM32CubeIDE_1.13.0/STM32CubeIDE/plugins/com.st.stm32cube.ide.mcu.externaltools.gnu-tools-for-stm32.12.3.rel1.win32_1.1.0.202410251130/tools/bin/../lib/gcc/arm-none-eabi/12.3.1/thumb/v7e-m+dp/hard/crtbegin.o
 *(.init)
 .init          0x08009e48        0x4 C:/ST/STM32CubeIDE_1.13.0/STM32CubeIDE/plugins/com.st.stm32cube.ide.mcu.externaltools.gnu-tools-for-stm32.12.3.rel1.win32_1.1.0.202410251130/tools/bin/../lib/gcc/arm-none-eabi/12.3.1/thumb/v7e-m+dp/hard/crti.o
                0x08009e48                _init
 .init          0x08009e4c        0x8 C:/ST/STM32CubeIDE_1.13.0/STM32CubeIDE/plugins/com.st.stm32cube.ide.mcu.externaltools.gnu-tools-for-stm32.12.3.rel1.win32_1.1.0.202410251130/tools/bin/../lib/gcc/arm-none-eabi/12.3.1/thumb/v7e-m+dp/hard/crtn.o
 *(.fini)
 .fini          0x08009e54        0x4 C:/ST/STM32CubeIDE_1.13.0/STM32CubeIDE/plugins/com.st.stm32cube.ide.mcu.externaltools.gnu-tools-for-stm32.12.3.rel1.win32_1.1.0.202410251130/tools/bin/../lib/gcc/arm-none-eabi/12.3.1/thumb/v7e-m+dp/hard/crti.o
                0x08009e54                _fini
 .fini          0x08009e58        0x8 C:/ST/STM32CubeIDE_1.13.0/STM32CubeIDE/plugins/com.st.stm32cube.ide.mcu.externaltools.gnu-tools-for-stm32.12.3.rel1.win32_1.1.0.202410251130/tools/bin/../lib/gcc/arm-none-eabi/12.3.1/thumb/v7e-m+dp/hard/crtn.o
                0x08009e60                        . = ALIGN (0x4)
                0x08009e60                        _etext = .

.vfp11_veneer   0x08009e60        0x0
 .vfp11_veneer  0x08009e60        0x0 linker stubs

.v4_bx          0x08009e60        0x0
 .v4_bx         0x08009e60        0x0 linker stubs

.iplt           0x08009e60        0x0
 .iplt          0x08009e60        0x0 C:/ST/STM32CubeIDE_1.13.0/STM32CubeIDE/plugins/com.st.stm32cube.ide.mcu.externaltools.gnu-tools-for-stm32.12.3.rel1.win32_1.1.0.202410251130/tools/bin/../lib/gcc/arm-none-eabi/12.3.1/thumb/v7e-m+dp/hard/crtbegin.o

.rodata         0x08009e60     0x9aa4
                0x08009e60                        . = ALIGN (0x4)
 *(.rodata)
 .rodata        0x08009e60       0xdf ./X-CUBE-AI/App/app_x-cube-ai.o
 *fill*         0x08009f3f        0x1 
 .rodata        0x08009f40       0x30 ./X-CUBE-AI/App/network_data.o
 *(.rodata*)
 .rodata.AHBPrescTable
                0x08009f70       0x10 ./Core/Src/system_stm32f7xx.o
                0x08009f70                AHBPrescTable
 .rodata.APBPrescTable
                0x08009f80        0x8 ./Core/Src/system_stm32f7xx.o
                0x08009f80                APBPrescTable
 .rodata.__compound_literal.0
                0x08009f88       0x40 ./X-CUBE-AI/App/network.o
 .rodata.__compound_literal.1
                0x08009fc8       0x10 ./X-CUBE-AI/App/network.o
 .rodata.__compound_literal.2
                0x08009fd8        0x8 ./X-CUBE-AI/App/network.o
 .rodata.conv2d_2_weights_array_intq
                0x08009fe0        0x8 ./X-CUBE-AI/App/network.o
 .rodata.__compound_literal.3
                0x08009fe8      0x200 ./X-CUBE-AI/App/network.o
 .rodata.__compound_literal.4
                0x0800a1e8       0x80 ./X-CUBE-AI/App/network.o
 .rodata.__compound_literal.5
                0x0800a268        0x8 ./X-CUBE-AI/App/network.o
 .rodata.gemm_5_weights_array_intq
                0x0800a270        0x8 ./X-CUBE-AI/App/network.o
 .rodata.__compound_literal.6
                0x0800a278       0x28 ./X-CUBE-AI/App/network.o
 .rodata.__compound_literal.7
                0x0800a2a0        0xa ./X-CUBE-AI/App/network.o
 *fill*         0x0800a2aa        0x2 
 .rodata.__compound_literal.8
                0x0800a2ac        0x8 ./X-CUBE-AI/App/network.o
 .rodata.gemm_6_weights_array_intq
                0x0800a2b4        0x8 ./X-CUBE-AI/App/network.o
 .rodata.__compound_literal.9
                0x0800a2bc        0x4 ./X-CUBE-AI/App/network.o
 .rodata.__compound_literal.10
                0x0800a2c0        0x1 ./X-CUBE-AI/App/network.o
 *fill*         0x0800a2c1        0x3 
 .rodata.__compound_literal.11
                0x0800a2c4        0x8 ./X-CUBE-AI/App/network.o
 .rodata.conv2d_0_scratch1_array_intq
                0x0800a2cc        0x8 ./X-CUBE-AI/App/network.o
 .rodata.__compound_literal.12
                0x0800a2d4        0x4 ./X-CUBE-AI/App/network.o
 .rodata.__compound_literal.13
                0x0800a2d8        0x1 ./X-CUBE-AI/App/network.o
 *fill*         0x0800a2d9        0x3 
 .rodata.__compound_literal.14
                0x0800a2dc        0x8 ./X-CUBE-AI/App/network.o
 .rodata.conv2d_2_scratch1_array_intq
                0x0800a2e4        0x8 ./X-CUBE-AI/App/network.o
 .rodata.__compound_literal.15
                0x0800a2ec        0x4 ./X-CUBE-AI/App/network.o
 .rodata.__compound_literal.16
                0x0800a2f0        0x1 ./X-CUBE-AI/App/network.o
 *fill*         0x0800a2f1        0x3 
 .rodata.__compound_literal.17
                0x0800a2f4        0x8 ./X-CUBE-AI/App/network.o
 .rodata.serving_default_input_layer0_output_array_intq
                0x0800a2fc        0x8 ./X-CUBE-AI/App/network.o
 .rodata.__compound_literal.18
                0x0800a304        0x4 ./X-CUBE-AI/App/network.o
 .rodata.__compound_literal.19
                0x0800a308        0x1 ./X-CUBE-AI/App/network.o
 *fill*         0x0800a309        0x3 
 .rodata.__compound_literal.20
                0x0800a30c        0x8 ./X-CUBE-AI/App/network.o
 .rodata.conv2d_0_output_array_intq
                0x0800a314        0x8 ./X-CUBE-AI/App/network.o
 .rodata.__compound_literal.21
                0x0800a31c        0x4 ./X-CUBE-AI/App/network.o
 .rodata.__compound_literal.22
                0x0800a320        0x1 ./X-CUBE-AI/App/network.o
 *fill*         0x0800a321        0x3 
 .rodata.__compound_literal.23
                0x0800a324        0x8 ./X-CUBE-AI/App/network.o
 .rodata.conv2d_2_output_array_intq
                0x0800a32c        0x8 ./X-CUBE-AI/App/network.o
 .rodata.__compound_literal.24
                0x0800a334        0x4 ./X-CUBE-AI/App/network.o
 .rodata.__compound_literal.25
                0x0800a338        0x1 ./X-CUBE-AI/App/network.o
 *fill*         0x0800a339        0x3 
 .rodata.__compound_literal.26
                0x0800a33c        0x8 ./X-CUBE-AI/App/network.o
 .rodata.gemm_5_output_array_intq
                0x0800a344        0x8 ./X-CUBE-AI/App/network.o
 .rodata.__compound_literal.27
                0x0800a34c        0x4 ./X-CUBE-AI/App/network.o
 .rodata.__compound_literal.28
                0x0800a350        0x1 ./X-CUBE-AI/App/network.o
 *fill*         0x0800a351        0x3 
 .rodata.__compound_literal.29
                0x0800a354        0x8 ./X-CUBE-AI/App/network.o
 .rodata.gemm_6_output_array_intq
                0x0800a35c        0x8 ./X-CUBE-AI/App/network.o
 .rodata.__compound_literal.30
                0x0800a364        0x4 ./X-CUBE-AI/App/network.o
 .rodata.__compound_literal.31
                0x0800a368        0x1 ./X-CUBE-AI/App/network.o
 *fill*         0x0800a369        0x3 
 .rodata.__compound_literal.32
                0x0800a36c        0x8 ./X-CUBE-AI/App/network.o
 .rodata.nl_7_output_array_intq
                0x0800a374        0x8 ./X-CUBE-AI/App/network.o
 .rodata.__compound_literal.33
                0x0800a37c       0x20 ./X-CUBE-AI/App/network.o
 .rodata.__compound_literal.34
                0x0800a39c        0x8 ./X-CUBE-AI/App/network.o
 .rodata.__compound_literal.35
                0x0800a3a4        0x8 ./X-CUBE-AI/App/network.o
 .rodata.conv2d_0_weights_array_intq
                0x0800a3ac        0x8 ./X-CUBE-AI/App/network.o
 .rodata.nl_7_nl_params_data
                0x0800a3b4        0xc ./X-CUBE-AI/App/network.o
 .rodata.nl_7_nl_params
                0x0800a3c0       0x10 ./X-CUBE-AI/App/network.o
 .rodata.nl_7_chain
                0x0800a3d0        0x8 ./X-CUBE-AI/App/network.o
 .rodata.gemm_6_chain
                0x0800a3d8        0x8 ./X-CUBE-AI/App/network.o
 .rodata.gemm_5_chain
                0x0800a3e0        0x8 ./X-CUBE-AI/App/network.o
 .rodata.conv2d_2_chain
                0x0800a3e8        0x8 ./X-CUBE-AI/App/network.o
 .rodata.conv2d_0_chain
                0x0800a3f0        0x8 ./X-CUBE-AI/App/network.o
 *fill*         0x0800a3f8        0x8 
 .rodata.s_network_weights_array_u64
                0x0800a400     0x94d0 ./X-CUBE-AI/App/network_data_params.o
                0x0800a400                s_network_weights_array_u64
 .rodata._vfprintf_r.str1.1
                0x080138d0       0x11 C:/ST/STM32CubeIDE_1.13.0/STM32CubeIDE/plugins/com.st.stm32cube.ide.mcu.externaltools.gnu-tools-for-stm32.12.3.rel1.win32_1.1.0.202410251130/tools/bin/../lib/gcc/arm-none-eabi/12.3.1/../../../../arm-none-eabi/lib/thumb/v7e-m+dp/hard\libc_nano.a(libc_a-nano-vfprintf.o)
 .rodata._printf_i.str1.1
                0x080138e1       0x22 C:/ST/STM32CubeIDE_1.13.0/STM32CubeIDE/plugins/com.st.stm32cube.ide.mcu.externaltools.gnu-tools-for-stm32.12.3.rel1.win32_1.1.0.202410251130/tools/bin/../lib/gcc/arm-none-eabi/12.3.1/../../../../arm-none-eabi/lib/thumb/v7e-m+dp/hard\libc_nano.a(libc_a-nano-vfprintf_i.o)
                0x08013904                        . = ALIGN (0x4)
 *fill*         0x08013903        0x1 

.ARM.extab      0x08013904        0x0
                0x08013904                        . = ALIGN (0x4)
 *(.ARM.extab* .gnu.linkonce.armextab.*)
                0x08013904                        . = ALIGN (0x4)

.ARM            0x08013904        0x8
                0x08013904                        . = ALIGN (0x4)
                0x08013904                        __exidx_start = .
 *(.ARM.exidx*)
 .ARM.exidx     0x08013904        0x8 C:/ST/STM32CubeIDE_1.13.0/STM32CubeIDE/plugins/com.st.stm32cube.ide.mcu.externaltools.gnu-tools-for-stm32.12.3.rel1.win32_1.1.0.202410251130/tools/bin/../lib/gcc/arm-none-eabi/12.3.1/../../../../arm-none-eabi/lib/thumb/v7e-m+dp/hard\libc_nano.a(libc_a-memchr.o)
 .ARM.exidx     0x0801390c        0x0 C:/ST/STM32CubeIDE_1.13.0/STM32CubeIDE/plugins/com.st.stm32cube.ide.mcu.externaltools.gnu-tools-for-stm32.12.3.rel1.win32_1.1.0.202410251130/tools/bin/../lib/gcc/arm-none-eabi/12.3.1/thumb/v7e-m+dp/hard\libgcc.a(_udivmoddi4.o)
                                  0x8 (size before relaxing)
                0x0801390c                        __exidx_end = .
                0x0801390c                        . = ALIGN (0x4)

.preinit_array  0x0801390c        0x0
                0x0801390c                        . = ALIGN (0x4)
                0x0801390c                        PROVIDE (__preinit_array_start = .)
 *(.preinit_array*)
                0x0801390c                        PROVIDE (__preinit_array_end = .)
                0x0801390c                        . = ALIGN (0x4)

.init_array     0x0801390c        0x4
                0x0801390c                        . = ALIGN (0x4)
                0x0801390c                        PROVIDE (__init_array_start = .)
 *(SORT_BY_NAME(.init_array.*))
 *(.init_array*)
 .init_array    0x0801390c        0x4 C:/ST/STM32CubeIDE_1.13.0/STM32CubeIDE/plugins/com.st.stm32cube.ide.mcu.externaltools.gnu-tools-for-stm32.12.3.rel1.win32_1.1.0.202410251130/tools/bin/../lib/gcc/arm-none-eabi/12.3.1/thumb/v7e-m+dp/hard/crtbegin.o
                0x08013910                        PROVIDE (__init_array_end = .)
                0x08013910                        . = ALIGN (0x4)

.fini_array     0x08013910        0x4
                0x08013910                        . = ALIGN (0x4)
                [!provide]                        PROVIDE (__fini_array_start = .)
 *(SORT_BY_NAME(.fini_array.*))
 *(.fini_array*)
 .fini_array    0x08013910        0x4 C:/ST/STM32CubeIDE_1.13.0/STM32CubeIDE/plugins/com.st.stm32cube.ide.mcu.externaltools.gnu-tools-for-stm32.12.3.rel1.win32_1.1.0.202410251130/tools/bin/../lib/gcc/arm-none-eabi/12.3.1/thumb/v7e-m+dp/hard/crtbegin.o
                [!provide]                        PROVIDE (__fini_array_end = .)
                0x08013914                        . = ALIGN (0x4)
                0x08013914                        _sidata = LOADADDR (.data)

.rel.dyn        0x08013914        0x0
 .rel.iplt      0x08013914        0x0 C:/ST/STM32CubeIDE_1.13.0/STM32CubeIDE/plugins/com.st.stm32cube.ide.mcu.externaltools.gnu-tools-for-stm32.12.3.rel1.win32_1.1.0.202410251130/tools/bin/../lib/gcc/arm-none-eabi/12.3.1/thumb/v7e-m+dp/hard/crtbegin.o

.data           0x20000000      0xa8c load address 0x08013914
                0x20000000                        . = ALIGN (0x4)
                0x20000000                        _sdata = .
 *(.data)
 *(.data*)
 .data.SystemCoreClock
                0x20000000        0x4 ./Core/Src/system_stm32f7xx.o
                0x20000000                SystemCoreClock
 .data.uwTickPrio
                0x20000004        0x4 ./Drivers/STM32F7xx_HAL_Driver/Src/stm32f7xx_hal.o
                0x20000004                uwTickPrio
 .data.uwTickFreq
                0x20000008        0x1 ./Drivers/STM32F7xx_HAL_Driver/Src/stm32f7xx_hal.o
                0x20000008                uwTickFreq
 *fill*         0x20000009        0x3 
 .data.data_activations0
                0x2000000c        0x4 ./X-CUBE-AI/App/app_x-cube-ai.o
                0x2000000c                data_activations0
 .data.serving_default_input_layer0_output_array
                0x20000010       0x10 ./X-CUBE-AI/App/network.o
 .data.conv2d_0_output_array
                0x20000020       0x10 ./X-CUBE-AI/App/network.o
 .data.conv2d_2_output_array
                0x20000030       0x10 ./X-CUBE-AI/App/network.o
 .data.gemm_5_output_array
                0x20000040       0x10 ./X-CUBE-AI/App/network.o
 .data.gemm_6_output_array
                0x20000050       0x10 ./X-CUBE-AI/App/network.o
 .data.nl_7_output_array
                0x20000060       0x10 ./X-CUBE-AI/App/network.o
 .data.conv2d_0_weights_array
                0x20000070       0x10 ./X-CUBE-AI/App/network.o
 .data.conv2d_0_bias_array
                0x20000080       0x10 ./X-CUBE-AI/App/network.o
 .data.conv2d_2_weights_array
                0x20000090       0x10 ./X-CUBE-AI/App/network.o
 .data.conv2d_2_bias_array
                0x200000a0       0x10 ./X-CUBE-AI/App/network.o
 .data.gemm_5_weights_array
                0x200000b0       0x10 ./X-CUBE-AI/App/network.o
 .data.gemm_5_bias_array
                0x200000c0       0x10 ./X-CUBE-AI/App/network.o
 .data.gemm_6_weights_array
                0x200000d0       0x10 ./X-CUBE-AI/App/network.o
 .data.gemm_6_bias_array
                0x200000e0       0x10 ./X-CUBE-AI/App/network.o
 .data.conv2d_0_scratch0_array
                0x200000f0       0x10 ./X-CUBE-AI/App/network.o
 .data.conv2d_0_scratch1_array
                0x20000100       0x10 ./X-CUBE-AI/App/network.o
 .data.conv2d_2_scratch0_array
                0x20000110       0x10 ./X-CUBE-AI/App/network.o
 .data.conv2d_2_scratch1_array
                0x20000120       0x10 ./X-CUBE-AI/App/network.o
 .data.gemm_5_scratch0_array
                0x20000130       0x10 ./X-CUBE-AI/App/network.o
 .data.gemm_6_scratch0_array
                0x20000140       0x10 ./X-CUBE-AI/App/network.o
 .data.nl_7_scratch0_array
                0x20000150       0x10 ./X-CUBE-AI/App/network.o
 .data.__compound_literal.36
                0x20000160       0x10 ./X-CUBE-AI/App/network.o
 .data.__compound_literal.37
                0x20000170       0x10 ./X-CUBE-AI/App/network.o
 .data.conv2d_0_bias
                0x20000180       0x1c ./X-CUBE-AI/App/network.o
 .data.__compound_literal.38
                0x2000019c       0x10 ./X-CUBE-AI/App/network.o
 .data.__compound_literal.39
                0x200001ac       0x10 ./X-CUBE-AI/App/network.o
 .data.conv2d_2_weights
                0x200001bc       0x1c ./X-CUBE-AI/App/network.o
 .data.__compound_literal.40
                0x200001d8       0x10 ./X-CUBE-AI/App/network.o
 .data.__compound_literal.41
                0x200001e8       0x10 ./X-CUBE-AI/App/network.o
 .data.conv2d_2_bias
                0x200001f8       0x1c ./X-CUBE-AI/App/network.o
 .data.__compound_literal.42
                0x20000214       0x10 ./X-CUBE-AI/App/network.o
 .data.__compound_literal.43
                0x20000224       0x10 ./X-CUBE-AI/App/network.o
 .data.gemm_5_weights
                0x20000234       0x1c ./X-CUBE-AI/App/network.o
 .data.__compound_literal.44
                0x20000250       0x10 ./X-CUBE-AI/App/network.o
 .data.__compound_literal.45
                0x20000260       0x10 ./X-CUBE-AI/App/network.o
 .data.gemm_5_bias
                0x20000270       0x1c ./X-CUBE-AI/App/network.o
 .data.__compound_literal.46
                0x2000028c       0x10 ./X-CUBE-AI/App/network.o
 .data.__compound_literal.47
                0x2000029c       0x10 ./X-CUBE-AI/App/network.o
 .data.gemm_6_weights
                0x200002ac       0x1c ./X-CUBE-AI/App/network.o
 .data.__compound_literal.48
                0x200002c8       0x10 ./X-CUBE-AI/App/network.o
 .data.__compound_literal.49
                0x200002d8       0x10 ./X-CUBE-AI/App/network.o
 .data.gemm_6_bias
                0x200002e8       0x1c ./X-CUBE-AI/App/network.o
 .data.__compound_literal.50
                0x20000304       0x10 ./X-CUBE-AI/App/network.o
 .data.__compound_literal.51
                0x20000314       0x10 ./X-CUBE-AI/App/network.o
 .data.conv2d_0_scratch0
                0x20000324       0x1c ./X-CUBE-AI/App/network.o
 .data.__compound_literal.52
                0x20000340       0x10 ./X-CUBE-AI/App/network.o
 .data.__compound_literal.53
                0x20000350       0x10 ./X-CUBE-AI/App/network.o
 .data.conv2d_0_scratch1
                0x20000360       0x1c ./X-CUBE-AI/App/network.o
 .data.__compound_literal.54
                0x2000037c       0x10 ./X-CUBE-AI/App/network.o
 .data.__compound_literal.55
                0x2000038c       0x10 ./X-CUBE-AI/App/network.o
 .data.conv2d_2_scratch0
                0x2000039c       0x1c ./X-CUBE-AI/App/network.o
 .data.__compound_literal.56
                0x200003b8       0x10 ./X-CUBE-AI/App/network.o
 .data.__compound_literal.57
                0x200003c8       0x10 ./X-CUBE-AI/App/network.o
 .data.conv2d_2_scratch1
                0x200003d8       0x1c ./X-CUBE-AI/App/network.o
 .data.__compound_literal.58
                0x200003f4       0x10 ./X-CUBE-AI/App/network.o
 .data.__compound_literal.59
                0x20000404       0x10 ./X-CUBE-AI/App/network.o
 .data.gemm_5_scratch0
                0x20000414       0x1c ./X-CUBE-AI/App/network.o
 .data.__compound_literal.60
                0x20000430       0x10 ./X-CUBE-AI/App/network.o
 .data.__compound_literal.61
                0x20000440       0x10 ./X-CUBE-AI/App/network.o
 .data.gemm_6_scratch0
                0x20000450       0x1c ./X-CUBE-AI/App/network.o
 .data.__compound_literal.62
                0x2000046c       0x10 ./X-CUBE-AI/App/network.o
 .data.__compound_literal.63
                0x2000047c       0x10 ./X-CUBE-AI/App/network.o
 .data.nl_7_scratch0
                0x2000048c       0x1c ./X-CUBE-AI/App/network.o
 .data.__compound_literal.64
                0x200004a8       0x10 ./X-CUBE-AI/App/network.o
 .data.__compound_literal.65
                0x200004b8       0x10 ./X-CUBE-AI/App/network.o
 .data.serving_default_input_layer0_output
                0x200004c8       0x1c ./X-CUBE-AI/App/network.o
 .data.__compound_literal.66
                0x200004e4       0x10 ./X-CUBE-AI/App/network.o
 .data.__compound_literal.67
                0x200004f4       0x10 ./X-CUBE-AI/App/network.o
 .data.conv2d_0_output
                0x20000504       0x1c ./X-CUBE-AI/App/network.o
 .data.__compound_literal.68
                0x20000520       0x10 ./X-CUBE-AI/App/network.o
 .data.__compound_literal.69
                0x20000530       0x10 ./X-CUBE-AI/App/network.o
 .data.conv2d_2_output
                0x20000540       0x1c ./X-CUBE-AI/App/network.o
 .data.__compound_literal.70
                0x2000055c       0x10 ./X-CUBE-AI/App/network.o
 .data.__compound_literal.71
                0x2000056c       0x10 ./X-CUBE-AI/App/network.o
 .data.conv2d_2_output0
                0x2000057c       0x1c ./X-CUBE-AI/App/network.o
 .data.__compound_literal.72
                0x20000598       0x10 ./X-CUBE-AI/App/network.o
 .data.__compound_literal.73
                0x200005a8       0x10 ./X-CUBE-AI/App/network.o
 .data.gemm_5_output
                0x200005b8       0x1c ./X-CUBE-AI/App/network.o
 .data.__compound_literal.74
                0x200005d4       0x10 ./X-CUBE-AI/App/network.o
 .data.__compound_literal.75
                0x200005e4       0x10 ./X-CUBE-AI/App/network.o
 .data.gemm_6_output
                0x200005f4       0x1c ./X-CUBE-AI/App/network.o
 .data.__compound_literal.76
                0x20000610       0x10 ./X-CUBE-AI/App/network.o
 .data.__compound_literal.77
                0x20000620       0x10 ./X-CUBE-AI/App/network.o
 .data.nl_7_output
                0x20000630       0x1c ./X-CUBE-AI/App/network.o
 .data.__compound_literal.78
                0x2000064c       0x10 ./X-CUBE-AI/App/network.o
 .data.__compound_literal.79
                0x2000065c       0x10 ./X-CUBE-AI/App/network.o
 .data.conv2d_0_weights
                0x2000066c       0x1c ./X-CUBE-AI/App/network.o
 .data.__compound_literal.80
                0x20000688        0x4 ./X-CUBE-AI/App/network.o
 .data.__compound_literal.81
                0x2000068c        0x4 ./X-CUBE-AI/App/network.o
 .data.__compound_literal.83
                0x20000690        0x4 ./X-CUBE-AI/App/network.o
 .data.__compound_literal.84
                0x20000694       0x30 ./X-CUBE-AI/App/network.o
 .data.nl_7_layer
                0x200006c4       0x20 ./X-CUBE-AI/App/network.o
 .data.__compound_literal.85
                0x200006e4        0x4 ./X-CUBE-AI/App/network.o
 .data.__compound_literal.86
                0x200006e8        0x4 ./X-CUBE-AI/App/network.o
 .data.__compound_literal.87
                0x200006ec        0x8 ./X-CUBE-AI/App/network.o
 .data.__compound_literal.88
                0x200006f4        0x4 ./X-CUBE-AI/App/network.o
 .data.__compound_literal.89
                0x200006f8       0x30 ./X-CUBE-AI/App/network.o
 .data.gemm_6_layer
                0x20000728       0x1c ./X-CUBE-AI/App/network.o
 .data.__compound_literal.90
                0x20000744        0x4 ./X-CUBE-AI/App/network.o
 .data.__compound_literal.91
                0x20000748        0x4 ./X-CUBE-AI/App/network.o
 .data.__compound_literal.92
                0x2000074c        0x8 ./X-CUBE-AI/App/network.o
 .data.__compound_literal.93
                0x20000754        0x4 ./X-CUBE-AI/App/network.o
 .data.__compound_literal.94
                0x20000758       0x30 ./X-CUBE-AI/App/network.o
 .data.gemm_5_layer
                0x20000788       0x1c ./X-CUBE-AI/App/network.o
 .data.__compound_literal.95
                0x200007a4        0x4 ./X-CUBE-AI/App/network.o
 .data.__compound_literal.96
                0x200007a8        0x4 ./X-CUBE-AI/App/network.o
 .data.__compound_literal.97
                0x200007ac        0xc ./X-CUBE-AI/App/network.o
 .data.__compound_literal.98
                0x200007b8        0x8 ./X-CUBE-AI/App/network.o
 .data.__compound_literal.99
                0x200007c0       0x30 ./X-CUBE-AI/App/network.o
 .data.conv2d_2_layer
                0x200007f0       0x60 ./X-CUBE-AI/App/network.o
 .data.__compound_literal.102
                0x20000850        0x4 ./X-CUBE-AI/App/network.o
 .data.__compound_literal.103
                0x20000854        0x4 ./X-CUBE-AI/App/network.o
 .data.__compound_literal.104
                0x20000858        0xc ./X-CUBE-AI/App/network.o
 .data.__compound_literal.105
                0x20000864        0x8 ./X-CUBE-AI/App/network.o
 .data.__compound_literal.106
                0x2000086c       0x30 ./X-CUBE-AI/App/network.o
 .data.conv2d_0_layer
                0x2000089c       0x60 ./X-CUBE-AI/App/network.o
 .data.__compound_literal.109
                0x200008fc       0x10 ./X-CUBE-AI/App/network.o
 .data.__compound_literal.110
                0x2000090c       0x1c ./X-CUBE-AI/App/network.o
 .data.__compound_literal.111
                0x20000928       0x10 ./X-CUBE-AI/App/network.o
 .data.__compound_literal.112
                0x20000938       0x1c ./X-CUBE-AI/App/network.o
 .data.__compound_literal.113
                0x20000954        0x4 ./X-CUBE-AI/App/network.o
 .data.__compound_literal.117
                0x20000958        0xc ./X-CUBE-AI/App/network.o
 .data.__compound_literal.118
                0x20000964        0x4 ./X-CUBE-AI/App/network.o
 .data.__compound_literal.122
                0x20000968        0xc ./X-CUBE-AI/App/network.o
 .data.__compound_literal.123
                0x20000974       0x18 ./X-CUBE-AI/App/network.o
 .data.g_network
                0x2000098c       0x4c ./X-CUBE-AI/App/network.o
 .data.__compound_literal.0
                0x200009d8       0x10 ./X-CUBE-AI/App/network_data.o
 .data.g_network_data_map_activations
                0x200009e8       0x1c ./X-CUBE-AI/App/network_data.o
                0x200009e8                g_network_data_map_activations
 .data.__compound_literal.1
                0x20000a04       0x10 ./X-CUBE-AI/App/network_data.o
 .data.g_network_data_map_weights
                0x20000a14       0x1c ./X-CUBE-AI/App/network_data.o
                0x20000a14                g_network_data_map_weights
 .data.__sglue  0x20000a30        0xc C:/ST/STM32CubeIDE_1.13.0/STM32CubeIDE/plugins/com.st.stm32cube.ide.mcu.externaltools.gnu-tools-for-stm32.12.3.rel1.win32_1.1.0.202410251130/tools/bin/../lib/gcc/arm-none-eabi/12.3.1/../../../../arm-none-eabi/lib/thumb/v7e-m+dp/hard\libc_nano.a(libc_a-findfp.o)
                0x20000a30                __sglue
 .data._impure_ptr
                0x20000a3c        0x4 C:/ST/STM32CubeIDE_1.13.0/STM32CubeIDE/plugins/com.st.stm32cube.ide.mcu.externaltools.gnu-tools-for-stm32.12.3.rel1.win32_1.1.0.202410251130/tools/bin/../lib/gcc/arm-none-eabi/12.3.1/../../../../arm-none-eabi/lib/thumb/v7e-m+dp/hard\libc_nano.a(libc_a-impure.o)
                0x20000a3c                _impure_ptr
 .data._impure_data
                0x20000a40       0x4c C:/ST/STM32CubeIDE_1.13.0/STM32CubeIDE/plugins/com.st.stm32cube.ide.mcu.externaltools.gnu-tools-for-stm32.12.3.rel1.win32_1.1.0.202410251130/tools/bin/../lib/gcc/arm-none-eabi/12.3.1/../../../../arm-none-eabi/lib/thumb/v7e-m+dp/hard\libc_nano.a(libc_a-impure.o)
                0x20000a40                _impure_data
 *(.RamFunc)
 *(.RamFunc*)
                0x20000a8c                        . = ALIGN (0x4)
                0x20000a8c                        _edata = .

.igot.plt       0x20000a8c        0x0 load address 0x080143a0
 .igot.plt      0x20000a8c        0x0 C:/ST/STM32CubeIDE_1.13.0/STM32CubeIDE/plugins/com.st.stm32cube.ide.mcu.externaltools.gnu-tools-for-stm32.12.3.rel1.win32_1.1.0.202410251130/tools/bin/../lib/gcc/arm-none-eabi/12.3.1/thumb/v7e-m+dp/hard/crtbegin.o
                0x20000a8c                        . = ALIGN (0x4)

.bss            0x20000aa0     0x23ac load address 0x080143a0
                0x20000aa0                        _sbss = .
                0x20000aa0                        __bss_start__ = _sbss
 *(.bss)
 .bss           0x20000aa0       0x1c C:/ST/STM32CubeIDE_1.13.0/STM32CubeIDE/plugins/com.st.stm32cube.ide.mcu.externaltools.gnu-tools-for-stm32.12.3.rel1.win32_1.1.0.202410251130/tools/bin/../lib/gcc/arm-none-eabi/12.3.1/thumb/v7e-m+dp/hard/crtbegin.o
 *(.bss*)
 .bss.image_buffer
                0x20000abc      0x310 ./Core/Src/main.o
                0x20000abc                image_buffer
 .bss.flag      0x20000dcc        0x1 ./Core/Src/main.o
                0x20000dcc                flag
 *fill*         0x20000dcd        0x3 
 .bss.huart3    0x20000dd0       0x88 ./Core/Src/main.o
                0x20000dd0                huart3
 .bss.__sbrk_heap_end
                0x20000e58        0x4 ./Core/Src/sysmem.o
 .bss.uwTick    0x20000e5c        0x4 ./Drivers/STM32F7xx_HAL_Driver/Src/stm32f7xx_hal.o
                0x20000e5c                uwTick
 .bss.data_ins  0x20000e60        0x4 ./X-CUBE-AI/App/app_x-cube-ai.o
                0x20000e60                data_ins
 .bss.data_outs
                0x20000e64        0x4 ./X-CUBE-AI/App/app_x-cube-ai.o
                0x20000e64                data_outs
 *fill*         0x20000e68       0x18 
 .bss.pool0     0x20000e80     0x1dc0 ./X-CUBE-AI/App/app_x-cube-ai.o
 .bss.network   0x20002c40        0x4 ./X-CUBE-AI/App/app_x-cube-ai.o
 .bss.ai_input  0x20002c44        0x4 ./X-CUBE-AI/App/app_x-cube-ai.o
 .bss.ai_output
                0x20002c48        0x4 ./X-CUBE-AI/App/app_x-cube-ai.o
 .bss.g_network_activations_map
                0x20002c4c        0x4 ./X-CUBE-AI/App/network.o
 .bss.g_network_weights_map
                0x20002c50        0x4 ./X-CUBE-AI/App/network.o
 .bss.__compound_literal.82
                0x20002c54        0x4 ./X-CUBE-AI/App/network.o
 .bss.__compound_literal.100
                0x20002c58       0x10 ./X-CUBE-AI/App/network.o
 .bss.__compound_literal.101
                0x20002c68       0x10 ./X-CUBE-AI/App/network.o
 .bss.__compound_literal.107
                0x20002c78       0x10 ./X-CUBE-AI/App/network.o
 .bss.__compound_literal.108
                0x20002c88       0x10 ./X-CUBE-AI/App/network.o
 .bss.__compound_literal.114
                0x20002c98       0x1c ./X-CUBE-AI/App/network.o
 .bss.__compound_literal.115
                0x20002cb4       0x10 ./X-CUBE-AI/App/network.o
 .bss.__compound_literal.116
                0x20002cc4        0x8 ./X-CUBE-AI/App/network.o
 .bss.__compound_literal.119
                0x20002ccc       0x1c ./X-CUBE-AI/App/network.o
 .bss.__compound_literal.120
                0x20002ce8       0x10 ./X-CUBE-AI/App/network.o
 .bss.__compound_literal.121
                0x20002cf8        0x8 ./X-CUBE-AI/App/network.o
 .bss.__malloc_sbrk_start
                0x20002d00        0x4 C:/ST/STM32CubeIDE_1.13.0/STM32CubeIDE/plugins/com.st.stm32cube.ide.mcu.externaltools.gnu-tools-for-stm32.12.3.rel1.win32_1.1.0.202410251130/tools/bin/../lib/gcc/arm-none-eabi/12.3.1/../../../../arm-none-eabi/lib/thumb/v7e-m+dp/hard\libc_nano.a(libc_a-mallocr.o)
                0x20002d00                __malloc_sbrk_start
 .bss.__malloc_free_list
                0x20002d04        0x4 C:/ST/STM32CubeIDE_1.13.0/STM32CubeIDE/plugins/com.st.stm32cube.ide.mcu.externaltools.gnu-tools-for-stm32.12.3.rel1.win32_1.1.0.202410251130/tools/bin/../lib/gcc/arm-none-eabi/12.3.1/../../../../arm-none-eabi/lib/thumb/v7e-m+dp/hard\libc_nano.a(libc_a-mallocr.o)
                0x20002d04                __malloc_free_list
 .bss.__sf      0x20002d08      0x138 C:/ST/STM32CubeIDE_1.13.0/STM32CubeIDE/plugins/com.st.stm32cube.ide.mcu.externaltools.gnu-tools-for-stm32.12.3.rel1.win32_1.1.0.202410251130/tools/bin/../lib/gcc/arm-none-eabi/12.3.1/../../../../arm-none-eabi/lib/thumb/v7e-m+dp/hard\libc_nano.a(libc_a-findfp.o)
                0x20002d08                __sf
 .bss.__stdio_exit_handler
                0x20002e40        0x4 C:/ST/STM32CubeIDE_1.13.0/STM32CubeIDE/plugins/com.st.stm32cube.ide.mcu.externaltools.gnu-tools-for-stm32.12.3.rel1.win32_1.1.0.202410251130/tools/bin/../lib/gcc/arm-none-eabi/12.3.1/../../../../arm-none-eabi/lib/thumb/v7e-m+dp/hard\libc_nano.a(libc_a-findfp.o)
                0x20002e40                __stdio_exit_handler
 .bss.errno     0x20002e44        0x4 C:/ST/STM32CubeIDE_1.13.0/STM32CubeIDE/plugins/com.st.stm32cube.ide.mcu.externaltools.gnu-tools-for-stm32.12.3.rel1.win32_1.1.0.202410251130/tools/bin/../lib/gcc/arm-none-eabi/12.3.1/../../../../arm-none-eabi/lib/thumb/v7e-m+dp/hard\libc_nano.a(libc_a-reent.o)
                0x20002e44                errno
 .bss.__lock___malloc_recursive_mutex
                0x20002e48        0x1 C:/ST/STM32CubeIDE_1.13.0/STM32CubeIDE/plugins/com.st.stm32cube.ide.mcu.externaltools.gnu-tools-for-stm32.12.3.rel1.win32_1.1.0.202410251130/tools/bin/../lib/gcc/arm-none-eabi/12.3.1/../../../../arm-none-eabi/lib/thumb/v7e-m+dp/hard\libc_nano.a(libc_a-lock.o)
                0x20002e48                __lock___malloc_recursive_mutex
 .bss.__lock___sfp_recursive_mutex
                0x20002e49        0x1 C:/ST/STM32CubeIDE_1.13.0/STM32CubeIDE/plugins/com.st.stm32cube.ide.mcu.externaltools.gnu-tools-for-stm32.12.3.rel1.win32_1.1.0.202410251130/tools/bin/../lib/gcc/arm-none-eabi/12.3.1/../../../../arm-none-eabi/lib/thumb/v7e-m+dp/hard\libc_nano.a(libc_a-lock.o)
                0x20002e49                __lock___sfp_recursive_mutex
 *(COMMON)
                0x20002e4c                        . = ALIGN (0x4)
 *fill*         0x20002e4a        0x2 
                0x20002e4c                        _ebss = .
                0x20002e4c                        __bss_end__ = _ebss

._user_heap_stack
                0x20002e4c     0x1004 load address 0x080143a0
                0x20002e50                        . = ALIGN (0x8)
 *fill*         0x20002e4c        0x4 
                [!provide]                        PROVIDE (end = .)
                0x20002e50                        PROVIDE (_end = .)
                0x20003650                        . = (. + _Min_Heap_Size)
 *fill*         0x20002e50      0x800 
                0x20003e50                        . = (. + _Min_Stack_Size)
 *fill*         0x20003650      0x800 
                0x20003e50                        . = ALIGN (0x8)

/DISCARD/
 libc.a(*)
 libm.a(*)
 libgcc.a(*)

.ARM.attributes
                0x00000000       0x2e
 *(.ARM.attributes)
 .ARM.attributes
                0x00000000       0x20 C:/ST/STM32CubeIDE_1.13.0/STM32CubeIDE/plugins/com.st.stm32cube.ide.mcu.externaltools.gnu-tools-for-stm32.12.3.rel1.win32_1.1.0.202410251130/tools/bin/../lib/gcc/arm-none-eabi/12.3.1/thumb/v7e-m+dp/hard/crti.o
 .ARM.attributes
                0x00000020       0x32 C:/ST/STM32CubeIDE_1.13.0/STM32CubeIDE/plugins/com.st.stm32cube.ide.mcu.externaltools.gnu-tools-for-stm32.12.3.rel1.win32_1.1.0.202410251130/tools/bin/../lib/gcc/arm-none-eabi/12.3.1/thumb/v7e-m+dp/hard/crtbegin.o
 .ARM.attributes
                0x00000052       0x32 ./Core/Src/main.o
 .ARM.attributes
                0x00000084       0x32 ./Core/Src/stm32f7xx_hal_msp.o
 .ARM.attributes
                0x000000b6       0x32 ./Core/Src/stm32f7xx_it.o
 .ARM.attributes
                0x000000e8       0x32 ./Core/Src/sysmem.o
 .ARM.attributes
                0x0000011a       0x32 ./Core/Src/system_stm32f7xx.o
 .ARM.attributes
                0x0000014c       0x21 ./Core/Startup/startup_stm32f767zitx.o
 .ARM.attributes
                0x0000016d       0x32 ./Drivers/STM32F7xx_HAL_Driver/Src/stm32f7xx_hal.o
 .ARM.attributes
                0x0000019f       0x32 ./Drivers/STM32F7xx_HAL_Driver/Src/stm32f7xx_hal_cortex.o
 .ARM.attributes
                0x000001d1       0x32 ./Drivers/STM32F7xx_HAL_Driver/Src/stm32f7xx_hal_gpio.o
 .ARM.attributes
                0x00000203       0x32 ./Drivers/STM32F7xx_HAL_Driver/Src/stm32f7xx_hal_pwr_ex.o
 .ARM.attributes
                0x00000235       0x32 ./Drivers/STM32F7xx_HAL_Driver/Src/stm32f7xx_hal_rcc.o
 .ARM.attributes
                0x00000267       0x32 ./Drivers/STM32F7xx_HAL_Driver/Src/stm32f7xx_hal_rcc_ex.o
 .ARM.attributes
                0x00000299       0x32 ./Drivers/STM32F7xx_HAL_Driver/Src/stm32f7xx_hal_uart.o
 .ARM.attributes
                0x000002cb       0x32 ./X-CUBE-AI/App/app_x-cube-ai.o
 .ARM.attributes
                0x000002fd       0x32 ./X-CUBE-AI/App/network.o
 .ARM.attributes
                0x0000032f       0x32 ./X-CUBE-AI/App/network_data.o
 .ARM.attributes
                0x00000361       0x32 ./X-CUBE-AI/App/network_data_params.o
 .ARM.attributes
                0x00000393       0x30 ../Middlewares/ST/AI/Lib\NetworkRuntime910_CM7_GCC.a(ai_platform.o)
 .ARM.attributes
                0x000003c3       0x30 ../Middlewares/ST/AI/Lib\NetworkRuntime910_CM7_GCC.a(ai_platform_interface.o)
 .ARM.attributes
                0x000003f3       0x30 ../Middlewares/ST/AI/Lib\NetworkRuntime910_CM7_GCC.a(core_common.o)
 .ARM.attributes
                0x00000423       0x30 ../Middlewares/ST/AI/Lib\NetworkRuntime910_CM7_GCC.a(layers.o)
 .ARM.attributes
                0x00000453       0x30 ../Middlewares/ST/AI/Lib\NetworkRuntime910_CM7_GCC.a(layers_conv2d_sssa8_ch.o)
 .ARM.attributes
                0x00000483       0x30 ../Middlewares/ST/AI/Lib\NetworkRuntime910_CM7_GCC.a(layers_conv2d_stm32_integer.o)
 .ARM.attributes
                0x000004b3       0x30 ../Middlewares/ST/AI/Lib\NetworkRuntime910_CM7_GCC.a(layers_nl_stm32_integer.o)
 .ARM.attributes
                0x000004e3       0x30 ../Middlewares/ST/AI/Lib\NetworkRuntime910_CM7_GCC.a(layers_pool_stm32_integer.o)
 .ARM.attributes
                0x00000513       0x30 ../Middlewares/ST/AI/Lib\NetworkRuntime910_CM7_GCC.a(forward_lite_maxpool_is8os8_scalepos.o)
 .ARM.attributes
                0x00000543       0x30 ../Middlewares/ST/AI/Lib\NetworkRuntime910_CM7_GCC.a(forward_lite_conv2d_sssa8_ch.o)
 .ARM.attributes
                0x00000573       0x30 ../Middlewares/ST/AI/Lib\NetworkRuntime910_CM7_GCC.a(forward_lite_maxpool_is8os8.o)
 .ARM.attributes
                0x000005a3       0x30 ../Middlewares/ST/AI/Lib\NetworkRuntime910_CM7_GCC.a(lite_nl_generic_integer.o)
 .ARM.attributes
                0x000005d3       0x30 ../Middlewares/ST/AI/Lib\NetworkRuntime910_CM7_GCC.a(st_align_factor.o)
 .ARM.attributes
                0x00000603       0x30 ../Middlewares/ST/AI/Lib\NetworkRuntime910_CM7_GCC.a(st_int8_to16_no_shift.o)
 .ARM.attributes
                0x00000633       0x30 ../Middlewares/ST/AI/Lib\NetworkRuntime910_CM7_GCC.a(st_padding_opt.o)
 .ARM.attributes
                0x00000663       0x30 ../Middlewares/ST/AI/Lib\NetworkRuntime910_CM7_GCC.a(st_int16_fill.o)
 .ARM.attributes
                0x00000693       0x30 ../Middlewares/ST/AI/Lib\NetworkRuntime910_CM7_GCC.a(st_sssa8_ch_convolve.o)
 .ARM.attributes
                0x000006c3       0x30 ../Middlewares/ST/AI/Lib\NetworkRuntime910_CM7_GCC.a(st_sssa8_ch_dense.o)
 .ARM.attributes
                0x000006f3       0x30 ../Middlewares/ST/AI/Lib\NetworkRuntime910_CM7_GCC.a(st_int8_fill.o)
 .ARM.attributes
                0x00000723       0x30 ../Middlewares/ST/AI/Lib\NetworkRuntime910_CM7_GCC.a(st_int8_reordered_no_shift.o)
 .ARM.attributes
                0x00000753       0x30 ../Middlewares/ST/AI/Lib\NetworkRuntime910_CM7_GCC.a(st_sssa8_ch_nn_mat_mult_kernel_single_opt.o)
 .ARM.attributes
                0x00000783       0x1c ../Middlewares/ST/AI/Lib\NetworkRuntime910_CM7_GCC.a(st_sssa8_ch_nn_mat_mult_kernel_opt.o)
 .ARM.attributes
                0x0000079f       0x30 ../Middlewares/ST/AI/Lib\NetworkRuntime910_CM7_GCC.a(ai_datatypes_format.o)
 .ARM.attributes
                0x000007cf       0x30 ../Middlewares/ST/AI/Lib\NetworkRuntime910_CM7_GCC.a(ai_datatypes_internal.o)
 .ARM.attributes
                0x000007ff       0x30 ../Middlewares/ST/AI/Lib\NetworkRuntime910_CM7_GCC.a(core_utils.o)
 .ARM.attributes
                0x0000082f       0x30 ../Middlewares/ST/AI/Lib\NetworkRuntime910_CM7_GCC.a(lite_nl_softmax_is8os8.o)
 .ARM.attributes
                0x0000085f       0x30 ../Middlewares/ST/AI/Lib\NetworkRuntime910_CM7_GCC.a(lite_nl_softmax_iu8ou8.o)
 .ARM.attributes
                0x0000088f       0x32 C:/ST/STM32CubeIDE_1.13.0/STM32CubeIDE/plugins/com.st.stm32cube.ide.mcu.externaltools.gnu-tools-for-stm32.12.3.rel1.win32_1.1.0.202410251130/tools/bin/../lib/gcc/arm-none-eabi/12.3.1/../../../../arm-none-eabi/lib/thumb/v7e-m+dp/hard\libc_nano.a(libc_a-mallocr.o)
 .ARM.attributes
                0x000008c1       0x32 C:/ST/STM32CubeIDE_1.13.0/STM32CubeIDE/plugins/com.st.stm32cube.ide.mcu.externaltools.gnu-tools-for-stm32.12.3.rel1.win32_1.1.0.202410251130/tools/bin/../lib/gcc/arm-none-eabi/12.3.1/../../../../arm-none-eabi/lib/thumb/v7e-m+dp/hard\libc_nano.a(libc_a-mlock.o)
 .ARM.attributes
                0x000008f3       0x32 C:/ST/STM32CubeIDE_1.13.0/STM32CubeIDE/plugins/com.st.stm32cube.ide.mcu.externaltools.gnu-tools-for-stm32.12.3.rel1.win32_1.1.0.202410251130/tools/bin/../lib/gcc/arm-none-eabi/12.3.1/../../../../arm-none-eabi/lib/thumb/v7e-m+dp/hard\libc_nano.a(libc_a-findfp.o)
 .ARM.attributes