../Drivers/CMSIS/Include/core_cm7.h:2229:22:SCB_EnableICache	4	static,ignoring_inline_asm
../Drivers/CMSIS/Include/core_cm7.h:2281:22:SCB_EnableDCache	24	static,ignoring_inline_asm
../Core/Src/main.c:70:5:main	8	static
../Core/Src/main.c:149:6:SystemClock_Config	88	static
../Core/Src/main.c:203:6:MX_USART3_UART_Init	8	static
../Core/Src/main.c:238:13:MX_GPIO_Init	56	static
../Core/Src/main.c:335:6:print_array	16	static
../Core/Src/main.c:339:6:print_now	16	static
../Core/Src/main.c:350:6:Error_Handler	4	static,ignoring_inline_asm
