Archive member included to satisfy reference by file (symbol)

/home/docker/STM32Cube/Repository/Packs/STMicroelectronics/X-CUBE-AI/2.0.0/Middlewares/ST/AI/Lib/GCC/ARMCortexM7/NetworkRuntime1000_CM7_GCC.a(ai_platform.o)
                              network.o (ai_buffer_array_item_set_address)
/home/docker/STM32Cube/Repository/Packs/STMicroelectronics/X-CUBE-AI/2.0.0/Middlewares/ST/AI/Lib/GCC/ARMCortexM7/NetworkRuntime1000_CM7_GCC.a(ai_platform_interface.o)
                              network.o (ai_platform_get_weights_map)
/home/docker/STM32Cube/Repository/Packs/STMicroelectronics/X-CUBE-AI/2.0.0/Middlewares/ST/AI/Lib/GCC/ARMCortexM7/NetworkRuntime1000_CM7_GCC.a(core_common.o)
                              /home/docker/STM32Cube/Repository/Packs/STMicroelectronics/X-CUBE-AI/2.0.0/Middlewares/ST/AI/Lib/GCC/ARMCortexM7/NetworkRuntime1000_CM7_GCC.a(ai_platform_interface.o) (core_init)
/home/docker/STM32Cube/Repository/Packs/STMicroelectronics/X-CUBE-AI/2.0.0/Middlewares/ST/AI/Lib/GCC/ARMCortexM7/NetworkRuntime1000_CM7_GCC.a(core_mem_manager.o)
                              /home/docker/STM32Cube/Repository/Packs/STMicroelectronics/X-CUBE-AI/2.0.0/Middlewares/ST/AI/Lib/GCC/ARMCortexM7/NetworkRuntime1000_CM7_GCC.a(ai_platform_interface.o) (core_mem_alloc)
/home/docker/STM32Cube/Repository/Packs/STMicroelectronics/X-CUBE-AI/2.0.0/Middlewares/ST/AI/Lib/GCC/ARMCortexM7/NetworkRuntime1000_CM7_GCC.a(layers.o)
                              /home/docker/STM32Cube/Repository/Packs/STMicroelectronics/X-CUBE-AI/2.0.0/Middlewares/ST/AI/Lib/GCC/ARMCortexM7/NetworkRuntime1000_CM7_GCC.a(ai_platform_interface.o) (ai_check_custom_types)
/home/docker/STM32Cube/Repository/Packs/STMicroelectronics/X-CUBE-AI/2.0.0/Middlewares/ST/AI/Lib/GCC/ARMCortexM7/NetworkRuntime1000_CM7_GCC.a(layers_conv2d_sssa8_ch.o)
                              network.o (forward_conv2d_sssa8_ch_nl_pool)
/home/docker/STM32Cube/Repository/Packs/STMicroelectronics/X-CUBE-AI/2.0.0/Middlewares/ST/AI/Lib/GCC/ARMCortexM7/NetworkRuntime1000_CM7_GCC.a(layers_conv2d_stm32_integer.o)
                              network.o (forward_dense_integer_SSSA_ch)
/home/docker/STM32Cube/Repository/Packs/STMicroelectronics/X-CUBE-AI/2.0.0/Middlewares/ST/AI/Lib/GCC/ARMCortexM7/NetworkRuntime1000_CM7_GCC.a(layers_nl_stm32_integer.o)
                              network.o (forward_sm_integer)
/home/docker/STM32Cube/Repository/Packs/STMicroelectronics/X-CUBE-AI/2.0.0/Middlewares/ST/AI/Lib/GCC/ARMCortexM7/NetworkRuntime1000_CM7_GCC.a(layers_pool_stm32_integer.o)
                              network.o (pool_func_mp_array_integer_INT8)
/home/docker/STM32Cube/Repository/Packs/STMicroelectronics/X-CUBE-AI/2.0.0/Middlewares/ST/AI/Lib/GCC/ARMCortexM7/NetworkRuntime1000_CM7_GCC.a(layers_conv2d_integer_scratch.o)
                              /home/docker/STM32Cube/Repository/Packs/STMicroelectronics/X-CUBE-AI/2.0.0/Middlewares/ST/AI/Lib/GCC/ARMCortexM7/NetworkRuntime1000_CM7_GCC.a(layers.o) (get_conv2d_scratch_size)
/home/docker/STM32Cube/Repository/Packs/STMicroelectronics/X-CUBE-AI/2.0.0/Middlewares/ST/AI/Lib/GCC/ARMCortexM7/NetworkRuntime1000_CM7_GCC.a(forward_lite_dense_is8os8ws8.o)
                              /home/docker/STM32Cube/Repository/Packs/STMicroelectronics/X-CUBE-AI/2.0.0/Middlewares/ST/AI/Lib/GCC/ARMCortexM7/NetworkRuntime1000_CM7_GCC.a(layers_conv2d_stm32_integer.o) (forward_lite_dense_is8os8ws8)
/home/docker/STM32Cube/Repository/Packs/STMicroelectronics/X-CUBE-AI/2.0.0/Middlewares/ST/AI/Lib/GCC/ARMCortexM7/NetworkRuntime1000_CM7_GCC.a(forward_lite_maxpool_is8os8_scalepos.o)
                              /home/docker/STM32Cube/Repository/Packs/STMicroelectronics/X-CUBE-AI/2.0.0/Middlewares/ST/AI/Lib/GCC/ARMCortexM7/NetworkRuntime1000_CM7_GCC.a(layers_pool_stm32_integer.o) (forward_lite_maxpool_is8os8_scalepos)
/home/docker/STM32Cube/Repository/Packs/STMicroelectronics/X-CUBE-AI/2.0.0/Middlewares/ST/AI/Lib/GCC/ARMCortexM7/NetworkRuntime1000_CM7_GCC.a(forward_lite_avepool_is8os8.o)
                              /home/docker/STM32Cube/Repository/Packs/STMicroelectronics/X-CUBE-AI/2.0.0/Middlewares/ST/AI/Lib/GCC/ARMCortexM7/NetworkRuntime1000_CM7_GCC.a(layers_pool_stm32_integer.o) (forward_lite_avepool_is8os8)
/home/docker/STM32Cube/Repository/Packs/STMicroelectronics/X-CUBE-AI/2.0.0/Middlewares/ST/AI/Lib/GCC/ARMCortexM7/NetworkRuntime1000_CM7_GCC.a(forward_lite_conv2d_sssa8_ch.o)
                              /home/docker/STM32Cube/Repository/Packs/STMicroelectronics/X-CUBE-AI/2.0.0/Middlewares/ST/AI/Lib/GCC/ARMCortexM7/NetworkRuntime1000_CM7_GCC.a(layers_conv2d_sssa8_ch.o) (forward_lite_conv2d_dilated_sssa8_ch)
/home/docker/STM32Cube/Repository/Packs/STMicroelectronics/X-CUBE-AI/2.0.0/Middlewares/ST/AI/Lib/GCC/ARMCortexM7/NetworkRuntime1000_CM7_GCC.a(forward_lite_maxpool_is16os16.o)
[...]
Memory Configuration

Name             Origin             Length             Attributes
RAM              0x20000000         0x02000000         xrw
FLASH            0x08000000         0x02000000         xr
*default*        0x00000000         0xffffffff

Linker script and memory map

LOAD /opt/st/stm32cubeide_1.15.0/plugins/com.st.stm32cube.ide.mcu.externaltools.gnu-tools-for-stm32.12.3.rel1.linux64_1.0.100.202403111256/tools/bin/../lib/gcc/arm-none-eabi/12.3.1/thumb/v7e-m+fp/hard/crti.o
LOAD /opt/st/stm32cubeide_1.15.0/plugins/com.st.stm32cube.ide.mcu.externaltools.gnu-tools-for-stm32.12.3.rel1.linux64_1.0.100.202403111256/tools/bin/../lib/gcc/arm-none-eabi/12.3.1/thumb/v7e-m+fp/hard/crtbegin.o
LOAD /opt/st/stm32cubeide_1.15.0/plugins/com.st.stm32cube.ide.mcu.externaltools.gnu-tools-for-stm32.12.3.rel1.linux64_1.0.100.202403111256/tools/bin/../lib/gcc/arm-none-eabi/12.3.1/../../../../arm-none-eabi/lib/thumb/v7e-m+fp/hard/crt0.o
START GROUP
LOAD /opt/st/stm32cubeide_1.15.0/plugins/com.st.stm32cube.ide.mcu.externaltools.gnu-tools-for-stm32.12.3.rel1.linux64_1.0.100.202403111256/tools/bin/../lib/gcc/arm-none-eabi/12.3.1/../../../../arm-none-eabi/lib/thumb/v7e-m+fp/hard/libm.a
END GROUP
LOAD network_data_params.o
LOAD syscalls.o
LOAD stedgeai_app_main.o
LOAD sysmem.o
LOAD network_data.o
LOAD startup_stm32xx.o
LOAD network.o
LOAD /home/docker/STM32Cube/Repository/Packs/STMicroelectronics/X-CUBE-AI/2.0.0/Middlewares/ST/AI/Lib/GCC/ARMCortexM7/NetworkRuntime1000_CM7_GCC.a
START GROUP
LOAD /opt/st/stm32cubeide_1.15.0/plugins/com.st.stm32cube.ide.mcu.externaltools.gnu-tools-for-stm32.12.3.rel1.linux64_1.0.100.202403111256/tools/bin/../lib/gcc/arm-none-eabi/12.3.1/thumb/v7e-m+fp/hard/libgcc.a
LOAD /opt/st/stm32cubeide_1.15.0/plugins/com.st.stm32cube.ide.mcu.externaltools.gnu-tools-for-stm32.12.3.rel1.linux64_1.0.100.202403111256/tools/bin/../lib/gcc/arm-none-eabi/12.3.1/../../../../arm-none-eabi/lib/thumb/v7e-m+fp/hard/libc_nano.a
END GROUP
START GROUP
LOAD /opt/st/stm32cubeide_1.15.0/plugins/com.st.stm32cube.ide.mcu.externaltools.gnu-tools-for-stm32.12.3.rel1.linux64_1.0.100.202403111256/tools/bin/../lib/gcc/arm-none-eabi/12.3.1/thumb/v7e-m+fp/hard/libgcc.a
LOAD /opt/st/stm32cubeide_1.15.0/plugins/com.st.stm32cube.ide.mcu.externaltools.gnu-tools-for-stm32.12.3.rel1.linux64_1.0.100.202403111256/tools/bin/../lib/gcc/arm-none-eabi/12.3.1/../../../../arm-none-eabi/lib/thumb/v7e-m+fp/hard/libc_nano.a
END GROUP
LOAD /opt/st/stm32cubeide_1.15.0/plugins/com.st.stm32cube.ide.mcu.externaltools.gnu-tools-for-stm32.12.3.rel1.linux64_1.0.100.202403111256/tools/bin/../lib/gcc/arm-none-eabi/12.3.1/thumb/v7e-m+fp/hard/crtend.o
LOAD /opt/st/stm32cubeide_1.15.0/plugins/com.st.stm32cube.ide.mcu.externaltools.gnu-tools-for-stm32.12.3.rel1.linux64_1.0.100.202403111256/tools/bin/../lib/gcc/arm-none-eabi/12.3.1/thumb/v7e-m+fp/hard/crtn.o
                0x21000000                        _estack = 0x21000000
                0x00002000                        _Min_Heap_Size = 0x2000
                0x00001000                        _Min_Stack_Size = 0x1000

.isr_vector     0x08000000       0x40
                0x08000000                        . = ALIGN (0x4)
 *(.isr_vector)
 .isr_vector    0x08000000       0x40 startup_stm32xx.o
                0x08000000                g_pfnVectors
                0x08000040                        . = ALIGN (0x4)

.text           0x08000040     0x5448
                0x08000040                        . = ALIGN (0x4)
 *(.text)
 .text          0x08000040       0x40 /opt/st/stm32cubeide_1.15.0/plugins/com.st.stm32cube.ide.mcu.externaltools.gnu-tools-for-stm32.12.3.rel1.linux64_1.0.100.202403111256/tools/bin/../lib/gcc/arm-none-eabi/12.3.1/thumb/v7e-m+fp/hard/crtbegin.o
 *(.text*)
 .text.aiInit   0x08000080       0x40 stedgeai_app_main.o
                0x08000080                aiInit
 .text.aiRun    0x080000c0       0x1c stedgeai_app_main.o
                0x080000c0                aiRun
 .text.main_loop
                0x080000dc        0xc stedgeai_app_main.o
                0x080000dc                main_loop
 .text.SystemInit
                0x080000e8        0x2 stedgeai_app_main.o
                0x080000e8                SystemInit
 .text.startup.main
                0x080000ea        0x6 stedgeai_app_main.o
                0x080000ea                main
 .text.ai_network_data_params_get
                0x080000f0       0x30 network_data.o
                0x080000f0                ai_network_data_params_get
 .text.Reset_Handler
                0x08000120       0x50 startup_stm32xx.o
                0x08000120                Reset_Handler
 .text.Default_Handler
                0x08000170        0x2 startup_stm32xx.o
                0x08000170                DebugMon_Handler
                0x08000170                HardFault_Handler
                0x08000170                SysTick_Handler
                0x08000170                PendSV_Handler
                0x08000170                NMI_Handler
                0x08000170                UsageFault_Handler
                0x08000170                Default_Handler
                0x08000170                MemManage_Handler
                0x08000170                SVC_Handler
                0x08000170                BusFault_Handler
 *fill*         0x08000172        0x2 
 .text.ai_network_create
                0x08000174       0x1c network.o
                0x08000174                ai_network_create
 .text.ai_network_inputs_get
                0x08000190       0x14 network.o
                0x08000190                ai_network_inputs_get
 .text.ai_network_outputs_get
                0x080001a4       0x14 network.o
                0x080001a4                ai_network_outputs_get
 .text.ai_network_init
                0x080001b8      0x1d4 network.o
                0x080001b8                ai_network_init
 .text.ai_network_create_and_init
                0x0800038c       0x92 network.o
                0x0800038c                ai_network_create_and_init
 .text.ai_network_run
                0x0800041e        0x4 network.o
                0x0800041e                ai_network_run
 *fill*         0x08000422        0x2 
 .text.ai_buffer_get_size
                0x08000424       0x68 /home/docker/STM32Cube/Repository/Packs/STMicroelectronics/X-CUBE-AI/2.0.0/Middlewares/ST/AI/Lib/GCC/ARMCortexM7/NetworkRuntime1000_CM7_GCC.a(ai_platform.o)
                0x08000424                ai_buffer_get_size
 .text.ai_buffer_array_sane
                0x0800048c       0x14 /home/docker/STM32Cube/Repository/Packs/STMicroelectronics/X-CUBE-AI/2.0.0/Middlewares/ST/AI/Lib/GCC/ARMCortexM7/NetworkRuntime1000_CM7_GCC.a(ai_platform.o)
                0x0800048c                ai_buffer_array_sane
 .text.ai_buffer_array_item_set_address
                0x080004a0       0x20 /home/docker/STM32Cube/Repository/Packs/STMicroelectronics/X-CUBE-AI/2.0.0/Middlewares/ST/AI/Lib/GCC/ARMCortexM7/NetworkRuntime1000_CM7_GCC.a(ai_platform.o)
                0x080004a0                ai_buffer_array_item_set_address
 .text.ai_platform_get_weights_map
                0x080004c0       0xb0 /home/docker/STM32Cube/Repository/Packs/STMicroelectronics/X-CUBE-AI/2.0.0/Middlewares/ST/AI/Lib/GCC/ARMCortexM7/NetworkRuntime1000_CM7_GCC.a(ai_platform_interface.o)
                0x080004c0                ai_platform_get_weights_map
 .text.ai_platform_get_activations_map
                0x08000570       0xb0 /home/docker/STM32Cube/Repository/Packs/STMicroelectronics/X-CUBE-AI/2.0.0/Middlewares/ST/AI/Lib/GCC/ARMCortexM7/NetworkRuntime1000_CM7_GCC.a(ai_platform_interface.o)
                0x08000570                ai_platform_get_activations_map
 .text.ai_platform_bind_network_params
                0x08000620       0x34 /home/docker/STM32Cube/Repository/Packs/STMicroelectronics/X-CUBE-AI/2.0.0/Middlewares/ST/AI/Lib/GCC/ARMCortexM7/NetworkRuntime1000_CM7_GCC.a(ai_platform_interface.o)
                0x08000620                ai_platform_bind_network_params
 .text.ai_platform_network_get_error
                0x08000654       0x18 /home/docker/STM32Cube/Repository/Packs/STMicroelectronics/X-CUBE-AI/2.0.0/Middlewares/ST/AI/Lib/GCC/ARMCortexM7/NetworkRuntime1000_CM7_GCC.a(ai_platform_interface.o)
                0x08000654                ai_platform_network_get_error
 .text.ai_platform_network_set_error
                0x0800066c        0xc /home/docker/STM32Cube/Repository/Packs/STMicroelectronics/X-CUBE-AI/2.0.0/Middlewares/ST/AI/Lib/GCC/ARMCortexM7/NetworkRuntime1000_CM7_GCC.a(ai_platform_interface.o)
                0x0800066c                ai_platform_network_set_error
 .text.ai_platform_inputs_get
                0x08000678       0xf0 /home/docker/STM32Cube/Repository/Packs/STMicroelectronics/X-CUBE-AI/2.0.0/Middlewares/ST/AI/Lib/GCC/ARMCortexM7/NetworkRuntime1000_CM7_GCC.a(ai_platform_interface.o)
                0x08000678                ai_platform_inputs_get
 .text.ai_platform_outputs_get
                0x08000768       0xec /home/docker/STM32Cube/Repository/Packs/STMicroelectronics/X-CUBE-AI/2.0.0/Middlewares/ST/AI/Lib/GCC/ARMCortexM7/NetworkRuntime1000_CM7_GCC.a(ai_platform_interface.o)
                0x08000768                ai_platform_outputs_get
 .text.ai_platform_network_create
                0x08000854       0x84 /home/docker/STM32Cube/Repository/Packs/STMicroelectronics/X-CUBE-AI/2.0.0/Middlewares/ST/AI/Lib/GCC/ARMCortexM7/NetworkRuntime1000_CM7_GCC.a(ai_platform_interface.o)
                0x08000854                ai_platform_network_create
 .text.ai_platform_network_init
                0x080008d8      0x180 /home/docker/STM32Cube/Repository/Packs/STMicroelectronics/X-CUBE-AI/2.0.0/Middlewares/ST/AI/Lib/GCC/ARMCortexM7/NetworkRuntime1000_CM7_GCC.a(ai_platform_interface.o)
                0x080008d8                ai_platform_network_init
 .text.ai_platform_network_post_init
                0x08000a58       0x60 /home/docker/STM32Cube/Repository/Packs/STMicroelectronics/X-CUBE-AI/2.0.0/Middlewares/ST/AI/Lib/GCC/ARMCortexM7/NetworkRuntime1000_CM7_GCC.a(ai_platform_interface.o)
                0x08000a58                ai_platform_network_post_init
 .text.ai_platform_network_process
                0x08000ab8      0x48c /home/docker/STM32Cube/Repository/Packs/STMicroelectronics/X-CUBE-AI/2.0.0/Middlewares/ST/AI/Lib/GCC/ARMCortexM7/NetworkRuntime1000_CM7_GCC.a(ai_platform_interface.o)
                0x08000ab8                ai_platform_network_process
 .text.core_init
                0x08000f44        0x4 /home/docker/STM32Cube/Repository/Packs/STMicroelectronics/X-CUBE-AI/2.0.0/Middlewares/ST/AI/Lib/GCC/ARMCortexM7/NetworkRuntime1000_CM7_GCC.a(core_common.o)
                0x08000f44                core_init
 .text.core_get_error
                0x08000f48        0xc /home/docker/STM32Cube/Repository/Packs/STMicroelectronics/X-CUBE-AI/2.0.0/Middlewares/ST/AI/Lib/GCC/ARMCortexM7/NetworkRuntime1000_CM7_GCC.a(core_common.o)
                0x08000f48                core_get_error
 .text.core_set_error
                0x08000f54       0x18 /home/docker/STM32Cube/Repository/Packs/STMicroelectronics/X-CUBE-AI/2.0.0/Middlewares/ST/AI/Lib/GCC/ARMCortexM7/NetworkRuntime1000_CM7_GCC.a(core_common.o)
                0x08000f54                core_set_error
 .text.ai_check_custom_types
                0x08000f6c       0x50 /home/docker/STM32Cube/Repository/Packs/STMicroelectronics/X-CUBE-AI/2.0.0/Middlewares/ST/AI/Lib/GCC/ARMCortexM7/NetworkRuntime1000_CM7_GCC.a(layers.o)
                0x08000f6c                ai_check_custom_types
 .text.ai_layers_init_all
                0x08000fbc       0x1c /home/docker/STM32Cube/Repository/Packs/STMicroelectronics/X-CUBE-AI/2.0.0/Middlewares/ST/AI/Lib/GCC/ARMCortexM7/NetworkRuntime1000_CM7_GCC.a(layers.o)
                0x08000fbc                ai_layers_init_all
 .text.ai_layers_post_init_all
                0x08000fd8       0x28 /home/docker/STM32Cube/Repository/Packs/STMicroelectronics/X-CUBE-AI/2.0.0/Middlewares/ST/AI/Lib/GCC/ARMCortexM7/NetworkRuntime1000_CM7_GCC.a(layers.o)
                0x08000fd8                ai_layers_post_init_all
 .text.ai_layers_forward_all
                0x08001000       0x90 /home/docker/STM32Cube/Repository/Packs/STMicroelectronics/X-CUBE-AI/2.0.0/Middlewares/ST/AI/Lib/GCC/ARMCortexM7/NetworkRuntime1000_CM7_GCC.a(layers.o)
                0x08001000                ai_layers_forward_all
 .text.func_dummy
                0x08001090        0x4 /home/docker/STM32Cube/Repository/Packs/STMicroelectronics/X-CUBE-AI/2.0.0/Middlewares/ST/AI/Lib/GCC/ARMCortexM7/NetworkRuntime1000_CM7_GCC.a(layers_conv2d_sssa8_ch.o)
 .text.forward_conv2d_sssa8_ch_nl_pool
                0x08001094      0x528 /home/docker/STM32Cube/Repository/Packs/STMicroelectronics/X-CUBE-AI/2.0.0/Middlewares/ST/AI/Lib/GCC/ARMCortexM7/NetworkRuntime1000_CM7_GCC.a(layers_conv2d_sssa8_ch.o)
                0x08001094                forward_conv2d_sssa8_ch_nl_pool
 .text.forward_dense_integer_SSSA_ch
                0x080015bc      0x2a8 /home/docker/STM32Cube/Repository/Packs/STMicroelectronics/X-CUBE-AI/2.0.0/Middlewares/ST/AI/Lib/GCC/ARMCortexM7/NetworkRuntime1000_CM7_GCC.a(layers_conv2d_stm32_integer.o)
                0x080015bc                forward_dense_integer_SSSA_ch
 .text.forward_sm_integer
                0x08001864       0xc0 /home/docker/STM32Cube/Repository/Packs/STMicroelectronics/X-CUBE-AI/2.0.0/Middlewares/ST/AI/Lib/GCC/ARMCortexM7/NetworkRuntime1000_CM7_GCC.a(layers_nl_stm32_integer.o)
                0x08001864                forward_sm_integer
 .text.pool_func_mp_array_integer_INT8
                0x08001924      0x1d4 /home/docker/STM32Cube/Repository/Packs/STMicroelectronics/X-CUBE-AI/2.0.0/Middlewares/ST/AI/Lib/GCC/ARMCortexM7/NetworkRuntime1000_CM7_GCC.a(layers_pool_stm32_integer.o)
                0x08001924                pool_func_mp_array_integer_INT8
 .text.forward_lite_maxpool_is8os8_scalepos
                0x08001af8      0x1c4 /home/docker/STM32Cube/Repository/Packs/STMicroelectronics/X-CUBE-AI/2.0.0/Middlewares/ST/AI/Lib/GCC/ARMCortexM7/NetworkRuntime1000_CM7_GCC.a(forward_lite_maxpool_is8os8_scalepos.o)
                0x08001af8                forward_lite_maxpool_is8os8_scalepos
 .text.forward_lite_conv2d_sssa8_ch
                0x08001cbc      0xab0 /home/docker/STM32Cube/Repository/Packs/STMicroelectronics/X-CUBE-AI/2.0.0/Middlewares/ST/AI/Lib/GCC/ARMCortexM7/NetworkRuntime1000_CM7_GCC.a(forward_lite_conv2d_sssa8_ch.o)
                0x08001cbc                forward_lite_conv2d_sssa8_ch
 .text.forward_lite_maxpool_is8os8_scaleneg
                0x0800276c      0x1c0 /home/docker/STM32Cube/Repository/Packs/STMicroelectronics/X-CUBE-AI/2.0.0/Middlewares/ST/AI/Lib/GCC/ARMCortexM7/NetworkRuntime1000_CM7_GCC.a(forward_lite_maxpool_is8os8.o)
                0x0800276c                forward_lite_maxpool_is8os8_scaleneg
 .text.forward_lite_nl_softmax_is8os8
                0x0800292c       0x14 /home/docker/STM32Cube/Repository/Packs/STMicroelectronics/X-CUBE-AI/2.0.0/Middlewares/ST/AI/Lib/GCC/ARMCortexM7/NetworkRuntime1000_CM7_GCC.a(lite_nl_generic_integer.o)
                0x0800292c                forward_lite_nl_softmax_is8os8
 .text.forward_lite_nl_softmax_iu8ou8
                0x08002940       0x14 /home/docker/STM32Cube/Repository/Packs/STMicroelectronics/X-CUBE-AI/2.0.0/Middlewares/ST/AI/Lib/GCC/ARMCortexM7/NetworkRuntime1000_CM7_GCC.a(lite_nl_generic_integer.o)
                0x08002940                forward_lite_nl_softmax_iu8ou8
 .text.align_factor_ch
                0x08002954       0x60 /home/docker/STM32Cube/Repository/Packs/STMicroelectronics/X-CUBE-AI/2.0.0/Middlewares/ST/AI/Lib/GCC/ARMCortexM7/NetworkRuntime1000_CM7_GCC.a(st_align_factor.o)
                0x08002954                align_factor_ch
 .text.st_int8_to16_no_shift
                0x080029b4       0xc4 /home/docker/STM32Cube/Repository/Packs/STMicroelectronics/X-CUBE-AI/2.0.0/Middlewares/ST/AI/Lib/GCC/ARMCortexM7/NetworkRuntime1000_CM7_GCC.a(st_int8_to16_no_shift.o)
                0x080029b4                st_int8_to16_no_shift
 .text.st_int8_to16_no_shift_interleaved
                0x08002a78       0x88 /home/docker/STM32Cube/Repository/Packs/STMicroelectronics/X-CUBE-AI/2.0.0/Middlewares/ST/AI/Lib/GCC/ARMCortexM7/NetworkRuntime1000_CM7_GCC.a(st_int8_to16_no_shift.o)
                0x08002a78                st_int8_to16_no_shift_interleaved
 .text.st_int8_to16_dual
                0x08002b00      0x1d4 /home/docker/STM32Cube/Repository/Packs/STMicroelectronics/X-CUBE-AI/2.0.0/Middlewares/ST/AI/Lib/GCC/ARMCortexM7/NetworkRuntime1000_CM7_GCC.a(st_int8_to16_no_shift.o)
                0x08002b00                st_int8_to16_dual
 .text.st_int8_to16_dual_interleaved
                0x08002cd4      0x174 /home/docker/STM32Cube/Repository/Packs/STMicroelectronics/X-CUBE-AI/2.0.0/Middlewares/ST/AI/Lib/GCC/ARMCortexM7/NetworkRuntime1000_CM7_GCC.a(st_int8_to16_no_shift.o)
                0x08002cd4                st_int8_to16_dual_interleaved
 .text.ai_padding_opt_init
                0x08002e48       0xb4 /home/docker/STM32Cube/Repository/Packs/STMicroelectronics/X-CUBE-AI/2.0.0/Middlewares/ST/AI/Lib/GCC/ARMCortexM7/NetworkRuntime1000_CM7_GCC.a(st_padding_opt.o)
                0x08002e48                ai_padding_opt_init
 .text.ai_padding_opt_phase1
                0x08002efc       0x34 /home/docker/STM32Cube/Repository/Packs/STMicroelectronics/X-CUBE-AI/2.0.0/Middlewares/ST/AI/Lib/GCC/ARMCortexM7/NetworkRuntime1000_CM7_GCC.a(st_padding_opt.o)
                0x08002efc                ai_padding_opt_phase1
 .text.st_int16_fill
                0x08002f30       0x5c /home/docker/STM32Cube/Repository/Packs/STMicroelectronics/X-CUBE-AI/2.0.0/Middlewares/ST/AI/Lib/GCC/ARMCortexM7/NetworkRuntime1000_CM7_GCC.a(st_int16_fill.o)
                0x08002f30                st_int16_fill
 .text.st_sssa8_ch_convolve_rank1upd
                0x08002f8c      0x114 /home/docker/STM32Cube/Repository/Packs/STMicroelectronics/X-CUBE-AI/2.0.0/Middlewares/ST/AI/Lib/GCC/ARMCortexM7/NetworkRuntime1000_CM7_GCC.a(st_sssa8_ch_convolve.o)
                0x08002f8c                st_sssa8_ch_convolve_rank1upd
 .text.st_sssa8_ch_fully_connected
                0x080030a0      0x530 /home/docker/STM32Cube/Repository/Packs/STMicroelectronics/X-CUBE-AI/2.0.0/Middlewares/ST/AI/Lib/GCC/ARMCortexM7/NetworkRuntime1000_CM7_GCC.a(st_sssa8_ch_dense.o)
                0x080030a0                st_sssa8_ch_fully_connected
 .text.st_int8_copy
                0x080035d0      0x144 /home/docker/STM32Cube/Repository/Packs/STMicroelectronics/X-CUBE-AI/2.0.0/Middlewares/ST/AI/Lib/GCC/ARMCortexM7/NetworkRuntime1000_CM7_GCC.a(st_int8_fill.o)
                0x080035d0                st_int8_copy
 .text.st_int8_reordered_no_shift_zero
                0x08003714       0x6c /home/docker/STM32Cube/Repository/Packs/STMicroelectronics/X-CUBE-AI/2.0.0/Middlewares/ST/AI/Lib/GCC/ARMCortexM7/NetworkRuntime1000_CM7_GCC.a(st_int8_reordered_no_shift.o)
                0x08003714                st_int8_reordered_no_shift_zero
 .text.st_sssa8_ch_nn_mat_mult_kernel_single_opt
                0x08003780      0x394 /home/docker/STM32Cube/Repository/Packs/STMicroelectronics/X-CUBE-AI/2.0.0/Middlewares/ST/AI/Lib/GCC/ARMCortexM7/NetworkRuntime1000_CM7_GCC.a(st_sssa8_ch_nn_mat_mult_kernel_single_opt.o)
                0x08003780                st_sssa8_ch_nn_mat_mult_kernel_single_opt
 .text.st_sssa8_ch_nn_mat_mult_kernel_opt
                0x08003b14      0x33c /home/docker/STM32Cube/Repository/Packs/STMicroelectronics/X-CUBE-AI/2.0.0/Middlewares/ST/AI/Lib/GCC/ARMCortexM7/NetworkRuntime1000_CM7_GCC.a(st_sssa8_ch_nn_mat_mult_kernel_opt.o)
                0x08003b14                st_sssa8_ch_nn_mat_mult_kernel_opt
 .text.ai_array_to_buffer_fmt
                0x08003e50       0xe0 /home/docker/STM32Cube/Repository/Packs/STMicroelectronics/X-CUBE-AI/2.0.0/Middlewares/ST/AI/Lib/GCC/ARMCortexM7/NetworkRuntime1000_CM7_GCC.a(ai_datatypes_format.o)
                0x08003e50                ai_array_to_buffer_fmt
 .text.ai_array_get_byte_size
                0x08003f30       0x50 /home/docker/STM32Cube/Repository/Packs/STMicroelectronics/X-CUBE-AI/2.0.0/Middlewares/ST/AI/Lib/GCC/ARMCortexM7/NetworkRuntime1000_CM7_GCC.a(ai_datatypes_format.o)
                0x08003f30                ai_array_get_byte_size
 .text.ai_array_get_data_byte_size
                0x08003f80       0x24 /home/docker/STM32Cube/Repository/Packs/STMicroelectronics/X-CUBE-AI/2.0.0/Middlewares/ST/AI/Lib/GCC/ARMCortexM7/NetworkRuntime1000_CM7_GCC.a(ai_datatypes_format.o)
                0x08003f80                ai_array_get_data_byte_size
 .text.ai_version_get
                0x08003fa4        0xc /home/docker/STM32Cube/Repository/Packs/STMicroelectronics/X-CUBE-AI/2.0.0/Middlewares/ST/AI/Lib/GCC/ARMCortexM7/NetworkRuntime1000_CM7_GCC.a(ai_datatypes_internal.o)
                0x08003fa4                ai_version_get
 .text.get_tensor_byte_size
                0x08003fb0       0x2c /home/docker/STM32Cube/Repository/Packs/STMicroelectronics/X-CUBE-AI/2.0.0/Middlewares/ST/AI/Lib/GCC/ARMCortexM7/NetworkRuntime1000_CM7_GCC.a(ai_datatypes_internal.o)
                0x08003fb0                get_tensor_byte_size
 .text.core_tensor_clone
                0x08003fdc       0x64 /home/docker/STM32Cube/Repository/Packs/STMicroelectronics/X-CUBE-AI/2.0.0/Middlewares/ST/AI/Lib/GCC/ARMCortexM7/NetworkRuntime1000_CM7_GCC.a(core_utils.o)
                0x08003fdc                core_tensor_clone
 .text.core_array_clone
                0x08004040        0xc /home/docker/STM32Cube/Repository/Packs/STMicroelectronics/X-CUBE-AI/2.0.0/Middlewares/ST/AI/Lib/GCC/ARMCortexM7/NetworkRuntime1000_CM7_GCC.a(core_utils.o)
                0x08004040                core_array_clone
 .text._lite_kernel_nl_softmax_is8os8
                0x0800404c      0xb64 /home/docker/STM32Cube/Repository/Packs/STMicroelectronics/X-CUBE-AI/2.0.0/Middlewares/ST/AI/Lib/GCC/ARMCortexM7/NetworkRuntime1000_CM7_GCC.a(lite_nl_softmax_is8os8.o)
                0x0800404c                _lite_kernel_nl_softmax_is8os8
 .text._lite_kernel_nl_softmax_iu8ou8
                0x08004bb0      0x878 /home/docker/STM32Cube/Repository/Packs/STMicroelectronics/X-CUBE-AI/2.0.0/Middlewares/ST/AI/Lib/GCC/ARMCortexM7/NetworkRuntime1000_CM7_GCC.a(lite_nl_softmax_iu8ou8.o)
                0x08004bb0                _lite_kernel_nl_softmax_iu8ou8
 .text.__libc_init_array
                0x08005428       0x48 /opt/st/stm32cubeide_1.15.0/plugins/com.st.stm32cube.ide.mcu.externaltools.gnu-tools-for-stm32.12.3.rel1.linux64_1.0.100.202403111256/tools/bin/../lib/gcc/arm-none-eabi/12.3.1/../../../../arm-none-eabi/lib/thumb/v7e-m+fp/hard/libc_nano.a(libc_a-init.o)
                0x08005428                __libc_init_array
 *(.glue_7)
 .glue_7        0x08005470        0x0 linker stubs
 *(.glue_7t)
 .glue_7t       0x08005470        0x0 linker stubs
 *(.eh_frame)
 .eh_frame      0x08005470        0x0 /opt/st/stm32cubeide_1.15.0/plugins/com.st.stm32cube.ide.mcu.externaltools.gnu-tools-for-stm32.12.3.rel1.linux64_1.0.100.202403111256/tools/bin/../lib/gcc/arm-none-eabi/12.3.1/thumb/v7e-m+fp/hard/crtbegin.o
 *(.init)
 .init          0x08005470        0x4 /opt/st/stm32cubeide_1.15.0/plugins/com.st.stm32cube.ide.mcu.externaltools.gnu-tools-for-stm32.12.3.rel1.linux64_1.0.100.202403111256/tools/bin/../lib/gcc/arm-none-eabi/12.3.1/thumb/v7e-m+fp/hard/crti.o
                0x08005470                _init
 .init          0x08005474        0x8 /opt/st/stm32cubeide_1.15.0/plugins/com.st.stm32cube.ide.mcu.externaltools.gnu-tools-for-stm32.12.3.rel1.linux64_1.0.100.202403111256/tools/bin/../lib/gcc/arm-none-eabi/12.3.1/thumb/v7e-m+fp/hard/crtn.o
 *(.fini)
 .fini          0x0800547c        0x4 /opt/st/stm32cubeide_1.15.0/plugins/com.st.stm32cube.ide.mcu.externaltools.gnu-tools-for-stm32.12.3.rel1.linux64_1.0.100.202403111256/tools/bin/../lib/gcc/arm-none-eabi/12.3.1/thumb/v7e-m+fp/hard/crti.o
                0x0800547c                _fini
 .fini          0x08005480        0x8 /opt/st/stm32cubeide_1.15.0/plugins/com.st.stm32cube.ide.mcu.externaltools.gnu-tools-for-stm32.12.3.rel1.linux64_1.0.100.202403111256/tools/bin/../lib/gcc/arm-none-eabi/12.3.1/thumb/v7e-m+fp/hard/crtn.o
                0x08005488                        . = ALIGN (0x4)
                0x08005488                        _etext = .

.vfp11_veneer   0x08005488        0x0
 .vfp11_veneer  0x08005488        0x0 linker stubs

.v4_bx          0x08005488        0x0
 .v4_bx         0x08005488        0x0 linker stubs

.iplt           0x08005488        0x0
 .iplt          0x08005488        0x0 /opt/st/stm32cubeide_1.15.0/plugins/com.st.stm32cube.ide.mcu.externaltools.gnu-tools-for-stm32.12.3.rel1.linux64_1.0.100.202403111256/tools/bin/../lib/gcc/arm-none-eabi/12.3.1/thumb/v7e-m+fp/hard/crtbegin.o

.rodata         0x080054a0     0x9960
                0x080054a0                        . = ALIGN (0x4)
 *(.rodata)
 .rodata        0x080054a0       0x10 network_data.o
 *(.rodata*)
 *fill*         0x080054b0       0x10 
 .rodata.s_network_weights_array_u64
                0x080054c0     0x94d0 network_data_params.o
                0x080054c0                s_network_weights_array_u64
 .rodata.conv2d_0_chain
                0x0800e990        0x8 network.o
 .rodata.conv2d_2_chain
                0x0800e998        0x8 network.o
 .rodata.gemm_5_chain
                0x0800e9a0        0x8 network.o
 .rodata.gemm_6_chain
                0x0800e9a8        0x8 network.o
 .rodata.nl_7_chain
                0x0800e9b0        0x8 network.o
 .rodata.nl_7_nl_params
                0x0800e9b8       0x10 network.o
 .rodata.nl_7_nl_params_data
                0x0800e9c8        0xc network.o
 .rodata.serving_default_input_layer0_output_array_intq
                0x0800e9d4        0x8 network.o
 .rodata.__compound_literal.35
                0x0800e9dc        0x8 network.o
 .rodata.__compound_literal.34
                0x0800e9e4        0x1 network.o
 *fill*         0x0800e9e5        0x3 
 .rodata.__compound_literal.33
                0x0800e9e8        0x4 network.o
 .rodata.nl_7_output_array_intq
                0x0800e9ec        0x8 network.o
 .rodata.__compound_literal.32
                0x0800e9f4        0x8 network.o
 .rodata.__compound_literal.31
                0x0800e9fc        0x1 network.o
 *fill*         0x0800e9fd        0x3 
 .rodata.__compound_literal.30
                0x0800ea00        0x4 network.o
 .rodata.gemm_6_weights_array_intq
                0x0800ea04        0x8 network.o
 .rodata.__compound_literal.29
                0x0800ea0c        0x8 network.o
 .rodata.__compound_literal.28
                0x0800ea14        0xa network.o
 *fill*         0x0800ea1e        0x2 
 .rodata.__compound_literal.27
                0x0800ea20       0x28 network.o
 .rodata.gemm_6_output_array_intq
                0x0800ea48        0x8 network.o
 .rodata.__compound_literal.26
                0x0800ea50        0x8 network.o
 .rodata.__compound_literal.25
                0x0800ea58        0x1 network.o
 *fill*         0x0800ea59        0x3 
 .rodata.__compound_literal.24
                0x0800ea5c        0x4 network.o
 .rodata.gemm_5_weights_array_intq
                0x0800ea60        0x8 network.o
 .rodata.__compound_literal.23
                0x0800ea68        0x8 network.o
 .rodata.__compound_literal.22
                0x0800ea70       0x80 network.o
 .rodata.__compound_literal.21
                0x0800eaf0      0x200 network.o
 .rodata.gemm_5_output_array_intq
                0x0800ecf0        0x8 network.o
 .rodata.__compound_literal.20
                0x0800ecf8        0x8 network.o
 .rodata.__compound_literal.19
                0x0800ed00        0x1 network.o
 *fill*         0x0800ed01        0x3 
 .rodata.__compound_literal.18
                0x0800ed04        0x4 network.o
 .rodata.conv2d_2_weights_array_intq
                0x0800ed08        0x8 network.o
 .rodata.__compound_literal.17
                0x0800ed10        0x8 network.o
 .rodata.__compound_literal.16
                0x0800ed18       0x10 network.o
 .rodata.__compound_literal.15
                0x0800ed28       0x40 network.o
 .rodata.conv2d_2_scratch1_array_intq
                0x0800ed68        0x8 network.o
 .rodata.__compound_literal.14
                0x0800ed70        0x8 network.o
 .rodata.__compound_literal.13
                0x0800ed78        0x1 network.o
 *fill*         0x0800ed79        0x3 
 .rodata.__compound_literal.12
                0x0800ed7c        0x4 network.o
 .rodata.conv2d_2_output_array_intq
                0x0800ed80        0x8 network.o
 .rodata.__compound_literal.11
                0x0800ed88        0x8 network.o
 .rodata.__compound_literal.10
                0x0800ed90        0x1 network.o
 *fill*         0x0800ed91        0x3 
 .rodata.__compound_literal.9
                0x0800ed94        0x4 network.o
 .rodata.conv2d_0_weights_array_intq
                0x0800ed98        0x8 network.o
 .rodata.__compound_literal.8
                0x0800eda0        0x8 network.o
 .rodata.__compound_literal.7
                0x0800eda8        0x8 network.o
 .rodata.__compound_literal.6
                0x0800edb0       0x20 network.o
 .rodata.conv2d_0_scratch1_array_intq
                0x0800edd0        0x8 network.o
 .rodata.__compound_literal.5
                0x0800edd8        0x8 network.o
 .rodata.__compound_literal.4
                0x0800ede0        0x1 network.o
 *fill*         0x0800ede1        0x3 
 .rodata.__compound_literal.3
                0x0800ede4        0x4 network.o
 .rodata.conv2d_0_output_array_intq
                0x0800ede8        0x8 network.o
 .rodata.__compound_literal.2
                0x0800edf0        0x8 network.o
 .rodata.__compound_literal.1
                0x0800edf8        0x1 network.o
 *fill*         0x0800edf9        0x3 
 .rodata.__compound_literal.0
                0x0800edfc        0x4 network.o
                0x0800ee00                        . = ALIGN (0x4)

.rel.dyn        0x0800ee00        0x0
 .rel.iplt      0x0800ee00        0x0 /opt/st/stm32cubeide_1.15.0/plugins/com.st.stm32cube.ide.mcu.externaltools.gnu-tools-for-stm32.12.3.rel1.linux64_1.0.100.202403111256/tools/bin/../lib/gcc/arm-none-eabi/12.3.1/thumb/v7e-m+fp/hard/crtbegin.o

.ARM.extab      0x0800ee00        0x0
                0x0800ee00                        . = ALIGN (0x4)
 *(.ARM.extab* .gnu.linkonce.armextab.*)
                0x0800ee00                        . = ALIGN (0x4)

.ARM            0x0800ee00        0x0
                0x0800ee00                        . = ALIGN (0x4)
                0x0800ee00                        __exidx_start = .
 *(.ARM.exidx*)
                0x0800ee00                        __exidx_end = .
                0x0800ee00                        . = ALIGN (0x4)

.preinit_array  0x0800ee00        0x0
                0x0800ee00                        . = ALIGN (0x4)
                0x0800ee00                        PROVIDE (__preinit_array_start = .)
 *(.preinit_array*)
                0x0800ee00                        PROVIDE (__preinit_array_end = .)
                0x0800ee00                        . = ALIGN (0x4)

.init_array     0x0800ee00        0x4
                0x0800ee00                        . = ALIGN (0x4)
                0x0800ee00                        PROVIDE (__init_array_start = .)
 *(SORT_BY_NAME(.init_array.*))
 *(.init_array*)
 .init_array    0x0800ee00        0x4 /opt/st/stm32cubeide_1.15.0/plugins/com.st.stm32cube.ide.mcu.externaltools.gnu-tools-for-stm32.12.3.rel1.linux64_1.0.100.202403111256/tools/bin/../lib/gcc/arm-none-eabi/12.3.1/thumb/v7e-m+fp/hard/crtbegin.o
                0x0800ee04                        PROVIDE (__init_array_end = .)
                0x0800ee04                        . = ALIGN (0x4)

.fini_array     0x0800ee04        0x4
                0x0800ee04                        . = ALIGN (0x4)
                [!provide]                        PROVIDE (__fini_array_start = .)
 *(SORT_BY_NAME(.fini_array.*))
 *(.fini_array*)
 .fini_array    0x0800ee04        0x4 /opt/st/stm32cubeide_1.15.0/plugins/com.st.stm32cube.ide.mcu.externaltools.gnu-tools-for-stm32.12.3.rel1.linux64_1.0.100.202403111256/tools/bin/../lib/gcc/arm-none-eabi/12.3.1/thumb/v7e-m+fp/hard/crtbegin.o
                [!provide]                        PROVIDE (__fini_array_end = .)
                0x0800ee08                        . = ALIGN (0x4)
                0x0800ee08                        _sidata = LOADADDR (.data)

.data           0x20000000      0xa24 load address 0x0800ee08
                0x20000000                        . = ALIGN (0x4)
                0x20000000                        _sdata = .
 *(.data)
 *(.data*)
 .data.g_network_data_map_weights
                0x20000000       0x1c network_data.o
                0x20000000                g_network_data_map_weights
 .data.__compound_literal.1
                0x2000001c       0x10 network_data.o
 .data.g_network_data_map_activations
                0x2000002c       0x1c network_data.o
                0x2000002c                g_network_data_map_activations
 .data.__compound_literal.0
                0x20000048       0x10 network_data.o
 .data.g_network
                0x20000058       0x4c network.o
 .data.__compound_literal.123
                0x200000a4       0x18 network.o
 .data.__compound_literal.122
                0x200000bc        0xc network.o
 .data.__compound_literal.118
                0x200000c8        0x4 network.o
 .data.__compound_literal.117
                0x200000cc        0xc network.o
 .data.__compound_literal.113
                0x200000d8        0x4 network.o
 .data.__compound_literal.112
                0x200000dc       0x1c network.o
 .data.__compound_literal.111
                0x200000f8       0x10 network.o
 .data.__compound_literal.110
                0x20000108       0x1c network.o
 .data.__compound_literal.109
                0x20000124       0x10 network.o
 .data.conv2d_0_layer
                0x20000134       0x60 network.o
 .data.__compound_literal.106
                0x20000194       0x30 network.o
 .data.__compound_literal.105
                0x200001c4        0x8 network.o
 .data.__compound_literal.104
                0x200001cc        0xc network.o
 .data.__compound_literal.103
                0x200001d8        0x4 network.o
 .data.__compound_literal.102
                0x200001dc        0x4 network.o
 .data.conv2d_2_layer
                0x200001e0       0x60 network.o
 .data.__compound_literal.99
                0x20000240       0x30 network.o
 .data.__compound_literal.98
                0x20000270        0x8 network.o
 .data.__compound_literal.97
                0x20000278        0xc network.o
 .data.__compound_literal.96
                0x20000284        0x4 network.o
 .data.__compound_literal.95
                0x20000288        0x4 network.o
 .data.gemm_5_layer
                0x2000028c       0x1c network.o
 .data.__compound_literal.94
                0x200002a8       0x30 network.o
 .data.__compound_literal.93
                0x200002d8        0x4 network.o
 .data.__compound_literal.92
                0x200002dc        0x8 network.o
 .data.__compound_literal.91
                0x200002e4        0x4 network.o
 .data.__compound_literal.90
                0x200002e8        0x4 network.o
 .data.gemm_6_layer
                0x200002ec       0x1c network.o
 .data.__compound_literal.89
                0x20000308       0x30 network.o
 .data.__compound_literal.88
                0x20000338        0x4 network.o
 .data.__compound_literal.87
                0x2000033c        0x8 network.o
 .data.__compound_literal.86
                0x20000344        0x4 network.o
 .data.__compound_literal.85
                0x20000348        0x4 network.o
 .data.nl_7_layer
                0x2000034c       0x24 network.o
 .data.__compound_literal.84
                0x20000370       0x30 network.o
 .data.__compound_literal.83
                0x200003a0        0x4 network.o
 .data.__compound_literal.81
                0x200003a4        0x4 network.o
 .data.__compound_literal.80
                0x200003a8        0x4 network.o
 .data.serving_default_input_layer0_output
                0x200003ac       0x1c network.o
 .data.__compound_literal.79
                0x200003c8       0x10 network.o
 .data.__compound_literal.78
                0x200003d8       0x10 network.o
 .data.nl_7_scratch0
                0x200003e8       0x1c network.o
 .data.__compound_literal.77
                0x20000404       0x10 network.o
 .data.__compound_literal.76
                0x20000414       0x10 network.o
 .data.nl_7_output
                0x20000424       0x1c network.o
 .data.__compound_literal.75
                0x20000440       0x10 network.o
 .data.__compound_literal.74
                0x20000450       0x10 network.o
 .data.gemm_6_weights
                0x20000460       0x1c network.o
 .data.__compound_literal.73
                0x2000047c       0x10 network.o
 .data.__compound_literal.72
                0x2000048c       0x10 network.o
 .data.gemm_6_scratch0
                0x2000049c       0x1c network.o
 .data.__compound_literal.71
                0x200004b8       0x10 network.o
 .data.__compound_literal.70
                0x200004c8       0x10 network.o
 .data.gemm_6_output
                0x200004d8       0x1c network.o
 .data.__compound_literal.69
                0x200004f4       0x10 network.o
 .data.__compound_literal.68
                0x20000504       0x10 network.o
 .data.gemm_6_bias
                0x20000514       0x1c network.o
 .data.__compound_literal.67
                0x20000530       0x10 network.o
 .data.__compound_literal.66
                0x20000540       0x10 network.o
 .data.gemm_5_weights
                0x20000550       0x1c network.o
 .data.__compound_literal.65
                0x2000056c       0x10 network.o
 .data.__compound_literal.64
                0x2000057c       0x10 network.o
 .data.gemm_5_scratch0
                0x2000058c       0x1c network.o
 .data.__compound_literal.63
                0x200005a8       0x10 network.o
 .data.__compound_literal.62
                0x200005b8       0x10 network.o
 .data.gemm_5_output
                0x200005c8       0x1c network.o
 .data.__compound_literal.61
                0x200005e4       0x10 network.o
 .data.__compound_literal.60
                0x200005f4       0x10 network.o
 .data.gemm_5_bias
                0x20000604       0x1c network.o
 .data.__compound_literal.59
                0x20000620       0x10 network.o
 .data.__compound_literal.58
                0x20000630       0x10 network.o
 .data.conv2d_2_weights
                0x20000640       0x1c network.o
 .data.__compound_literal.57
                0x2000065c       0x10 network.o
 .data.__compound_literal.56
                0x2000066c       0x10 network.o
 .data.conv2d_2_scratch1
                0x2000067c       0x1c network.o
 .data.__compound_literal.55
                0x20000698       0x10 network.o
 .data.__compound_literal.54
                0x200006a8       0x10 network.o
 .data.conv2d_2_scratch0
                0x200006b8       0x1c network.o
 .data.__compound_literal.53
                0x200006d4       0x10 network.o
 .data.__compound_literal.52
                0x200006e4       0x10 network.o
 .data.conv2d_2_output0
                0x200006f4       0x1c network.o
 .data.__compound_literal.51
                0x20000710       0x10 network.o
 .data.__compound_literal.50
                0x20000720       0x10 network.o
 .data.conv2d_2_output
                0x20000730       0x1c network.o
 .data.__compound_literal.49
                0x2000074c       0x10 network.o
 .data.__compound_literal.48
                0x2000075c       0x10 network.o
 .data.conv2d_2_bias
                0x2000076c       0x1c network.o
 .data.__compound_literal.47
                0x20000788       0x10 network.o
 .data.__compound_literal.46
                0x20000798       0x10 network.o
 .data.conv2d_0_weights
                0x200007a8       0x1c network.o
 .data.__compound_literal.45
                0x200007c4       0x10 network.o
 .data.__compound_literal.44
                0x200007d4       0x10 network.o
 .data.conv2d_0_scratch1
                0x200007e4       0x1c network.o
 .data.__compound_literal.43
                0x20000800       0x10 network.o
 .data.__compound_literal.42
                0x20000810       0x10 network.o
 .data.conv2d_0_scratch0
                0x20000820       0x1c network.o
 .data.__compound_literal.41
                0x2000083c       0x10 network.o
 .data.__compound_literal.40
                0x2000084c       0x10 network.o
 .data.conv2d_0_output
                0x2000085c       0x1c network.o
 .data.__compound_literal.39
                0x20000878       0x10 network.o
 .data.__compound_literal.38
                0x20000888       0x10 network.o
 .data.conv2d_0_bias
                0x20000898       0x1c network.o
 .data.__compound_literal.37
                0x200008b4       0x10 network.o
 .data.__compound_literal.36
                0x200008c4       0x10 network.o
 .data.nl_7_scratch0_array
                0x200008d4       0x10 network.o
 .data.gemm_6_scratch0_array
                0x200008e4       0x10 network.o
 .data.gemm_5_scratch0_array
                0x200008f4       0x10 network.o
 .data.conv2d_2_scratch1_array
                0x20000904       0x10 network.o
 .data.conv2d_2_scratch0_array
                0x20000914       0x10 network.o
 .data.conv2d_0_scratch1_array
                0x20000924       0x10 network.o
 .data.conv2d_0_scratch0_array
                0x20000934       0x10 network.o
 .data.gemm_6_bias_array
                0x20000944       0x10 network.o
 .data.gemm_6_weights_array
                0x20000954       0x10 network.o
 .data.gemm_5_bias_array
                0x20000964       0x10 network.o
 .data.gemm_5_weights_array
                0x20000974       0x10 network.o
 .data.conv2d_2_bias_array
                0x20000984       0x10 network.o
 .data.conv2d_2_weights_array
                0x20000994       0x10 network.o
 .data.conv2d_0_bias_array
                0x200009a4       0x10 network.o
 .data.conv2d_0_weights_array
                0x200009b4       0x10 network.o
 .data.nl_7_output_array
                0x200009c4       0x10 network.o
 .data.gemm_6_output_array
                0x200009d4       0x10 network.o
 .data.gemm_5_output_array
                0x200009e4       0x10 network.o
 .data.conv2d_2_output_array
                0x200009f4       0x10 network.o
 .data.conv2d_0_output_array
                0x20000a04       0x10 network.o
 .data.serving_default_input_layer0_output_array
                0x20000a14       0x10 network.o
                0x20000a24                        . = ALIGN (0x4)
                0x20000a24                        _edata = .

.igot.plt       0x20000a24        0x0 load address 0x0800f82c
 .igot.plt      0x20000a24        0x0 /opt/st/stm32cubeide_1.15.0/plugins/com.st.stm32cube.ide.mcu.externaltools.gnu-tools-for-stm32.12.3.rel1.linux64_1.0.100.202403111256/tools/bin/../lib/gcc/arm-none-eabi/12.3.1/thumb/v7e-m+fp/hard/crtbegin.o
                0x20000a24                        . = ALIGN (0x4)

.bss            0x20000a40     0x1eb8 load address 0x0800f82c
                0x20000a40                        _sbss = .
                0x20000a40                        __bss_start__ = _sbss
 *(.bss)
 .bss           0x20000a40       0x1c /opt/st/stm32cubeide_1.15.0/plugins/com.st.stm32cube.ide.mcu.externaltools.gnu-tools-for-stm32.12.3.rel1.linux64_1.0.100.202403111256/tools/bin/../lib/gcc/arm-none-eabi/12.3.1/thumb/v7e-m+fp/hard/crtbegin.o
 *(.bss*)
 .bss.ai_output
                0x20000a5c        0x4 stedgeai_app_main.o
 .bss.ai_input  0x20000a60        0x4 stedgeai_app_main.o
 *fill*         0x20000a64       0x1c 
 .bss.activations_1
                0x20000a80     0x1dc0 stedgeai_app_main.o
 .bss.network   0x20002840        0x4 stedgeai_app_main.o
 .bss.__compound_literal.121
                0x20002844        0x8 network.o
 .bss.__compound_literal.120
                0x2000284c       0x10 network.o
 .bss.__compound_literal.119
                0x2000285c       0x1c network.o
 .bss.__compound_literal.116
                0x20002878        0x8 network.o
 .bss.__compound_literal.115
                0x20002880       0x10 network.o
 .bss.__compound_literal.114
                0x20002890       0x1c network.o
 .bss.__compound_literal.108
                0x200028ac       0x10 network.o
 .bss.__compound_literal.107
                0x200028bc       0x10 network.o
 .bss.__compound_literal.101
                0x200028cc       0x10 network.o
 .bss.__compound_literal.100
                0x200028dc       0x10 network.o
 .bss.__compound_literal.82
                0x200028ec        0x4 network.o
 .bss.g_network_weights_map
                0x200028f0        0x4 network.o
 .bss.g_network_activations_map
                0x200028f4        0x4 network.o
 *(COMMON)
                0x200028f8                        . = ALIGN (0x4)
                0x200028f8                        _ebss = .
                0x200028f8                        __bss_end__ = _ebss

._user_heap_stack
                0x200028f8     0x3000 load address 0x0800f82c
                0x200028f8                        . = ALIGN (0x8)
                [!provide]                        PROVIDE (end = .)
                0x200028f8                        PROVIDE (_end = .)
                0x200048f8                        . = (. + _Min_Heap_Size)
 *fill*         0x200028f8     0x2000 
                0x200058f8                        . = (. + _Min_Stack_Size)
 *fill*         0x200048f8     0x1000 
                0x200058f8                        . = ALIGN (0x8)

/DISCARD/
 libc.a(*)
 libm.a(*)
 libgcc.a(*)

.ARM.attributes
                0x00000000       0x30
 *(.ARM.attributes)
 .ARM.attributes
                0x00000000       0x22 /opt/st/stm32cubeide_1.15.0/plugins/com.st.stm32cube.ide.mcu.externaltools.gnu-tools-for-stm32.12.3.rel1.linux64_1.0.100.202403111256/tools/bin/../lib/gcc/arm-none-eabi/12.3.1/thumb/v7e-m+fp/hard/crti.o
 .ARM.attributes
                0x00000022       0x34 /opt/st/stm32cubeide_1.15.0/plugins/com.st.stm32cube.ide.mcu.externaltools.gnu-tools-for-stm32.12.3.rel1.linux64_1.0.100.202403111256/tools/bin/../lib/gcc/arm-none-eabi/12.3.1/thumb/v7e-m+fp/hard/crtbegin.o
 .ARM.attributes
                0x00000056       0x34 network_data_params.o
 .ARM.attributes
                0x0000008a       0x34 stedgeai_app_main.o
 .ARM.attributes
                0x000000be       0x34 network_data.o
 .ARM.attributes
                0x000000f2       0x21 startup_stm32xx.o
 .ARM.attributes
                0x00000113       0x34 network.o
 .ARM.attributes
                0x00000147       0x30 /home/docker/STM32Cube/Repository/Packs/STMicroelectronics/X-CUBE-AI/2.0.0/Middlewares/ST/AI/Lib/GCC/ARMCortexM7/NetworkRuntime1000_CM7_GCC.a(ai_platform.o)
 .ARM.attributes
                0x00000177       0x30 /home/docker/STM32Cube/Repository/Packs/STMicroelectronics/X-CUBE-AI/2.0.0/Middlewares/ST/AI/Lib/GCC/ARMCortexM7/NetworkRuntime1000_CM7_GCC.a(ai_platform_interface.o)
 .ARM.attributes
                0x000001a7       0x30 /home/docker/STM32Cube/Repository/Packs/STMicroelectronics/X-CUBE-AI/2.0.0/Middlewares/ST/AI/Lib/GCC/ARMCortexM7/NetworkRuntime1000_CM7_GCC.a(core_common.o)
 .ARM.attributes
                0x000001d7       0x30 /home/docker/STM32Cube/Repository/Packs/STMicroelectronics/X-CUBE-AI/2.0.0/Middlewares/ST/AI/Lib/GCC/ARMCortexM7/NetworkRuntime1000_CM7_GCC.a(layers.o)
 .ARM.attributes
                0x00000207       0x30 /home/docker/STM32Cube/Repository/Packs/STMicroelectronics/X-CUBE-AI/2.0.0/Middlewares/ST/AI/Lib/GCC/ARMCortexM7/NetworkRuntime1000_CM7_GCC.a(layers_conv2d_sssa8_ch.o)
 .ARM.attributes
                0x00000237       0x30 /home/docker/STM32Cube/Repository/Packs/STMicroelectronics/X-CUBE-AI/2.0.0/Middlewares/ST/AI/Lib/GCC/ARMCortexM7/NetworkRuntime1000_CM7_GCC.a(layers_conv2d_stm32_integer.o)
 .ARM.attributes
                0x00000267       0x30 /home/docker/STM32Cube/Repository/Packs/STMicroelectronics/X-CUBE-AI/2.0.0/Middlewares/ST/AI/Lib/GCC/ARMCortexM7/NetworkRuntime1000_CM7_GCC.a(layers_nl_stm32_integer.o)
 .ARM.attributes
                0x00000297       0x30 /home/docker/STM32Cube/Repository/Packs/STMicroelectronics/X-CUBE-AI/2.0.0/Middlewares/ST/AI/Lib/GCC/ARMCortexM7/NetworkRuntime1000_CM7_GCC.a(layers_pool_stm32_integer.o)
 .ARM.attributes
                0x000002c7       0x30 /home/docker/STM32Cube/Repository/Packs/STMicroelectronics/X-CUBE-AI/2.0.0/Middlewares/ST/AI/Lib/GCC/ARMCortexM7/NetworkRuntime1000_CM7_GCC.a(forward_lite_maxpool_is8os8_scalepos.o)
 .ARM.attributes
                0x000002f7       0x30 /home/docker/STM32Cube/Repository/Packs/STMicroelectronics/X-CUBE-AI/2.0.0/Middlewares/ST/AI/Lib/GCC/ARMCortexM7/NetworkRuntime1000_CM7_GCC.a(forward_lite_conv2d_sssa8_ch.o)
 .ARM.attributes
                0x00000327       0x30 /home/docker/STM32Cube/Repository/Packs/STMicroelectronics/X-CUBE-AI/2.0.0/Middlewares/ST/AI/Lib/GCC/ARMCortexM7/NetworkRuntime1000_CM7_GCC.a(forward_lite_maxpool_is8os8.o)
 .ARM.attributes
                0x00000357       0x30 /home/docker/STM32Cube/Repository/Packs/STMicroelectronics/X-CUBE-AI/2.0.0/Middlewares/ST/AI/Lib/GCC/ARMCortexM7/NetworkRuntime1000_CM7_GCC.a(lite_nl_generic_integer.o)
 .ARM.attributes
                0x00000387       0x30 /home/docker/STM32Cube/Repository/Packs/STMicroelectronics/X-CUBE-AI/2.0.0/Middlewares/ST/AI/Lib/GCC/ARMCortexM7/NetworkRuntime1000_CM7_GCC.a(st_align_factor.o)
 .ARM.attributes
                0x000003b7       0x30 /home/docker/STM32Cube/Repository/Packs/STMicroelectronics/X-CUBE-AI/2.0.0/Middlewares/ST/AI/Lib/GCC/ARMCortexM7/NetworkRuntime1000_CM7_GCC.a(st_int8_to16_no_shift.o)
 .ARM.attributes
                0x000003e7       0x30 /home/docker/STM32Cube/Repository/Packs/STMicroelectronics/X-CUBE-AI/2.0.0/Middlewares/ST/AI/Lib/GCC/ARMCortexM7/NetworkRuntime1000_CM7_GCC.a(st_padding_opt.o)
 .ARM.attributes
                0x00000417       0x30 /home/docker/STM32Cube/Repository/Packs/STMicroelectronics/X-CUBE-AI/2.0.0/Middlewares/ST/AI/Lib/GCC/ARMCortexM7/NetworkRuntime1000_CM7_GCC.a(st_int16_fill.o)
 .ARM.attributes
                0x00000447       0x30 /home/docker/STM32Cube/Repository/Packs/STMicroelectronics/X-CUBE-AI/2.0.0/Middlewares/ST/AI/Lib/GCC/ARMCortexM7/NetworkRuntime1000_CM7_GCC.a(st_sssa8_ch_convolve.o)
 .ARM.attributes
                0x00000477       0x30 /home/docker/STM32Cube/Repository/Packs/STMicroelectronics/X-CUBE-AI/2.0.0/Middlewares/ST/AI/Lib/GCC/ARMCortexM7/NetworkRuntime1000_CM7_GCC.a(st_sssa8_ch_dense.o)
 .ARM.attributes
                0x000004a7       0x30 /home/docker/STM32Cube/Repository/Packs/STMicroelectronics/X-CUBE-AI/2.0.0/Middlewares/ST/AI/Lib/GCC/ARMCortexM7/NetworkRuntime1000_CM7_GCC.a(st_int8_fill.o)
 .ARM.attributes
                0x000004d7       0x30 /home/docker/STM32Cube/Repository/Packs/STMicroelectronics/X-CUBE-AI/2.0.0/Middlewares/ST/AI/Lib/GCC/ARMCortexM7/NetworkRuntime1000_CM7_GCC.a(st_int8_reordered_no_shift.o)
 .ARM.attributes
                0x00000507       0x30 /home/docker/STM32Cube/Repository/Packs/STMicroelectronics/X-CUBE-AI/2.0.0/Middlewares/ST/AI/Lib/GCC/ARMCortexM7/NetworkRuntime1000_CM7_GCC.a(st_sssa8_ch_nn_mat_mult_kernel_single_opt.o)
 .ARM.attributes
                0x00000537       0x1c /home/docker/STM32Cube/Repository/Packs/STMicroelectronics/X-CUBE-AI/2.0.0/Middlewares/ST/AI/Lib/GCC/ARMCortexM7/NetworkRuntime1000_CM7_GCC.a(st_sssa8_ch_nn_mat_mult_kernel_opt.o)
 .ARM.attributes
                0x00000553       0x30 /home/docker/STM32Cube/Repository/Packs/STMicroelectronics/X-CUBE-AI/2.0.0/Middlewares/ST/AI/Lib/GCC/ARMCortexM7/NetworkRuntime1000_CM7_GCC.a(ai_datatypes_format.o)
 .ARM.attributes
                0x00000583       0x30 /home/docker/STM32Cube/Repository/Packs/STMicroelectronics/X-CUBE-AI/2.0.0/Middlewares/ST/AI/Lib/GCC/ARMCortexM7/NetworkRuntime1000_CM7_GCC.a(ai_datatypes_internal.o)
 .ARM.attributes
                0x000005b3       0x30 /home/docker/STM32Cube/Repository/Packs/STMicroelectronics/X-CUBE-AI/2.0.0/Middlewares/ST/AI/Lib/GCC/ARMCortexM7/NetworkRuntime1000_CM7_GCC.a(core_utils.o)
 .ARM.attributes
                0x000005e3       0x30 /home/docker/STM32Cube/Repository/Packs/STMicroelectronics/X-CUBE-AI/2.0.0/Middlewares/ST/AI/Lib/GCC/ARMCortexM7/NetworkRuntime1000_CM7_GCC.a(lite_nl_softmax_is8os8.o)
 .ARM.attributes
                0x00000613       0x30 /home/docker/STM32Cube/Repository/Packs/STMicroelectronics/X-CUBE-AI/2.0.0/Middlewares/ST/AI/Lib/GCC/ARMCortexM7/NetworkRuntime1000_CM7_GCC.a(lite_nl_softmax_iu8ou8.o)
 .ARM.attributes
                0x00000643       0x34 /opt/st/stm32cubeide_1.15.0/plugins/com.st.stm32cube.ide.mcu.externaltools.gnu-tools-for-stm32.12.3.rel1.linux64_1.0.100.202403111256/tools/bin/../lib/gcc/arm-none-eabi/12.3.1/../../../../arm-none-eabi/lib/thumb/v7e-m+fp/hard/libc_nano.a(libc_a-init.o)
 .ARM.attributes
                0x00000677       0x22 /opt/st/stm32cubeide_1.15.0/plugins/com.st.stm32cube.ide.mcu.externaltools.gnu-tools-for-stm32.12.3.rel1.linux64_1.0.100.202403111256/tools/bin/../lib/gcc/arm-none-eabi/12.3.1/thumb/v7e-m+fp/hard/crtn.o
OUTPUT(network.elf elf32-littlearm)
LOAD linker stubs
LOAD /opt/st/stm32cubeide_1.15.0/plugins/com.st.stm32cube.ide.mcu.externaltools.gnu-tools-for-stm32.12.3.rel1.linux64_1.0.100.202403111256/tools/bin/../lib/gcc/arm-none-eabi/12.3.1/../../../../arm-none-eabi/lib/thumb/v7e-m+fp/hard/libc.a
LOAD /opt/st/stm32cubeide_1.15.0/plugins/com.st.stm32cube.ide.mcu.externaltools.gnu-tools-for-stm32.12.3.rel1.linux64_1.0.100.202403111256/tools/bin/../lib/gcc/arm-none-eabi/12.3.1/../../../../arm-none-eabi/lib/thumb/v7e-m+fp/hard/libm.a
LOAD /opt/st/stm32cubeide_1.15.0/plugins/com.st.stm32cube.ide.mcu.externaltools.gnu-tools-for-stm32.12.3.rel1.linux64_1.0.100.202403111256/tools/bin/../lib/gcc/arm-none-eabi/12.3.1/thumb/v7e-m+fp/hard/libgcc.a

.debug_info     0x00000000     0x3228
 .debug_info    0x00000000      0x15c network_data_params.o
 .debug_info    0x0000015c      0x575 stedgeai_app_main.o
 .debug_info    0x000006d1      0x699 network_data.o
 .debug_info    0x00000d6a       0x32 startup_stm32xx.o
 .debug_info    0x00000d9c     0x248c network.o

.debug_abbrev   0x00000000      0x8b8
 .debug_abbrev  0x00000000       0xb7 network_data_params.o
 .debug_abbrev  0x000000b7      0x1a4 stedgeai_app_main.o
 .debug_abbrev  0x0000025b      0x209 network_data.o
 .debug_abbrev  0x00000464       0x24 startup_stm32xx.o
 .debug_abbrev  0x00000488      0x430 network.o

.debug_aranges  0x00000000      0x128
 .debug_aranges
                0x00000000       0x18 network_data_params.o
 .debug_aranges
                0x00000018       0x40 stedgeai_app_main.o
 .debug_aranges
                0x00000058       0x38 network_data.o
 .debug_aranges
                0x00000090       0x28 startup_stm32xx.o
 .debug_aranges
                0x000000b8       0x70 network.o

.debug_macro    0x00000000     0x3636
 .debug_macro   0x00000000       0xf0 network_data_params.o
 .debug_macro   0x000000f0      0xaa2 network_data_params.o
 .debug_macro   0x00000b92       0x22 network_data_params.o
 .debug_macro   0x00000bb4       0x8e network_data_params.o
 .debug_macro   0x00000c42       0x51 network_data_params.o
 .debug_macro   0x00000c93      0x103 network_data_params.o
 .debug_macro   0x00000d96       0x6a network_data_params.o
 .debug_macro   0x00000e00      0x1df network_data_params.o
 .debug_macro   0x00000fdf      0x189 network_data_params.o
 .debug_macro   0x00001168       0x74 network_data_params.o
 .debug_macro   0x000011dc       0x2a network_data_params.o
 .debug_macro   0x00001206       0x3c network_data_params.o
 .debug_macro   0x00001242       0x3a network_data_params.o
 .debug_macro   0x0000127c       0x35 network_data_params.o
 .debug_macro   0x000012b1      0x4cc network_data_params.o
 .debug_macro   0x0000177d       0x46 network_data_params.o
 .debug_macro   0x000017c3       0x22 network_data_params.o
 .debug_macro   0x000017e5      0x342 network_data_params.o
 .debug_macro   0x00001b27       0x46 network_data_params.o
 .debug_macro   0x00001b6d      0x1fd stedgeai_app_main.o
 .debug_macro   0x00001d6a       0x16 stedgeai_app_main.o
 .debug_macro   0x00001d80       0x9e stedgeai_app_main.o
 .debug_macro   0x00001e1e      0x10b stedgeai_app_main.o
 .debug_macro   0x00001f29       0x16 stedgeai_app_main.o
 .debug_macro   0x00001f3f       0x16 stedgeai_app_main.o
 .debug_macro   0x00001f55       0x20 stedgeai_app_main.o
 .debug_macro   0x00001f75       0x7c stedgeai_app_main.o
 .debug_macro   0x00001ff1       0x10 stedgeai_app_main.o
 .debug_macro   0x00002001       0x22 stedgeai_app_main.o
 .debug_macro   0x00002023       0x94 stedgeai_app_main.o
 .debug_macro   0x000020b7       0x4c stedgeai_app_main.o
 .debug_macro   0x00002103       0x10 stedgeai_app_main.o
 .debug_macro   0x00002113      0x200 network_data.o
 .debug_macro   0x00002313       0x16 network_data.o
 .debug_macro   0x00002329       0x10 network_data.o
 .debug_macro   0x00002339       0x22 network_data.o
 .debug_macro   0x0000235b       0x10 network_data.o
 .debug_macro   0x0000236b       0xc0 network_data.o
 .debug_macro   0x0000242b      0x229 network_data.o
 .debug_macro   0x00002654       0x2e network_data.o
 .debug_macro   0x00002682       0xcf network_data.o
 .debug_macro   0x00002751      0x1ed network_data.o
 .debug_macro   0x0000293e      0x4a1 network.o
 .debug_macro   0x00002ddf      0x19b network.o
 .debug_macro   0x00002f7a       0x7c network.o
 .debug_macro   0x00002ff6       0x17 network.o
 .debug_macro   0x0000300d      0x118 network.o
 .debug_macro   0x00003125      0x202 network.o
 .debug_macro   0x00003327       0x3a network.o
 .debug_macro   0x00003361       0x2e network.o
 .debug_macro   0x0000338f       0xdc network.o
 .debug_macro   0x0000346b       0x16 network.o
 .debug_macro   0x00003481       0x4d network.o
 .debug_macro   0x000034ce       0x25 network.o
 .debug_macro   0x000034f3       0x12 network.o
 .debug_macro   0x00003505       0x16 network.o
 .debug_macro   0x0000351b       0x7c network.o
 .debug_macro   0x00003597       0x22 network.o
 .debug_macro   0x000035b9       0x10 network.o
 .debug_macro   0x000035c9       0x11 network.o
 .debug_macro   0x000035da       0x2e network.o
 .debug_macro   0x00003608       0x2e network.o

.debug_line     0x00000000     0x213b
 .debug_line    0x00000000      0x47b network_data_params.o
 .debug_line    0x0000047b      0x666 stedgeai_app_main.o
 .debug_line    0x00000ae1      0x648 network_data.o
 .debug_line    0x00001129       0xed startup_stm32xx.o
 .debug_line    0x00001216      0xf25 network.o

.debug_str      0x00000000    0x14a0c
 .debug_str     0x00000000     0x7a27 network_data_params.o
                               0x7cd7 (size before relaxing)
 .debug_str     0x00007a27     0x379b stedgeai_app_main.o
                               0xb3ee (size before relaxing)
 .debug_str     0x0000b1c2     0x42d9 network_data.o
                               0xead2 (size before relaxing)
 .debug_str     0x0000f49b       0xab startup_stm32xx.o
                                 0xfd (size before relaxing)
 .debug_str     0x0000f546     0x54c6 network.o
                              0x14392 (size before relaxing)

.comment        0x00000000       0x86
 .comment       0x00000000       0x43 network_data_params.o
                                 0x44 (size before relaxing)
 .comment       0x00000043       0x44 stedgeai_app_main.o
 .comment       0x00000043       0x44 network_data.o
 .comment       0x00000043       0x44 network.o
 .comment       0x00000043       0x43 /home/docker/STM32Cube/Repository/Packs/STMicroelectronics/X-CUBE-AI/2.0.0/Middlewares/ST/AI/Lib/GCC/ARMCortexM7/NetworkRuntime1000_CM7_GCC.a(ai_platform.o)
                                 0x44 (size before relaxing)
 .comment       0x00000086       0x44 /home/docker/STM32Cube/Repository/Packs/STMicroelectronics/X-CUBE-AI/2.0.0/Middlewares/ST/AI/Lib/GCC/ARMCortexM7/NetworkRuntime1000_CM7_GCC.a(ai_platform_interface.o)
 .comment       0x00000086       0x44 /home/docker/STM32Cube/Repository/Packs/STMicroelectronics/X-CUBE-AI/2.0.0/Middlewares/ST/AI/Lib/GCC/ARMCortexM7/NetworkRuntime1000_CM7_GCC.a(core_common.o)
 .comment       0x00000086       0x44 /home/docker/STM32Cube/Repository/Packs/STMicroelectronics/X-CUBE-AI/2.0.0/Middlewares/ST/AI/Lib/GCC/ARMCortexM7/NetworkRuntime1000_CM7_GCC.a(layers.o)
 .comment       0x00000086       0x44 /home/docker/STM32Cube/Repository/Packs/STMicroelectronics/X-CUBE-AI/2.0.0/Middlewares/ST/AI/Lib/GCC/ARMCortexM7/NetworkRuntime1000_CM7_GCC.a(layers_conv2d_sssa8_ch.o)
 .comment       0x00000086       0x44 /home/docker/STM32Cube/Repository/Packs/STMicroelectronics/X-CUBE-AI/2.0.0/Middlewares/ST/AI/Lib/GCC/ARMCortexM7/NetworkRuntime1000_CM7_GCC.a(layers_conv2d_stm32_integer.o)
 .comment       0x00000086       0x44 /home/docker/STM32Cube/Repository/Packs/STMicroelectronics/X-CUBE-AI/2.0.0/Middlewares/ST/AI/Lib/GCC/ARMCortexM7/NetworkRuntime1000_CM7_GCC.a(layers_nl_stm32_integer.o)
 .comment       0x00000086       0x44 /home/docker/STM32Cube/Repository/Packs/STMicroelectronics/X-CUBE-AI/2.0.0/Middlewares/ST/AI/Lib/GCC/ARMCortexM7/NetworkRuntime1000_CM7_GCC.a(layers_pool_stm32_integer.o)
 .comment       0x00000086       0x44 /home/docker/STM32Cube/Repository/Packs/STMicroelectronics/X-CUBE-AI/2.0.0/Middlewares/ST/AI/Lib/GCC/ARMCortexM7/NetworkRuntime1000_CM7_GCC.a(forward_lite_maxpool_is8os8_scalepos.o)
 .comment       0x00000086       0x44 /home/docker/STM32Cube/Repository/Packs/STMicroelectronics/X-CUBE-AI/2.0.0/Middlewares/ST/AI/Lib/GCC/ARMCortexM7/NetworkRuntime1000_CM7_GCC.a(forward_lite_conv2d_sssa8_ch.o)
 .comment       0x00000086       0x44 /home/docker/STM32Cube/Repository/Packs/STMicroelectronics/X-CUBE-AI/2.0.0/Middlewares/ST/AI/Lib/GCC/ARMCortexM7/NetworkRuntime1000_CM7_GCC.a(forward_lite_maxpool_is8os8.o)
 .comment       0x00000086       0x44 /home/docker/STM32Cube/Repository/Packs/STMicroelectronics/X-CUBE-AI/2.0.0/Middlewares/ST/AI/Lib/GCC/ARMCortexM7/NetworkRuntime1000_CM7_GCC.a(lite_nl_generic_integer.o)
 .comment       0x00000086       0x44 /home/docker/STM32Cube/Repository/Packs/STMicroelectronics/X-CUBE-AI/2.0.0/Middlewares/ST/AI/Lib/GCC/ARMCortexM7/NetworkRuntime1000_CM7_GCC.a(st_align_factor.o)
 .comment       0x00000086       0x44 /home/docker/STM32Cube/Repository/Packs/STMicroelectronics/X-CUBE-AI/2.0.0/Middlewares/ST/AI/Lib/GCC/ARMCortexM7/NetworkRuntime1000_CM7_GCC.a(st_int8_to16_no_shift.o)
 .comment       0x00000086       0x44 /home/docker/STM32Cube/Repository/Packs/STMicroelectronics/X-CUBE-AI/2.0.0/Middlewares/ST/AI/Lib/GCC/ARMCortexM7/NetworkRuntime1000_CM7_GCC.a(st_padding_opt.o)
 .comment       0x00000086       0x44 /home/docker/STM32Cube/Repository/Packs/STMicroelectronics/X-CUBE-AI/2.0.0/Middlewares/ST/AI/Lib/GCC/ARMCortexM7/NetworkRuntime1000_CM7_GCC.a(st_int16_fill.o)
 .comment       0x00000086       0x44 /home/docker/STM32Cube/Repository/Packs/STMicroelectronics/X-CUBE-AI/2.0.0/Middlewares/ST/AI/Lib/GCC/ARMCortexM7/NetworkRuntime1000_CM7_GCC.a(st_sssa8_ch_convolve.o)
 .comment       0x00000086       0x44 /home/docker/STM32Cube/Repository/Packs/STMicroelectronics/X-CUBE-AI/2.0.0/Middlewares/ST/AI/Lib/GCC/ARMCortexM7/NetworkRuntime1000_CM7_GCC.a(st_sssa8_ch_dense.o)
 .comment       0x00000086       0x44 /home/docker/STM32Cube/Repository/Packs/STMicroelectronics/X-CUBE-AI/2.0.0/Middlewares/ST/AI/Lib/GCC/ARMCortexM7/NetworkRuntime1000_CM7_GCC.a(st_int8_fill.o)
 .comment       0x00000086       0x44 /home/docker/STM32Cube/Repository/Packs/STMicroelectronics/X-CUBE-AI/2.0.0/Middlewares/ST/AI/Lib/GCC/ARMCortexM7/NetworkRuntime1000_CM7_GCC.a(st_int8_reordered_no_shift.o)
 .comment       0x00000086       0x44 /home/docker/STM32Cube/Repository/Packs/STMicroelectronics/X-CUBE-AI/2.0.0/Middlewares/ST/AI/Lib/GCC/ARMCortexM7/NetworkRuntime1000_CM7_GCC.a(st_sssa8_ch_nn_mat_mult_kernel_single_opt.o)
 .comment       0x00000086       0x44 /home/docker/STM32Cube/Repository/Packs/STMicroelectronics/X-CUBE-AI/2.0.0/Middlewares/ST/AI/Lib/GCC/ARMCortexM7/NetworkRuntime1000_CM7_GCC.a(ai_datatypes_format.o)
 .comment       0x00000086       0x44 /home/docker/STM32Cube/Repository/Packs/STMicroelectronics/X-CUBE-AI/2.0.0/Middlewares/ST/AI/Lib/GCC/ARMCortexM7/NetworkRuntime1000_CM7_GCC.a(ai_datatypes_internal.o)
 .comment       0x00000086       0x44 /home/docker/STM32Cube/Repository/Packs/STMicroelectronics/X-CUBE-AI/2.0.0/Middlewares/ST/AI/Lib/GCC/ARMCortexM7/NetworkRuntime1000_CM7_GCC.a(core_utils.o)
 .comment       0x00000086       0x44 /home/docker/STM32Cube/Repository/Packs/STMicroelectronics/X-CUBE-AI/2.0.0/Middlewares/ST/AI/Lib/GCC/ARMCortexM7/NetworkRuntime1000_CM7_GCC.a(lite_nl_softmax_is8os8.o)
 .comment       0x00000086       0x44 /home/docker/STM32Cube/Repository/Packs/STMicroelectronics/X-CUBE-AI/2.0.0/Middlewares/ST/AI/Lib/GCC/ARMCortexM7/NetworkRuntime1000_CM7_GCC.a(lite_nl_softmax_iu8ou8.o)

.debug_ranges   0x00000000      0x138
 .debug_ranges  0x00000000       0x30 stedgeai_app_main.o
 .debug_ranges  0x00000030       0x28 network_data.o
 .debug_ranges  0x00000058       0x20 startup_stm32xx.o
 .debug_ranges  0x00000078       0xc0 network.o

.debug_frame    0x00000000      0x23c
 .debug_frame   0x00000000       0x7c stedgeai_app_main.o
 .debug_frame   0x0000007c       0x70 network_data.o
 .debug_frame   0x000000ec      0x124 network.o
 .debug_frame   0x00000210       0x2c /opt/st/stm32cubeide_1.15.0/plugins/com.st.stm32cube.ide.mcu.externaltools.gnu-tools-for-stm32.12.3.rel1.linux64_1.0.100.202403111256/tools/bin/../lib/gcc/arm-none-eabi/12.3.1/../../../../arm-none-eabi/lib/thumb/v7e-m+fp/hard/libc_nano.a(libc_a-init.o)

.debug_loc      0x00000000      0x753
 .debug_loc     0x00000000      0x1a8 network_data.o
 .debug_loc     0x000001a8      0x5ab network.o

Cross Reference Table

Symbol                                            File
BusFault_Handler                                  startup_stm32xx.o
DebugMon_Handler                                  startup_stm32xx.o
Default_Handler                                   startup_stm32xx.o
HardFault_Handler                                 startup_stm32xx.o
MemManage_Handler                                 startup_stm32xx.o
NMI_Handler                                       startup_stm32xx.o
PendSV_Handler                                    startup_stm32xx.o
Reset_Handler                                     startup_stm32xx.o
SVC_Handler                                       startup_stm32xx.o
SysTick_Handler                                   startup_stm32xx.o
SystemInit                                        stedgeai_app_main.o
                                                  startup_stm32xx.o
UsageFault_Handler                                startup_stm32xx.o
_Min_Stack_Size                                   sysmem.o
__adddf3                                          /opt/st/stm32cubeide_1.15.0/plugins/com.st.stm32cube.ide.mcu.externaltools.gnu-tools-for-stm32.12.3.rel1.linux64_1.0.100.202403111256/tools/bin/../lib/gcc/arm-none-eabi/12.3.1/thumb/v7e-m+fp/hard/libgcc.a(_arm_addsubdf3.o)
__aeabi_d2uiz                                     /opt/st/stm32cubeide_1.15.0/plugins/com.st.stm32cube.ide.mcu.externaltools.gnu-tools-for-stm32.12.3.rel1.linux64_1.0.100.202403111256/tools/bin/../lib/gcc/arm-none-eabi/12.3.1/thumb/v7e-m+fp/hard/libgcc.a(_arm_fixunsdfsi.o)
                                                  /opt/st/stm32cubeide_1.15.0/plugins/com.st.stm32cube.ide.mcu.externaltools.gnu-tools-for-stm32.12.3.rel1.linux64_1.0.100.202403111256/tools/bin/../lib/gcc/arm-none-eabi/12.3.1/thumb/v7e-m+fp/hard/libgcc.a(_fixunssfdi.o)
__aeabi_dadd                                      /opt/st/stm32cubeide_1.15.0/plugins/com.st.stm32cube.ide.mcu.externaltools.gnu-tools-for-stm32.12.3.rel1.linux64_1.0.100.202403111256/tools/bin/../lib/gcc/arm-none-eabi/12.3.1/thumb/v7e-m+fp/hard/libgcc.a(_arm_addsubdf3.o)
__aeabi_dmul                                      /opt/st/stm32cubeide_1.15.0/plugins/com.st.stm32cube.ide.mcu.externaltools.gnu-tools-for-stm32.12.3.rel1.linux64_1.0.100.202403111256/tools/bin/../lib/gcc/arm-none-eabi/12.3.1/thumb/v7e-m+fp/hard/libgcc.a(_arm_muldf3.o)
                                                  /opt/st/stm32cubeide_1.15.0/plugins/com.st.stm32cube.ide.mcu.externaltools.gnu-tools-for-stm32.12.3.rel1.linux64_1.0.100.202403111256/tools/bin/../lib/gcc/arm-none-eabi/12.3.1/thumb/v7e-m+fp/hard/libgcc.a(_fixunssfdi.o)
__aeabi_drsub                                     /opt/st/stm32cubeide_1.15.0/plugins/com.st.stm32cube.ide.mcu.externaltools.gnu-tools-for-stm32.12.3.rel1.linux64_1.0.100.202403111256/tools/bin/../lib/gcc/arm-none-eabi/12.3.1/thumb/v7e-m+fp/hard/libgcc.a(_arm_addsubdf3.o)
__aeabi_dsub                                      /opt/st/stm32cubeide_1.15.0/plugins/com.st.stm32cube.ide.mcu.externaltools.gnu-tools-for-stm32.12.3.rel1.linux64_1.0.100.202403111256/tools/bin/../lib/gcc/arm-none-eabi/12.3.1/thumb/v7e-m+fp/hard/libgcc.a(_arm_addsubdf3.o)
                                                  /opt/st/stm32cubeide_1.15.0/plugins/com.st.stm32cube.ide.mcu.externaltools.gnu-tools-for-stm32.12.3.rel1.linux64_1.0.100.202403111256/tools/bin/../lib/gcc/arm-none-eabi/12.3.1/thumb/v7e-m+fp/hard/libgcc.a(_fixunssfdi.o)
__aeabi_f2d                                       /opt/st/stm32cubeide_1.15.0/plugins/com.st.stm32cube.ide.mcu.externaltools.gnu-tools-for-stm32.12.3.rel1.linux64_1.0.100.202403111256/tools/bin/../lib/gcc/arm-none-eabi/12.3.1/thumb/v7e-m+fp/hard/libgcc.a(_arm_addsubdf3.o)
                                                  /opt/st/stm32cubeide_1.15.0/plugins/com.st.stm32cube.ide.mcu.externaltools.gnu-tools-for-stm32.12.3.rel1.linux64_1.0.100.202403111256/tools/bin/../lib/gcc/arm-none-eabi/12.3.1/thumb/v7e-m+fp/hard/libgcc.a(_fixunssfdi.o)
__aeabi_f2lz                                      /opt/st/stm32cubeide_1.15.0/plugins/com.st.stm32cube.ide.mcu.externaltools.gnu-tools-for-stm32.12.3.rel1.linux64_1.0.100.202403111256/tools/bin/../lib/gcc/arm-none-eabi/12.3.1/thumb/v7e-m+fp/hard/libgcc.a(_fixsfdi.o)
                                                  /home/docker/STM32Cube/Repository/Packs/STMicroelectronics/X-CUBE-AI/2.0.0/Middlewares/ST/AI/Lib/GCC/ARMCortexM7/NetworkRuntime1000_CM7_GCC.a(st_align_factor.o)
__aeabi_f2ulz                                     /opt/st/stm32cubeide_1.15.0/plugins/com.st.stm32cube.ide.mcu.externaltools.gnu-tools-for-stm32.12.3.rel1.linux64_1.0.100.202403111256/tools/bin/../lib/gcc/arm-none-eabi/12.3.1/thumb/v7e-m+fp/hard/libgcc.a(_fixunssfdi.o)
                                                  /opt/st/stm32cubeide_1.15.0/plugins/com.st.stm32cube.ide.mcu.externaltools.gnu-tools-for-stm32.12.3.rel1.linux64_1.0.100.202403111256/tools/bin/../lib/gcc/arm-none-eabi/12.3.1/thumb/v7e-m+fp/hard/libgcc.a(_fixsfdi.o)
__aeabi_i2d                                       /opt/st/stm32cubeide_1.15.0/plugins/com.st.stm32cube.ide.mcu.externaltools.gnu-tools-for-stm32.12.3.rel1.linux64_1.0.100.202403111256/tools/bin/../lib/gcc/arm-none-eabi/12.3.1/thumb/v7e-m+fp/hard/libgcc.a(_arm_addsubdf3.o)
__aeabi_l2d                                       /opt/st/stm32cubeide_1.15.0/plugins/com.st.stm32cube.ide.mcu.externaltools.gnu-tools-for-stm32.12.3.rel1.linux64_1.0.100.202403111256/tools/bin/../lib/gcc/arm-none-eabi/12.3.1/thumb/v7e-m+fp/hard/libgcc.a(_arm_addsubdf3.o)
__aeabi_ui2d                                      /opt/st/stm32cubeide_1.15.0/plugins/com.st.stm32cube.ide.mcu.externaltools.gnu-tools-for-stm32.12.3.rel1.linux64_1.0.100.202403111256/tools/bin/../lib/gcc/arm-none-eabi/12.3.1/thumb/v7e-m+fp/hard/libgcc.a(_arm_addsubdf3.o)
                                                  /opt/st/stm32cubeide_1.15.0/plugins/com.st.stm32cube.ide.mcu.externaltools.gnu-tools-for-stm32.12.3.rel1.linux64_1.0.100.202403111256/tools/bin/../lib/gcc/arm-none-eabi/12.3.1/thumb/v7e-m+fp/hard/libgcc.a(_fixunssfdi.o)
__aeabi_ul2d                                      /opt/st/stm32cubeide_1.15.0/plugins/com.st.stm32cube.ide.mcu.externaltools.gnu-tools-for-stm32.12.3.rel1.linux64_1.0.100.202403111256/tools/bin/../lib/gcc/arm-none-eabi/12.3.1/thumb/v7e-m+fp/hard/libgcc.a(_arm_addsubdf3.o)
__bss_end__                                       /opt/st/stm32cubeide_1.15.0/plugins/com.st.stm32cube.ide.mcu.externaltools.gnu-tools-for-stm32.12.3.rel1.linux64_1.0.100.202403111256/tools/bin/../lib/gcc/arm-none-eabi/12.3.1/../../../../arm-none-eabi/lib/thumb/v7e-m+fp/hard/crt0.o
__bss_start__                                     /opt/st/stm32cubeide_1.15.0/plugins/com.st.stm32cube.ide.mcu.externaltools.gnu-tools-for-stm32.12.3.rel1.linux64_1.0.100.202403111256/tools/bin/../lib/gcc/arm-none-eabi/12.3.1/../../../../arm-none-eabi/lib/thumb/v7e-m+fp/hard/crt0.o
__call_exitprocs                                  /opt/st/stm32cubeide_1.15.0/plugins/com.st.stm32cube.ide.mcu.externaltools.gnu-tools-for-stm32.12.3.rel1.linux64_1.0.100.202403111256/tools/bin/../lib/gcc/arm-none-eabi/12.3.1/../../../../arm-none-eabi/lib/thumb/v7e-m+fp/hard/libc_nano.a(libc_a-exit.o)
__deregister_frame_info                           /opt/st/stm32cubeide_1.15.0/plugins/com.st.stm32cube.ide.mcu.externaltools.gnu-tools-for-stm32.12.3.rel1.linux64_1.0.100.202403111256/tools/bin/../lib/gcc/arm-none-eabi/12.3.1/thumb/v7e-m+fp/hard/crtbegin.o
__dso_handle                                      /opt/st/stm32cubeide_1.15.0/plugins/com.st.stm32cube.ide.mcu.externaltools.gnu-tools-for-stm32.12.3.rel1.linux64_1.0.100.202403111256/tools/bin/../lib/gcc/arm-none-eabi/12.3.1/thumb/v7e-m+fp/hard/crtbegin.o
__env                                             syscalls.o
__errno                                           /opt/st/stm32cubeide_1.15.0/plugins/com.st.stm32cube.ide.mcu.externaltools.gnu-tools-for-stm32.12.3.rel1.linux64_1.0.100.202403111256/tools/bin/../lib/gcc/arm-none-eabi/12.3.1/../../../../arm-none-eabi/lib/thumb/v7e-m+fp/hard/libc_nano.a(libc_a-errno.o)
                                                  sysmem.o
                                                  syscalls.o
__extendsfdf2                                     /opt/st/stm32cubeide_1.15.0/plugins/com.st.stm32cube.ide.mcu.externaltools.gnu-tools-for-stm32.12.3.rel1.linux64_1.0.100.202403111256/tools/bin/../lib/gcc/arm-none-eabi/12.3.1/thumb/v7e-m+fp/hard/libgcc.a(_arm_addsubdf3.o)
__fixsfdi                                         /opt/st/stm32cubeide_1.15.0/plugins/com.st.stm32cube.ide.mcu.externaltools.gnu-tools-for-stm32.12.3.rel1.linux64_1.0.100.202403111256/tools/bin/../lib/gcc/arm-none-eabi/12.3.1/thumb/v7e-m+fp/hard/libgcc.a(_fixsfdi.o)
__fixunsdfsi                                      /opt/st/stm32cubeide_1.15.0/plugins/com.st.stm32cube.ide.mcu.externaltools.gnu-tools-for-stm32.12.3.rel1.linux64_1.0.100.202403111256/tools/bin/../lib/gcc/arm-none-eabi/12.3.1/thumb/v7e-m+fp/hard/libgcc.a(_arm_fixunsdfsi.o)
__fixunssfdi                                      /opt/st/stm32cubeide_1.15.0/plugins/com.st.stm32cube.ide.mcu.externaltools.gnu-tools-for-stm32.12.3.rel1.linux64_1.0.100.202403111256/tools/bin/../lib/gcc/arm-none-eabi/12.3.1/thumb/v7e-m+fp/hard/libgcc.a(_fixunssfdi.o)
__floatdidf                                       /opt/st/stm32cubeide_1.15.0/plugins/com.st.stm32cube.ide.mcu.externaltools.gnu-tools-for-stm32.12.3.rel1.linux64_1.0.100.202403111256/tools/bin/../lib/gcc/arm-none-eabi/12.3.1/thumb/v7e-m+fp/hard/libgcc.a(_arm_addsubdf3.o)
__floatsidf                                       /opt/st/stm32cubeide_1.15.0/plugins/com.st.stm32cube.ide.mcu.externaltools.gnu-tools-for-stm32.12.3.rel1.linux64_1.0.100.202403111256/tools/bin/../lib/gcc/arm-none-eabi/12.3.1/thumb/v7e-m+fp/hard/libgcc.a(_arm_addsubdf3.o)
__floatundidf                                     /opt/st/stm32cubeide_1.15.0/plugins/com.st.stm32cube.ide.mcu.externaltools.gnu-tools-for-stm32.12.3.rel1.linux64_1.0.100.202403111256/tools/bin/../lib/gcc/arm-none-eabi/12.3.1/thumb/v7e-m+fp/hard/libgcc.a(_arm_addsubdf3.o)
__floatunsidf                                     /opt/st/stm32cubeide_1.15.0/plugins/com.st.stm32cube.ide.mcu.externaltools.gnu-tools-for-stm32.12.3.rel1.linux64_1.0.100.202403111256/tools/bin/../lib/gcc/arm-none-eabi/12.3.1/thumb/v7e-m+fp/hard/libgcc.a(_arm_addsubdf3.o)
__fp_lock_all                                     /opt/st/stm32cubeide_1.15.0/plugins/com.st.stm32cube.ide.mcu.externaltools.gnu-tools-for-stm32.12.3.rel1.linux64_1.0.100.202403111256/tools/bin/../lib/gcc/arm-none-eabi/12.3.1/../../../../arm-none-eabi/lib/thumb/v7e-m+fp/hard/libc_nano.a(libc_a-findfp.o)
__fp_unlock_all                                   /opt/st/stm32cubeide_1.15.0/plugins/com.st.stm32cube.ide.mcu.externaltools.gnu-tools-for-stm32.12.3.rel1.linux64_1.0.100.202403111256/tools/bin/../lib/gcc/arm-none-eabi/12.3.1/../../../../arm-none-eabi/lib/thumb/v7e-m+fp/hard/libc_nano.a(libc_a-findfp.o)
__init_array_end                                  /opt/st/stm32cubeide_1.15.0/plugins/com.st.stm32cube.ide.mcu.externaltools.gnu-tools-for-stm32.12.3.rel1.linux64_1.0.100.202403111256/tools/bin/../lib/gcc/arm-none-eabi/12.3.1/../../../../arm-none-eabi/lib/thumb/v7e-m+fp/hard/libc_nano.a(libc_a-init.o)
__init_array_start                                /opt/st/stm32cubeide_1.15.0/plugins/com.st.stm32cube.ide.mcu.externaltools.gnu-tools-for-stm32.12.3.rel1.linux64_1.0.100.202403111256/tools/bin/../lib/gcc/arm-none-eabi/12.3.1/../../../../arm-none-eabi/lib/thumb/v7e-m+fp/hard/libc_nano.a(libc_a-init.o)
__io_getchar                                      syscalls.o
__io_putchar                                      syscalls.o
__libc_fini_array                                 /opt/st/stm32cubeide_1.15.0/plugins/com.st.stm32cube.ide.mcu.externaltools.gnu-tools-for-stm32.12.3.rel1.linux64_1.0.100.202403111256/tools/bin/../lib/gcc/arm-none-eabi/12.3.1/../../../../arm-none-eabi/lib/thumb/v7e-m+fp/hard/crt0.o
__libc_init_array                                 /opt/st/stm32cubeide_1.15.0/plugins/com.st.stm32cube.ide.mcu.externaltools.gnu-tools-for-stm32.12.3.rel1.linux64_1.0.100.202403111256/tools/bin/../lib/gcc/arm-none-eabi/12.3.1/../../../../arm-none-eabi/lib/thumb/v7e-m+fp/hard/libc_nano.a(libc_a-init.o)
                                                  startup_stm32xx.o
                                                  /opt/st/stm32cubeide_1.15.0/plugins/com.st.stm32cube.ide.mcu.externaltools.gnu-tools-for-stm32.12.3.rel1.linux64_1.0.100.202403111256/tools/bin/../lib/gcc/arm-none-eabi/12.3.1/../../../../arm-none-eabi/lib/thumb/v7e-m+fp/hard/crt0.o
__lock___arc4random_mutex                         /opt/st/stm32cubeide_1.15.0/plugins/com.st.stm32cube.ide.mcu.externaltools.gnu-tools-for-stm32.12.3.rel1.linux64_1.0.100.202403111256/tools/bin/../lib/gcc/arm-none-eabi/12.3.1/../../../../arm-none-eabi/lib/thumb/v7e-m+fp/hard/libc_nano.a(libc_a-lock.o)
__lock___at_quick_exit_mutex                      /opt/st/stm32cubeide_1.15.0/plugins/com.st.stm32cube.ide.mcu.externaltools.gnu-tools-for-stm32.12.3.rel1.linux64_1.0.100.202403111256/tools/bin/../lib/gcc/arm-none-eabi/12.3.1/../../../../arm-none-eabi/lib/thumb/v7e-m+fp/hard/libc_nano.a(libc_a-lock.o)
__lock___atexit_recursive_mutex                   /opt/st/stm32cubeide_1.15.0/plugins/com.st.stm32cube.ide.mcu.externaltools.gnu-tools-for-stm32.12.3.rel1.linux64_1.0.100.202403111256/tools/bin/../lib/gcc/arm-none-eabi/12.3.1/../../../../arm-none-eabi/lib/thumb/v7e-m+fp/hard/libc_nano.a(libc_a-lock.o)
__lock___dd_hash_mutex                            /opt/st/stm32cubeide_1.15.0/plugins/com.st.stm32cube.ide.mcu.externaltools.gnu-tools-for-stm32.12.3.rel1.linux64_1.0.100.202403111256/tools/bin/../lib/gcc/arm-none-eabi/12.3.1/../../../../arm-none-eabi/lib/thumb/v7e-m+fp/hard/libc_nano.a(libc_a-lock.o)
__lock___env_recursive_mutex                      /opt/st/stm32cubeide_1.15.0/plugins/com.st.stm32cube.ide.mcu.externaltools.gnu-tools-for-stm32.12.3.rel1.linux64_1.0.100.202403111256/tools/bin/../lib/gcc/arm-none-eabi/12.3.1/../../../../arm-none-eabi/lib/thumb/v7e-m+fp/hard/libc_nano.a(libc_a-lock.o)
__lock___malloc_recursive_mutex                   /opt/st/stm32cubeide_1.15.0/plugins/com.st.stm32cube.ide.mcu.externaltools.gnu-tools-for-stm32.12.3.rel1.linux64_1.0.100.202403111256/tools/bin/../lib/gcc/arm-none-eabi/12.3.1/../../../../arm-none-eabi/lib/thumb/v7e-m+fp/hard/libc_nano.a(libc_a-lock.o)
                                                  /opt/st/stm32cubeide_1.15.0/plugins/com.st.stm32cube.ide.mcu.externaltools.gnu-tools-for-stm32.12.3.rel1.linux64_1.0.100.202403111256/tools/bin/../lib/gcc/arm-none-eabi/12.3.1/../../../../arm-none-eabi/lib/thumb/v7e-m+fp/hard/libc_nano.a(libc_a-mlock.o)
__lock___sfp_recursive_mutex                      /opt/st/stm32cubeide_1.15.0/plugins/com.st.stm32cube.ide.mcu.externaltools.gnu-tools-for-stm32.12.3.rel1.linux64_1.0.100.202403111256/tools/bin/../lib/gcc/arm-none-eabi/12.3.1/../../../../arm-none-eabi/lib/thumb/v7e-m+fp/hard/libc_nano.a(libc_a-lock.o)
                                                  /opt/st/stm32cubeide_1.15.0/plugins/com.st.stm32cube.ide.mcu.externaltools.gnu-tools-for-stm32.12.3.rel1.linux64_1.0.100.202403111256/tools/bin/../lib/gcc/arm-none-eabi/12.3.1/../../../../arm-none-eabi/lib/thumb/v7e-m+fp/hard/libc_nano.a(libc_a-findfp.o)
__lock___tz_mutex                                 /opt/st/stm32cubeide_1.15.0/plugins/com.st.stm32cube.ide.mcu.externaltools.gnu-tools-for-stm32.12.3.rel1.linux64_1.0.100.202403111256/tools/bin/../lib/gcc/arm-none-eabi/12.3.1/../../../../arm-none-eabi/lib/thumb/v7e-m+fp/hard/libc_nano.a(libc_a-lock.o)
__malloc_free_list                                /opt/st/stm32cubeide_1.15.0/plugins/com.st.stm32cube.ide.mcu.externaltools.gnu-tools-for-stm32.12.3.rel1.linux64_1.0.100.202403111256/tools/bin/../lib/gcc/arm-none-eabi/12.3.1/../../../../arm-none-eabi/lib/thumb/v7e-m+fp/hard/libc_nano.a(libc_a-mallocr.o)
                                                  /opt/st/stm32cubeide_1.15.0/plugins/com.st.stm32cube.ide.mcu.externaltools.gnu-tools-for-stm32.12.3.rel1.linux64_1.0.100.202403111256/tools/bin/../lib/gcc/arm-none-eabi/12.3.1/../../../../arm-none-eabi/lib/thumb/v7e-m+fp/hard/libc_nano.a(libc_a-freer.o)
__malloc_lock                                     /opt/st/stm32cubeide_1.15.0/plugins/com.st.stm32cube.ide.mcu.externaltools.gnu-tools-for-stm32.12.3.rel1.linux64_1.0.100.202403111256/tools/bin/../lib/gcc/arm-none-eabi/12.3.1/../../../../arm-none-eabi/lib/thumb/v7e-m+fp/hard/libc_nano.a(libc_a-mlock.o)
                                                  /opt/st/stm32cubeide_1.15.0/plugins/com.st.stm32cube.ide.mcu.externaltools.gnu-tools-for-stm32.12.3.rel1.linux64_1.0.100.202403111256/tools/bin/../lib/gcc/arm-none-eabi/12.3.1/../../../../arm-none-eabi/lib/thumb/v7e-m+fp/hard/libc_nano.a(libc_a-freer.o)
                                                  /opt/st/stm32cubeide_1.15.0/plugins/com.st.stm32cube.ide.mcu.externaltools.gnu-tools-for-stm32.12.3.rel1.linux64_1.0.100.202403111256/tools/bin/../lib/gcc/arm-none-eabi/12.3.1/../../../../arm-none-eabi/lib/thumb/v7e-m+fp/hard/libc_nano.a(libc_a-mallocr.o)
__malloc_sbrk_start                               /opt/st/stm32cubeide_1.15.0/plugins/com.st.stm32cube.ide.mcu.externaltools.gnu-tools-for-stm32.12.3.rel1.linux64_1.0.100.202403111256/tools/bin/../lib/gcc/arm-none-eabi/12.3.1/../../../../arm-none-eabi/lib/thumb/v7e-m+fp/hard/libc_nano.a(libc_a-mallocr.o)
__malloc_unlock                                   /opt/st/stm32cubeide_1.15.0/plugins/com.st.stm32cube.ide.mcu.externaltools.gnu-tools-for-stm32.12.3.rel1.linux64_1.0.100.202403111256/tools/bin/../lib/gcc/arm-none-eabi/12.3.1/../../../../arm-none-eabi/lib/thumb/v7e-m+fp/hard/libc_nano.a(libc_a-mlock.o)
                                                  /opt/st/stm32cubeide_1.15.0/plugins/com.st.stm32cube.ide.mcu.externaltools.gnu-tools-for-stm32.12.3.rel1.linux64_1.0.100.202403111256/tools/bin/../lib/gcc/arm-none-eabi/12.3.1/../../../../arm-none-eabi/lib/thumb/v7e-m+fp/hard/libc_nano.a(libc_a-freer.o)
                                                  /opt/st/stm32cubeide_1.15.0/plugins/com.st.stm32cube.ide.mcu.externaltools.gnu-tools-for-stm32.12.3.rel1.linux64_1.0.100.202403111256/tools/bin/../lib/gcc/arm-none-eabi/12.3.1/../../../../arm-none-eabi/lib/thumb/v7e-m+fp/hard/libc_nano.a(libc_a-mallocr.o)
__muldf3                                          /opt/st/stm32cubeide_1.15.0/plugins/com.st.stm32cube.ide.mcu.externaltools.gnu-tools-for-stm32.12.3.rel1.linux64_1.0.100.202403111256/tools/bin/../lib/gcc/arm-none-eabi/12.3.1/thumb/v7e-m+fp/hard/libgcc.a(_arm_muldf3.o)
__preinit_array_end                               /opt/st/stm32cubeide_1.15.0/plugins/com.st.stm32cube.ide.mcu.externaltools.gnu-tools-for-stm32.12.3.rel1.linux64_1.0.100.202403111256/tools/bin/../lib/gcc/arm-none-eabi/12.3.1/../../../../arm-none-eabi/lib/thumb/v7e-m+fp/hard/libc_nano.a(libc_a-init.o)
__preinit_array_start                             /opt/st/stm32cubeide_1.15.0/plugins/com.st.stm32cube.ide.mcu.externaltools.gnu-tools-for-stm32.12.3.rel1.linux64_1.0.100.202403111256/tools/bin/../lib/gcc/arm-none-eabi/12.3.1/../../../../arm-none-eabi/lib/thumb/v7e-m+fp/hard/libc_nano.a(libc_a-init.o)
__register_frame_info                             /opt/st/stm32cubeide_1.15.0/plugins/com.st.stm32cube.ide.mcu.externaltools.gnu-tools-for-stm32.12.3.rel1.linux64_1.0.100.202403111256/tools/bin/../lib/gcc/arm-none-eabi/12.3.1/thumb/v7e-m+fp/hard/crtbegin.o
__retarget_lock_acquire                           /opt/st/stm32cubeide_1.15.0/plugins/com.st.stm32cube.ide.mcu.externaltools.gnu-tools-for-stm32.12.3.rel1.linux64_1.0.100.202403111256/tools/bin/../lib/gcc/arm-none-eabi/12.3.1/../../../../arm-none-eabi/lib/thumb/v7e-m+fp/hard/libc_nano.a(libc_a-lock.o)
__retarget_lock_acquire_recursive                 /opt/st/stm32cubeide_1.15.0/plugins/com.st.stm32cube.ide.mcu.externaltools.gnu-tools-for-stm32.12.3.rel1.linux64_1.0.100.202403111256/tools/bin/../lib/gcc/arm-none-eabi/12.3.1/../../../../arm-none-eabi/lib/thumb/v7e-m+fp/hard/libc_nano.a(libc_a-lock.o)
                                                  /opt/st/stm32cubeide_1.15.0/plugins/com.st.stm32cube.ide.mcu.externaltools.gnu-tools-for-stm32.12.3.rel1.linux64_1.0.100.202403111256/tools/bin/../lib/gcc/arm-none-eabi/12.3.1/../../../../arm-none-eabi/lib/thumb/v7e-m+fp/hard/libc_nano.a(libc_a-fflush.o)
                                                  /opt/st/stm32cubeide_1.15.0/plugins/com.st.stm32cube.ide.mcu.externaltools.gnu-tools-for-stm32.12.3.rel1.linux64_1.0.100.202403111256/tools/bin/../lib/gcc/arm-none-eabi/12.3.1/../../../../arm-none-eabi/lib/thumb/v7e-m+fp/hard/libc_nano.a(libc_a-findfp.o)
                                                  /opt/st/stm32cubeide_1.15.0/plugins/com.st.stm32cube.ide.mcu.externaltools.gnu-tools-for-stm32.12.3.rel1.linux64_1.0.100.202403111256/tools/bin/../lib/gcc/arm-none-eabi/12.3.1/../../../../arm-none-eabi/lib/thumb/v7e-m+fp/hard/libc_nano.a(libc_a-mlock.o)
__retarget_lock_close                             /opt/st/stm32cubeide_1.15.0/plugins/com.st.stm32cube.ide.mcu.externaltools.gnu-tools-for-stm32.12.3.rel1.linux64_1.0.100.202403111256/tools/bin/../lib/gcc/arm-none-eabi/12.3.1/../../../../arm-none-eabi/lib/thumb/v7e-m+fp/hard/libc_nano.a(libc_a-lock.o)
__retarget_lock_close_recursive                   /opt/st/stm32cubeide_1.15.0/plugins/com.st.stm32cube.ide.mcu.externaltools.gnu-tools-for-stm32.12.3.rel1.linux64_1.0.100.202403111256/tools/bin/../lib/gcc/arm-none-eabi/12.3.1/../../../../arm-none-eabi/lib/thumb/v7e-m+fp/hard/libc_nano.a(libc_a-lock.o)
__retarget_lock_init                              /opt/st/stm32cubeide_1.15.0/plugins/com.st.stm32cube.ide.mcu.externaltools.gnu-tools-for-stm32.12.3.rel1.linux64_1.0.100.202403111256/tools/bin/../lib/gcc/arm-none-eabi/12.3.1/../../../../arm-none-eabi/lib/thumb/v7e-m+fp/hard/libc_nano.a(libc_a-lock.o)
__retarget_lock_init_recursive                    /opt/st/stm32cubeide_1.15.0/plugins/com.st.stm32cube.ide.mcu.externaltools.gnu-tools-for-stm32.12.3.rel1.linux64_1.0.100.202403111256/tools/bin/../lib/gcc/arm-none-eabi/12.3.1/../../../../arm-none-eabi/lib/thumb/v7e-m+fp/hard/libc_nano.a(libc_a-lock.o)
                                                  /opt/st/stm32cubeide_1.15.0/plugins/com.st.stm32cube.ide.mcu.externaltools.gnu-tools-for-stm32.12.3.rel1.linux64_1.0.100.202403111256/tools/bin/../lib/gcc/arm-none-eabi/12.3.1/../../../../arm-none-eabi/lib/thumb/v7e-m+fp/hard/libc_nano.a(libc_a-findfp.o)
__retarget_lock_release                           /opt/st/stm32cubeide_1.15.0/plugins/com.st.stm32cube.ide.mcu.externaltools.gnu-tools-for-stm32.12.3.rel1.linux64_1.0.100.202403111256/tools/bin/../lib/gcc/arm-none-eabi/12.3.1/../../../../arm-none-eabi/lib/thumb/v7e-m+fp/hard/libc_nano.a(libc_a-lock.o)
__retarget_lock_release_recursive                 /opt/st/stm32cubeide_1.15.0/plugins/com.st.stm32cube.ide.mcu.externaltools.gnu-tools-for-stm32.12.3.rel1.linux64_1.0.100.202403111256/tools/bin/../lib/gcc/arm-none-eabi/12.3.1/../../../../arm-none-eabi/lib/thumb/v7e-m+fp/hard/libc_nano.a(libc_a-lock.o)
                                                  /opt/st/stm32cubeide_1.15.0/plugins/com.st.stm32cube.ide.mcu.externaltools.gnu-tools-for-stm32.12.3.rel1.linux64_1.0.100.202403111256/tools/bin/../lib/gcc/arm-none-eabi/12.3.1/../../../../arm-none-eabi/lib/thumb/v7e-m+fp/hard/libc_nano.a(libc_a-fflush.o)
                                                  /opt/st/stm32cubeide_1.15.0/plugins/com.st.stm32cube.ide.mcu.externaltools.gnu-tools-for-stm32.12.3.rel1.linux64_1.0.100.202403111256/tools/bin/../lib/gcc/arm-none-eabi/12.3.1/../../../../arm-none-eabi/lib/thumb/v7e-m+fp/hard/libc_nano.a(libc_a-findfp.o)
                                                  /opt/st/stm32cubeide_1.15.0/plugins/com.st.stm32cube.ide.mcu.externaltools.gnu-tools-for-stm32.12.3.rel1.linux64_1.0.100.202403111256/tools/bin/../lib/gcc/arm-none-eabi/12.3.1/../../../../arm-none-eabi/lib/thumb/v7e-m+fp/hard/libc_nano.a(libc_a-mlock.o)
__retarget_lock_try_acquire                       /opt/st/stm32cubeide_1.15.0/plugins/com.st.stm32cube.ide.mcu.externaltools.gnu-tools-for-stm32.12.3.rel1.linux64_1.0.100.202403111256/tools/bin/../lib/gcc/arm-none-eabi/12.3.1/../../../../arm-none-eabi/lib/thumb/v7e-m+fp/hard/libc_nano.a(libc_a-lock.o)
__retarget_lock_try_acquire_recursive             /opt/st/stm32cubeide_1.15.0/plugins/com.st.stm32cube.ide.mcu.externaltools.gnu-tools-for-stm32.12.3.rel1.linux64_1.0.100.202403111256/tools/bin/../lib/gcc/arm-none-eabi/12.3.1/../../../../arm-none-eabi/lib/thumb/v7e-m+fp/hard/libc_nano.a(libc_a-lock.o)
__sclose                                          /opt/st/stm32cubeide_1.15.0/plugins/com.st.stm32cube.ide.mcu.externaltools.gnu-tools-for-stm32.12.3.rel1.linux64_1.0.100.202403111256/tools/bin/../lib/gcc/arm-none-eabi/12.3.1/../../../../arm-none-eabi/lib/thumb/v7e-m+fp/hard/libc_nano.a(libc_a-stdio.o)
                                                  /opt/st/stm32cubeide_1.15.0/plugins/com.st.stm32cube.ide.mcu.externaltools.gnu-tools-for-stm32.12.3.rel1.linux64_1.0.100.202403111256/tools/bin/../lib/gcc/arm-none-eabi/12.3.1/../../../../arm-none-eabi/lib/thumb/v7e-m+fp/hard/libc_nano.a(libc_a-findfp.o)
__seofread                                        /opt/st/stm32cubeide_1.15.0/plugins/com.st.stm32cube.ide.mcu.externaltools.gnu-tools-for-stm32.12.3.rel1.linux64_1.0.100.202403111256/tools/bin/../lib/gcc/arm-none-eabi/12.3.1/../../../../arm-none-eabi/lib/thumb/v7e-m+fp/hard/libc_nano.a(libc_a-stdio.o)
__sf                                              /opt/st/stm32cubeide_1.15.0/plugins/com.st.stm32cube.ide.mcu.externaltools.gnu-tools-for-stm32.12.3.rel1.linux64_1.0.100.202403111256/tools/bin/../lib/gcc/arm-none-eabi/12.3.1/../../../../arm-none-eabi/lib/thumb/v7e-m+fp/hard/libc_nano.a(libc_a-findfp.o)
                                                  /opt/st/stm32cubeide_1.15.0/plugins/com.st.stm32cube.ide.mcu.externaltools.gnu-tools-for-stm32.12.3.rel1.linux64_1.0.100.202403111256/tools/bin/../lib/gcc/arm-none-eabi/12.3.1/../../../../arm-none-eabi/lib/thumb/v7e-m+fp/hard/libc_nano.a(libc_a-impure.o)
__sflush_r                                        /opt/st/stm32cubeide_1.15.0/plugins/com.st.stm32cube.ide.mcu.externaltools.gnu-tools-for-stm32.12.3.rel1.linux64_1.0.100.202403111256/tools/bin/../lib/gcc/arm-none-eabi/12.3.1/../../../../arm-none-eabi/lib/thumb/v7e-m+fp/hard/libc_nano.a(libc_a-fflush.o)
__sfp                                             /opt/st/stm32cubeide_1.15.0/plugins/com.st.stm32cube.ide.mcu.externaltools.gnu-tools-for-stm32.12.3.rel1.linux64_1.0.100.202403111256/tools/bin/../lib/gcc/arm-none-eabi/12.3.1/../../../../arm-none-eabi/lib/thumb/v7e-m+fp/hard/libc_nano.a(libc_a-findfp.o)
__sfp_lock_acquire                                /opt/st/stm32cubeide_1.15.0/plugins/com.st.stm32cube.ide.mcu.externaltools.gnu-tools-for-stm32.12.3.rel1.linux64_1.0.100.202403111256/tools/bin/../lib/gcc/arm-none-eabi/12.3.1/../../../../arm-none-eabi/lib/thumb/v7e-m+fp/hard/libc_nano.a(libc_a-findfp.o)
__sfp_lock_release                                /opt/st/stm32cubeide_1.15.0/plugins/com.st.stm32cube.ide.mcu.externaltools.gnu-tools-for-stm32.12.3.rel1.linux64_1.0.100.202403111256/tools/bin/../lib/gcc/arm-none-eabi/12.3.1/../../../../arm-none-eabi/lib/thumb/v7e-m+fp/hard/libc_nano.a(libc_a-findfp.o)
__sglue                                           /opt/st/stm32cubeide_1.15.0/plugins/com.st.stm32cube.ide.mcu.externaltools.gnu-tools-for-stm32.12.3.rel1.linux64_1.0.100.202403111256/tools/bin/../lib/gcc/arm-none-eabi/12.3.1/../../../../arm-none-eabi/lib/thumb/v7e-m+fp/hard/libc_nano.a(libc_a-findfp.o)
                                                  /opt/st/stm32cubeide_1.15.0/plugins/com.st.stm32cube.ide.mcu.externaltools.gnu-tools-for-stm32.12.3.rel1.linux64_1.0.100.202403111256/tools/bin/../lib/gcc/arm-none-eabi/12.3.1/../../../../arm-none-eabi/lib/thumb/v7e-m+fp/hard/libc_nano.a(libc_a-fflush.o)
__sinit                                           /opt/st/stm32cubeide_1.15.0/plugins/com.st.stm32cube.ide.mcu.externaltools.gnu-tools-for-stm32.12.3.rel1.linux64_1.0.100.202403111256/tools/bin/../lib/gcc/arm-none-eabi/12.3.1/../../../../arm-none-eabi/lib/thumb/v7e-m+fp/hard/libc_nano.a(libc_a-findfp.o)
                                                  /opt/st/stm32cubeide_1.15.0/plugins/com.st.stm32cube.ide.mcu.externaltools.gnu-tools-for-stm32.12.3.rel1.linux64_1.0.100.202403111256/tools/bin/../lib/gcc/arm-none-eabi/12.3.1/../../../../arm-none-eabi/lib/thumb/v7e-m+fp/hard/libc_nano.a(libc_a-fflush.o)